Component: ARM Compiler 5.06 update 3 (build 300) Tool: armlink [4d35c9]

==============================================================================

Section Cross References

    startup_stm32f427xx.o(STACK) refers (Special) to heapauxi.o(.text) for __use_two_region_memory
    startup_stm32f427xx.o(HEAP) refers (Special) to heapauxi.o(.text) for __use_two_region_memory
    startup_stm32f427xx.o(RESET) refers (Special) to heapauxi.o(.text) for __use_two_region_memory
    startup_stm32f427xx.o(RESET) refers to startup_stm32f427xx.o(STACK) for __initial_sp
    startup_stm32f427xx.o(RESET) refers to startup_stm32f427xx.o(.text) for Reset_Handler
    startup_stm32f427xx.o(RESET) refers to stm32f4xx_it.o(i.NMI_Handler) for NMI_Handler
    startup_stm32f427xx.o(RESET) refers to stm32f4xx_it.o(i.HardFault_Handler) for HardFault_Handler
    startup_stm32f427xx.o(RESET) refers to stm32f4xx_it.o(i.MemManage_Handler) for MemManage_Handler
    startup_stm32f427xx.o(RESET) refers to stm32f4xx_it.o(i.BusFault_Handler) for BusFault_Handler
    startup_stm32f427xx.o(RESET) refers to stm32f4xx_it.o(i.UsageFault_Handler) for UsageFault_Handler
    startup_stm32f427xx.o(RESET) refers to port.o(.emb_text) for SVC_Handler
    startup_stm32f427xx.o(RESET) refers to stm32f4xx_it.o(i.DebugMon_Handler) for DebugMon_Handler
    startup_stm32f427xx.o(RESET) refers to stm32f4xx_it.o(i.SysTick_Handler) for SysTick_Handler
    startup_stm32f427xx.o(RESET) refers to stm32f4xx_it.o(i.DMA1_Stream1_IRQHandler) for DMA1_Stream1_IRQHandler
    startup_stm32f427xx.o(RESET) refers to stm32f4xx_it.o(i.DMA1_Stream4_IRQHandler) for DMA1_Stream4_IRQHandler
    startup_stm32f427xx.o(RESET) refers to stm32f4xx_it.o(i.CAN1_RX0_IRQHandler) for CAN1_RX0_IRQHandler
    startup_stm32f427xx.o(RESET) refers to stm32f4xx_it.o(i.CAN1_RX1_IRQHandler) for CAN1_RX1_IRQHandler
    startup_stm32f427xx.o(RESET) refers to bsp_uart.o(i.USART1_IRQHandler) for USART1_IRQHandler
    startup_stm32f427xx.o(RESET) refers to referee_task.o(i.USART3_IRQHandler) for USART3_IRQHandler
    startup_stm32f427xx.o(RESET) refers to stm32f4xx_it.o(i.DMA2_Stream1_IRQHandler) for DMA2_Stream1_IRQHandler
    startup_stm32f427xx.o(RESET) refers to stm32f4xx_it.o(i.DMA2_Stream2_IRQHandler) for DMA2_Stream2_IRQHandler
    startup_stm32f427xx.o(RESET) refers to stm32f4xx_it.o(i.CAN2_RX0_IRQHandler) for CAN2_RX0_IRQHandler
    startup_stm32f427xx.o(RESET) refers to stm32f4xx_it.o(i.CAN2_RX1_IRQHandler) for CAN2_RX1_IRQHandler
    startup_stm32f427xx.o(RESET) refers to stm32f4xx_it.o(i.DMA2_Stream6_IRQHandler) for DMA2_Stream6_IRQHandler
    startup_stm32f427xx.o(RESET) refers to stm32f4xx_it.o(i.USART6_IRQHandler) for USART6_IRQHandler
    startup_stm32f427xx.o(.text) refers (Special) to heapauxi.o(.text) for __use_two_region_memory
    startup_stm32f427xx.o(.text) refers to system_stm32f4xx.o(i.SystemInit) for SystemInit
    startup_stm32f427xx.o(.text) refers to __main.o(!!!main) for __main
    startup_stm32f427xx.o(.text) refers to startup_stm32f427xx.o(HEAP) for Heap_Mem
    startup_stm32f427xx.o(.text) refers to startup_stm32f427xx.o(STACK) for Stack_Mem
    main.o(i.SystemClock_Config) refers to rt_memclr_w.o(.text) for __aeabi_memclr4
    main.o(i.SystemClock_Config) refers to stm32f4xx_hal_rcc.o(i.HAL_RCC_OscConfig) for HAL_RCC_OscConfig
    main.o(i.SystemClock_Config) refers to stm32f4xx_hal_rcc.o(i.HAL_RCC_ClockConfig) for HAL_RCC_ClockConfig
    main.o(i.main) refers to stm32f4xx_hal.o(i.HAL_Init) for HAL_Init
    main.o(i.main) refers to main.o(i.SystemClock_Config) for SystemClock_Config
    main.o(i.main) refers to gpio.o(i.MX_GPIO_Init) for MX_GPIO_Init
    main.o(i.main) refers to dma.o(i.MX_DMA_Init) for MX_DMA_Init
    main.o(i.main) refers to spi.o(i.MX_SPI5_Init) for MX_SPI5_Init
    main.o(i.main) refers to usart.o(i.MX_USART6_UART_Init) for MX_USART6_UART_Init
    main.o(i.main) refers to tim.o(i.MX_TIM2_Init) for MX_TIM2_Init
    main.o(i.main) refers to tim.o(i.MX_TIM4_Init) for MX_TIM4_Init
    main.o(i.main) refers to tim.o(i.MX_TIM5_Init) for MX_TIM5_Init
    main.o(i.main) refers to tim.o(i.MX_TIM8_Init) for MX_TIM8_Init
    main.o(i.main) refers to usart.o(i.MX_USART1_UART_Init) for MX_USART1_UART_Init
    main.o(i.main) refers to can.o(i.MX_CAN1_Init) for MX_CAN1_Init
    main.o(i.main) refers to can.o(i.MX_CAN2_Init) for MX_CAN2_Init
    main.o(i.main) refers to usart.o(i.MX_USART3_UART_Init) for MX_USART3_UART_Init
    main.o(i.main) refers to crc.o(i.MX_CRC_Init) for MX_CRC_Init
    main.o(i.main) refers to bsp_can.o(i.can_filter_init) for can_filter_init
    main.o(i.main) refers to stm32f4xx_hal_gpio.o(i.HAL_GPIO_WritePin) for HAL_GPIO_WritePin
    main.o(i.main) refers to freertos.o(i.MX_FREERTOS_Init) for MX_FREERTOS_Init
    main.o(i.main) refers to cmsis_os.o(i.osKernelStart) for osKernelStart
    gpio.o(i.MX_GPIO_Init) refers to rt_memclr_w.o(.text) for __aeabi_memclr4
[...]
    __user_perproc_libspace                  0x08000715   Thumb Code     0  libspace.o(.text)
    __user_perthread_libspace                0x08000715   Thumb Code     0  libspace.o(.text)
    __aeabi_errno_addr                       0x0800071d   Thumb Code     8  rt_errno_addr_intlibspace.o(.text)
    __errno$intlibspace                      0x0800071d   Thumb Code     0  rt_errno_addr_intlibspace.o(.text)
    __rt_errno_addr$intlibspace              0x0800071d   Thumb Code     0  rt_errno_addr_intlibspace.o(.text)
    _fp_trap                                 0x08000725   Thumb Code    44  _fptrap.o(.text)
    __I$use$semihosting                      0x08000755   Thumb Code     0  use_no_semi.o(.text)
    __use_no_semihosting_swi                 0x08000755   Thumb Code     2  use_no_semi.o(.text)
    __semihosting_library_function           0x08000757   Thumb Code     0  indicate_semi.o(.text)
    __user_setup_stackheap                   0x08000757   Thumb Code    74  sys_stackheap_outer.o(.text)
    exit                                     0x080007a1   Thumb Code    18  exit.o(.text)
    __sig_exit                               0x080007b3   Thumb Code    10  defsig_exit.o(.text)
    __rt_SIGFPE                              0x080007bd   Thumb Code    14  defsig_fpe_outer.o(.text)
    _sys_exit                                0x080007cd   Thumb Code     8  sys_exit.o(.text)
    __default_signal_display                 0x080007d9   Thumb Code    50  defsig_general.o(.text)
    __rt_SIGFPE_inner                        0x0800080d   Thumb Code    62  defsig_fpe_inner.o(.text)
    _ttywrch                                 0x080008b9   Thumb Code    14  sys_wrch.o(.text)
    BusFault_Handler                         0x080008c7   Thumb Code     2  stm32f4xx_it.o(i.BusFault_Handler)
    CAN1_RX0_IRQHandler                      0x080008c9   Thumb Code     6  stm32f4xx_it.o(i.CAN1_RX0_IRQHandler)
    CAN1_RX1_IRQHandler                      0x080008d5   Thumb Code     6  stm32f4xx_it.o(i.CAN1_RX1_IRQHandler)
    CAN2_RX0_IRQHandler                      0x080008e1   Thumb Code     6  stm32f4xx_it.o(i.CAN2_RX0_IRQHandler)
    CAN2_RX1_IRQHandler                      0x080008ed   Thumb Code     6  stm32f4xx_it.o(i.CAN2_RX1_IRQHandler)
    CRC08_Calculate                          0x080008f9   Thumb Code    26  crcs.o(i.CRC08_Calculate)
    CRC08_Verify                             0x08000919   Thumb Code    36  crcs.o(i.CRC08_Verify)
    CRC16_Calculate                          0x0800093d   Thumb Code    36  crcs.o(i.CRC16_Calculate)
    CRC16_Verify                             0x08000965   Thumb Code    48  crcs.o(i.CRC16_Verify)
    Chassis_PowerCapControl                  0x08000995   Thumb Code   248  chassis_task.o(i.Chassis_PowerCapControl)
    DMA1_Stream1_IRQHandler                  0x08000aa9   Thumb Code     6  stm32f4xx_it.o(i.DMA1_Stream1_IRQHandler)
    DMA1_Stream4_IRQHandler                  0x08000ab5   Thumb Code     6  stm32f4xx_it.o(i.DMA1_Stream4_IRQHandler)
    DMA2_Stream1_IRQHandler                  0x08000ac1   Thumb Code     6  stm32f4xx_it.o(i.DMA2_Stream1_IRQHandler)
    DMA2_Stream2_IRQHandler                  0x08000acd   Thumb Code     6  stm32f4xx_it.o(i.DMA2_Stream2_IRQHandler)
    DMA2_Stream6_IRQHandler                  0x08000ad9   Thumb Code     6  stm32f4xx_it.o(i.DMA2_Stream6_IRQHandler)
    DebugMon_Handler                         0x08000b89   Thumb Code     2  stm32f4xx_it.o(i.DebugMon_Handler)
    Error_Handler                            0x08000b8b   Thumb Code     4  main.o(i.Error_Handler)
    HAL_CAN_ActivateNotification             0x08000b8f   Thumb Code    36  stm32f4xx_hal_can.o(i.HAL_CAN_ActivateNotification)
    HAL_CAN_AddTxMessage                     0x08000bb3   Thumb Code   200  stm32f4xx_hal_can.o(i.HAL_CAN_AddTxMessage)
    HAL_CAN_ConfigFilter                     0x08000c7d   Thumb Code   262  stm32f4xx_hal_can.o(i.HAL_CAN_ConfigFilter)
    HAL_CAN_ErrorCallback                    0x08000d89   Thumb Code     2  stm32f4xx_hal_can.o(i.HAL_CAN_ErrorCallback)
    HAL_CAN_GetRxMessage                     0x08000d8b   Thumb Code   232  stm32f4xx_hal_can.o(i.HAL_CAN_GetRxMessage)
    HAL_CAN_IRQHandler                       0x08000e73   Thumb Code   508  stm32f4xx_hal_can.o(i.HAL_CAN_IRQHandler)
    HAL_CAN_Init                             0x0800106f   Thumb Code   282  stm32f4xx_hal_can.o(i.HAL_CAN_Init)
    HAL_CAN_MspInit                          0x08001189   Thumb Code   260  can.o(i.HAL_CAN_MspInit)
    HAL_CAN_RxFifo0FullCallback              0x080012a5   Thumb Code     2  stm32f4xx_hal_can.o(i.HAL_CAN_RxFifo0FullCallback)
    HAL_CAN_RxFifo0MsgPendingCallback        0x080012a9   Thumb Code   312  can_receive.o(i.HAL_CAN_RxFifo0MsgPendingCallback)
    HAL_CAN_RxFifo1FullCallback              0x08001431   Thumb Code     2  stm32f4xx_hal_can.o(i.HAL_CAN_RxFifo1FullCallback)
    HAL_CAN_RxFifo1MsgPendingCallback        0x08001433   Thumb Code     2  stm32f4xx_hal_can.o(i.HAL_CAN_RxFifo1MsgPendingCallback)
    HAL_CAN_SleepCallback                    0x08001435   Thumb Code     2  stm32f4xx_hal_can.o(i.HAL_CAN_SleepCallback)
    HAL_CAN_Start                            0x08001439   Thumb Code    88  stm32f4xx_hal_can.o(i.HAL_CAN_Start)
    HAL_CAN_TxMailbox0AbortCallback          0x08001491   Thumb Code     2  stm32f4xx_hal_can.o(i.HAL_CAN_TxMailbox0AbortCallback)
    HAL_CAN_TxMailbox0CompleteCallback       0x08001493   Thumb Code     2  stm32f4xx_hal_can.o(i.HAL_CAN_TxMailbox0CompleteCallback)
    HAL_CAN_TxMailbox1AbortCallback          0x08001495   Thumb Code     2  stm32f4xx_hal_can.o(i.HAL_CAN_TxMailbox1AbortCallback)
    HAL_CAN_TxMailbox1CompleteCallback       0x08001497   Thumb Code     2  stm32f4xx_hal_can.o(i.HAL_CAN_TxMailbox1CompleteCallback)
    HAL_CAN_TxMailbox2AbortCallback          0x08001499   Thumb Code     2  stm32f4xx_hal_can.o(i.HAL_CAN_TxMailbox2AbortCallback)
    HAL_CAN_TxMailbox2CompleteCallback       0x0800149b   Thumb Code     2  stm32f4xx_hal_can.o(i.HAL_CAN_TxMailbox2CompleteCallback)
    HAL_CAN_WakeUpFromRxMsgCallback          0x0800149d   Thumb Code     2  stm32f4xx_hal_can.o(i.HAL_CAN_WakeUpFromRxMsgCallback)
    HAL_CRC_Init                             0x0800149f   Thumb Code    34  stm32f4xx_hal_crc.o(i.HAL_CRC_Init)
    HAL_CRC_MspInit                          0x080014c1   Thumb Code    30  crc.o(i.HAL_CRC_MspInit)
    HAL_DMA_Abort                            0x080014e9   Thumb Code   146  stm32f4xx_hal_dma.o(i.HAL_DMA_Abort)
    HAL_DMA_Abort_IT                         0x0800157b   Thumb Code    36  stm32f4xx_hal_dma.o(i.HAL_DMA_Abort_IT)
    HAL_DMA_IRQHandler                       0x080015a1   Thumb Code   412  stm32f4xx_hal_dma.o(i.HAL_DMA_IRQHandler)
    HAL_DMA_Init                             0x08001741   Thumb Code   206  stm32f4xx_hal_dma.o(i.HAL_DMA_Init)
    HAL_DMA_Start_IT                         0x08001815   Thumb Code   110  stm32f4xx_hal_dma.o(i.HAL_DMA_Start_IT)
    HAL_GPIO_Init                            0x08001885   Thumb Code   510  stm32f4xx_hal_gpio.o(i.HAL_GPIO_Init)
    HAL_GPIO_WritePin                        0x08001ab9   Thumb Code    10  stm32f4xx_hal_gpio.o(i.HAL_GPIO_WritePin)
    HAL_GetTick                              0x08001ac5   Thumb Code     6  stm32f4xx_hal.o(i.HAL_GetTick)
    HAL_IncTick                              0x08001ad1   Thumb Code    12  stm32f4xx_hal.o(i.HAL_IncTick)
    HAL_Init                                 0x08001ae1   Thumb Code    48  stm32f4xx_hal.o(i.HAL_Init)
    HAL_InitTick                             0x08001b15   Thumb Code    54  stm32f4xx_hal.o(i.HAL_InitTick)
    HAL_MspInit                              0x08001b55   Thumb Code    52  stm32f4xx_hal_msp.o(i.HAL_MspInit)
    HAL_NVIC_EnableIRQ                       0x08001b8d   Thumb Code    26  stm32f4xx_hal_cortex.o(i.HAL_NVIC_EnableIRQ)
    HAL_NVIC_SetPriority                     0x08001ba9   Thumb Code    60  stm32f4xx_hal_cortex.o(i.HAL_NVIC_SetPriority)
    HAL_NVIC_SetPriorityGrouping             0x08001be9   Thumb Code    26  stm32f4xx_hal_cortex.o(i.HAL_NVIC_SetPriorityGrouping)
    HAL_RCC_ClockConfig                      0x08001c0d   Thumb Code   288  stm32f4xx_hal_rcc.o(i.HAL_RCC_ClockConfig)
    HAL_RCC_GetPCLK1Freq                     0x08001d41   Thumb Code    20  stm32f4xx_hal_rcc.o(i.HAL_RCC_GetPCLK1Freq)
    HAL_RCC_GetPCLK2Freq                     0x08001d61   Thumb Code    20  stm32f4xx_hal_rcc.o(i.HAL_RCC_GetPCLK2Freq)
    HAL_RCC_GetSysClockFreq                  0x08001d81   Thumb Code    88  stm32f4xx_hal_rcc.o(i.HAL_RCC_GetSysClockFreq)
    HAL_RCC_OscConfig                        0x08001de5   Thumb Code   856  stm32f4xx_hal_rcc.o(i.HAL_RCC_OscConfig)
    HAL_SPI_Init                             0x08002151   Thumb Code   188  stm32f4xx_hal_spi.o(i.HAL_SPI_Init)
    HAL_SPI_MspInit                          0x0800220d   Thumb Code    94  spi.o(i.HAL_SPI_MspInit)
    HAL_SYSTICK_Config                       0x08002279   Thumb Code    40  stm32f4xx_hal_cortex.o(i.HAL_SYSTICK_Config)
    HAL_TIMEx_ConfigBreakDeadTime            0x080022a1   Thumb Code    84  stm32f4xx_hal_tim_ex.o(i.HAL_TIMEx_ConfigBreakDeadTime)
    HAL_TIMEx_MasterConfigSynchronization    0x080022f5   Thumb Code   116  stm32f4xx_hal_tim_ex.o(i.HAL_TIMEx_MasterConfigSynchronization)
    HAL_TIM_MspPostInit                      0x08002385   Thumb Code   224  tim.o(i.HAL_TIM_MspPostInit)
    HAL_TIM_PWM_ConfigChannel                0x08002485   Thumb Code   204  stm32f4xx_hal_tim.o(i.HAL_TIM_PWM_ConfigChannel)
    HAL_TIM_PWM_Init                         0x08002551   Thumb Code    90  stm32f4xx_hal_tim.o(i.HAL_TIM_PWM_Init)
    HAL_TIM_PWM_MspInit                      0x080025ad   Thumb Code   100  tim.o(i.HAL_TIM_PWM_MspInit)
    HAL_UARTEx_RxEventCallback               0x08002621   Thumb Code     2  stm32f4xx_hal_uart.o(i.HAL_UARTEx_RxEventCallback)
    HAL_UART_ErrorCallback                   0x08002623   Thumb Code     2  stm32f4xx_hal_uart.o(i.HAL_UART_ErrorCallback)
    HAL_UART_IRQHandler                      0x08002625   Thumb Code   610  stm32f4xx_hal_uart.o(i.HAL_UART_IRQHandler)
    HAL_UART_Init                            0x0800288d   Thumb Code    98  stm32f4xx_hal_uart.o(i.HAL_UART_Init)
    HAL_UART_MspInit                         0x080028f1   Thumb Code   514  usart.o(i.HAL_UART_MspInit)
    HAL_UART_RxCpltCallback                  0x08002b21   Thumb Code     2  stm32f4xx_hal_uart.o(i.HAL_UART_RxCpltCallback)
    HAL_UART_Transmit_DMA                    0x08002b25   Thumb Code   126  stm32f4xx_hal_uart.o(i.HAL_UART_Transmit_DMA)
    HAL_UART_TxCpltCallback                  0x08002bb1   Thumb Code     2  stm32f4xx_hal_uart.o(i.HAL_UART_TxCpltCallback)
    HAL_UART_TxHalfCpltCallback              0x08002bb3   Thumb Code     2  stm32f4xx_hal_uart.o(i.HAL_UART_TxHalfCpltCallback)
    HardFault_Handler                        0x08002bb5   Thumb Code     2  stm32f4xx_it.o(i.HardFault_Handler)
    MX_CAN1_Init                             0x08002bb9   Thumb Code    66  can.o(i.MX_CAN1_Init)
    MX_CAN2_Init                             0x08002c05   Thumb Code    66  can.o(i.MX_CAN2_Init)
    MX_CRC_Init                              0x08002c51   Thumb Code    28  crc.o(i.MX_CRC_Init)
    MX_DMA_Init                              0x08002c75   Thumb Code   120  dma.o(i.MX_DMA_Init)
    MX_FREERTOS_Init                         0x08002cf1   Thumb Code    96  freertos.o(i.MX_FREERTOS_Init)
    MX_GPIO_Init                             0x08002d59   Thumb Code   254  gpio.o(i.MX_GPIO_Init)
    MX_SPI5_Init                             0x08002e69   Thumb Code    62  spi.o(i.MX_SPI5_Init)
    MX_TIM2_Init                             0x08002eb1   Thumb Code   158  tim.o(i.MX_TIM2_Init)
    MX_TIM4_Init                             0x08002f55   Thumb Code   124  tim.o(i.MX_TIM4_Init)
    MX_TIM5_Init                             0x08002fd9   Thumb Code   156  tim.o(i.MX_TIM5_Init)
    MX_TIM8_Init                             0x0800307d   Thumb Code   206  tim.o(i.MX_TIM8_Init)
    MX_USART1_UART_Init                      0x08003155   Thumb Code    46  usart.o(i.MX_USART1_UART_Init)
    MX_USART3_UART_Init                      0x08003191   Thumb Code    48  usart.o(i.MX_USART3_UART_Init)
    MX_USART6_UART_Init                      0x080031c9   Thumb Code    48  usart.o(i.MX_USART6_UART_Init)
    MemManage_Handler                        0x08003201   Thumb Code     2  stm32f4xx_it.o(i.MemManage_Handler)
    NMI_Handler                              0x08003203   Thumb Code     2  stm32f4xx_it.o(i.NMI_Handler)
    PID_calc                                 0x08003205   Thumb Code   292  pid.o(i.PID_calc)
    PID_init                                 0x0800332d   Thumb Code    88  pid.o(i.PID_init)
    Referee_SolveFifoData                    0x08003389   Thumb Code   388  referee.o(i.Referee_SolveFifoData)
    Referee_StructInit                       0x08003515   Thumb Code   146  referee.o(i.Referee_StructInit)
    Referee_UARTInit                         0x080035b1   Thumb Code   190  referee.o(i.Referee_UARTInit)
    Referee_UnpackFifoData                   0x0800367d   Thumb Code   246  referee.o(i.Referee_UnpackFifoData)
    Referee_Usart_Unpack                     0x08003775   Thumb Code    22  referee_task.o(i.Referee_Usart_Unpack)
    SysTick_Handler                          0x08003791   Thumb Code    24  stm32f4xx_it.o(i.SysTick_Handler)
    SystemClock_Config                       0x080037a9   Thumb Code   140  main.o(i.SystemClock_Config)
    SystemInit                               0x0800383d   Thumb Code    12  system_stm32f4xx.o(i.SystemInit)
    TIM_Base_SetConfig                       0x0800384d   Thumb Code   156  stm32f4xx_hal_tim.o(i.TIM_Base_SetConfig)
    TIM_OC2_SetConfig                        0x08003975   Thumb Code    98  stm32f4xx_hal_tim.o(i.TIM_OC2_SetConfig)
    UI_Draw_Arc                              0x08003d75   Thumb Code   134  referee.o(i.UI_Draw_Arc)
    UI_Draw_Float                            0x08003dfd   Thumb Code   162  referee.o(i.UI_Draw_Float)
    UI_Draw_Line                             0x08003ea5   Thumb Code   112  referee.o(i.UI_Draw_Line)
    UI_Draw_String                           0x08003f15   Thumb Code   146  referee.o(i.UI_Draw_String)
    UI_PushUp_Graphs                         0x08003fa9   Thumb Code   256  referee.o(i.UI_PushUp_Graphs)
    UI_PushUp_String                         0x080040b1   Thumb Code    84  referee.o(i.UI_PushUp_String)
    USART1_IRQHandler                        0x08004109   Thumb Code    18  bsp_uart.o(i.USART1_IRQHandler)
    USART3_IRQHandler                        0x08004121   Thumb Code   142  referee_task.o(i.USART3_IRQHandler)
    USART6_IRQHandler                        0x080041c1   Thumb Code     6  stm32f4xx_it.o(i.USART6_IRQHandler)
    UsageFault_Handler                       0x080041cd   Thumb Code     2  stm32f4xx_it.o(i.UsageFault_Handler)
    __ARM_fpclassify                         0x080041cf   Thumb Code    48  fpclassify.o(i.__ARM_fpclassify)
    __hardfp_tan                             0x08004221   Thumb Code   108  tan.o(i.__hardfp_tan)
    __ieee754_rem_pio2                       0x080042a1   Thumb Code   938  rred.o(i.__ieee754_rem_pio2)
    __kernel_poly                            0x080046d9   Thumb Code   248  poly.o(i.__kernel_poly)
    __kernel_tan                             0x080047d1   Thumb Code   764  tan_i.o(i.__kernel_tan)
    __mathlib_dbl_infnan                     0x08004b21   Thumb Code    20  dunder.o(i.__mathlib_dbl_infnan)
    __mathlib_dbl_invalid                    0x08004b39   Thumb Code    24  dunder.o(i.__mathlib_dbl_invalid)
    __mathlib_dbl_underflow                  0x08004b59   Thumb Code    24  dunder.o(i.__mathlib_dbl_underflow)
    calculate_chassis_follow_gimbal_motor_speed_with_target_ecd 0x08004b79   Thumb Code    54  chassis_motor.o(i.calculate_chassis_follow_gimbal_motor_speed_with_target_ecd)
    calculate_chassis_motor_target_current_with_target_speed 0x08004bc1   Thumb Code   180  chassis_motor.o(i.calculate_chassis_motor_target_current_with_target_speed)
    calculate_chassis_motor_target_speed_with_kinematics_solution 0x08004c79   Thumb Code    36  chassis_motor.o(i.calculate_chassis_motor_target_speed_with_kinematics_solution)
    can_filter_init                          0x08004ca1   Thumb Code    80  bsp_can.o(i.can_filter_init)
    chassis_motor_init                       0x08004cf9   Thumb Code   160  chassis_motor.o(i.chassis_motor_init)
    chassis_task                             0x08004da1   Thumb Code   588  chassis_task.o(i.chassis_task)
    comm_task                                0x0800501d   Thumb Code    54  comm_task.o(i.comm_task)
    fabs                                     0x08005059   Thumb Code    24  fabs.o(i.fabs)
    fifo_s_get                               0x08005071   Thumb Code    44  fifo.o(i.fifo_s_get)
    fifo_s_init                              0x0800509d   Thumb Code    22  fifo.o(i.fifo_s_init)
    fifo_s_puts                              0x080050b3   Thumb Code   124  fifo.o(i.fifo_s_puts)
    fifo_s_used                              0x0800512f   Thumb Code     4  fifo.o(i.fifo_s_used)
    get_motor3508_data                       0x08005133   Thumb Code    28  motor_can.o(i.get_motor3508_data)
    get_motor6020_data                       0x0800514f   Thumb Code    28  motor_can.o(i.get_motor6020_data)
    main                                     0x0800516d   Thumb Code    84  main.o(i.main)
    osKernelStart                            0x080051d1   Thumb Code    10  cmsis_os.o(i.osKernelStart)
    osThreadCreate                           0x080051db   Thumb Code    92  cmsis_os.o(i.osThreadCreate)
    pvPortMalloc                             0x08005a91   Thumb Code   224  heap_4.o(i.pvPortMalloc)
    pxPortInitialiseStack                    0x08005b79   Thumb Code    38  port.o(i.pxPortInitialiseStack)
    rc_callback_handler                      0x08005ba5   Thumb Code   140  bsp_uart.o(i.rc_callback_handler)
    referee_task                             0x08005c31   Thumb Code  3534  referee_task.o(i.referee_task)
    send_data_to_vofa4                       0x08006a05   Thumb Code    26  vofa.o(i.send_data_to_vofa4)
    send_motor_3508current_through_CAN1      0x08006a29   Thumb Code    76  motor_can.o(i.send_motor_3508current_through_CAN1)
    send_one_float_data_through_CAN2         0x08006a79   Thumb Code    46  can_transmit.o(i.send_one_float_data_through_CAN2)
    send_power_information_to_Cap_through_CAN1 0x08006ab1   Thumb Code   120  can_transmit.o(i.send_power_information_to_Cap_through_CAN1)
    send_referee_data_through_CAN2           0x08006b39   Thumb Code    94  can_transmit.o(i.send_referee_data_through_CAN2)
    send_remain_HP_through_CAN2              0x08006ba5   Thumb Code    62  can_transmit.o(i.send_remain_HP_through_CAN2)
    uart_receive_handler                     0x08006bed   Thumb Code    86  bsp_uart.o(i.uart_receive_handler)
    uxListRemove                             0x08006c4d   Thumb Code    38  list.o(i.uxListRemove)
    vApplicationGetIdleTaskMemory            0x08006c75   Thumb Code    16  freertos.o(i.vApplicationGetIdleTaskMemory)
    vApplicationGetTimerTaskMemory           0x08006c89   Thumb Code    18  freertos.o(i.vApplicationGetTimerTaskMemory)
    vListInitialise                          0x08006ca1   Thumb Code    22  list.o(i.vListInitialise)
    vListInitialiseItem                      0x08006cb7   Thumb Code     6  list.o(i.vListInitialiseItem)
    vListInsert                              0x08006cbd   Thumb Code    54  list.o(i.vListInsert)
    vListInsertEnd                           0x08006cf3   Thumb Code    24  list.o(i.vListInsertEnd)
    vPortEnterCritical                       0x08006d0d   Thumb Code    54  port.o(i.vPortEnterCritical)
    vPortExitCritical                        0x08006d4d   Thumb Code    38  port.o(i.vPortExitCritical)
    vPortFree                                0x08006d79   Thumb Code    94  heap_4.o(i.vPortFree)
    vPortSetupTimerInterrupt                 0x08006ddd   Thumb Code    32  port.o(i.vPortSetupTimerInterrupt)
    vPortValidateInterruptPriority           0x08006e01   Thumb Code    74  port.o(i.vPortValidateInterruptPriority)
    vQueueAddToRegistry                      0x08006e55   Thumb Code    34  queue.o(i.vQueueAddToRegistry)
    vQueueWaitForMessageRestricted           0x08006e7d   Thumb Code    74  queue.o(i.vQueueWaitForMessageRestricted)
    vTaskDelay                               0x08006ec9   Thumb Code    70  tasks.o(i.vTaskDelay)
    vTaskInternalSetTimeOutState             0x08006f19   Thumb Code    12  tasks.o(i.vTaskInternalSetTimeOutState)
    vTaskMissedYield                         0x08006f29   Thumb Code     8  tasks.o(i.vTaskMissedYield)
    vTaskPlaceOnEventList                    0x08006f35   Thumb Code    48  tasks.o(i.vTaskPlaceOnEventList)
    vTaskPlaceOnEventListRestricted          0x08006f69   Thumb Code    54  tasks.o(i.vTaskPlaceOnEventListRestricted)
    vTaskStartScheduler                      0x08006fa5   Thumb Code   128  tasks.o(i.vTaskStartScheduler)
    vTaskSuspendAll                          0x08007035   Thumb Code    10  tasks.o(i.vTaskSuspendAll)
    vTaskSwitchContext                       0x08007045   Thumb Code    86  tasks.o(i.vTaskSwitchContext)
    xPortStartScheduler                      0x080070a5   Thumb Code   232  port.o(i.xPortStartScheduler)
    xPortSysTickHandler                      0x080071a9   Thumb Code    38  port.o(i.xPortSysTickHandler)
    xQueueGenericCreateStatic                0x080071d5   Thumb Code   112  queue.o(i.xQueueGenericCreateStatic)
    xQueueGenericReset                       0x08007245   Thumb Code   138  queue.o(i.xQueueGenericReset)
    xQueueGenericSend                        0x080072d5   Thumb Code   362  queue.o(i.xQueueGenericSend)
    xQueueGenericSendFromISR                 0x08007445   Thumb Code   190  queue.o(i.xQueueGenericSendFromISR)
    xQueueReceive                            0x08007505   Thumb Code   322  queue.o(i.xQueueReceive)
    xTaskCheckForTimeOut                     0x0800764d   Thumb Code   148  tasks.o(i.xTaskCheckForTimeOut)
    xTaskCreate                              0x080076e5   Thumb Code   108  tasks.o(i.xTaskCreate)
    xTaskCreateStatic                        0x08007751   Thumb Code    96  tasks.o(i.xTaskCreateStatic)
    xTaskGetSchedulerState                   0x080077b1   Thumb Code    24  tasks.o(i.xTaskGetSchedulerState)
    xTaskGetTickCount                        0x080077cd   Thumb Code     6  tasks.o(i.xTaskGetTickCount)
    xTaskIncrementTick                       0x080077d9   Thumb Code   202  tasks.o(i.xTaskIncrementTick)
    xTaskPriorityDisinherit                  0x080078ad   Thumb Code   146  tasks.o(i.xTaskPriorityDisinherit)
    xTaskRemoveFromEventList                 0x08007949   Thumb Code   108  tasks.o(i.xTaskRemoveFromEventList)
    xTaskResumeAll                           0x080079c1   Thumb Code   190  tasks.o(i.xTaskResumeAll)
    xTimerCreateTimerTask                    0x08007a8d   Thumb Code    86  timers.o(i.xTimerCreateTimerTask)
    xTimerGenericCommand                     0x08007af5   Thumb Code   112  timers.o(i.xTimerGenericCommand)
    __aeabi_dneg                             0x08007b69   Thumb Code     0  basic.o(x$fpl$basic)
    _dneg                                    0x08007b69   Thumb Code     6  basic.o(x$fpl$basic)
    __aeabi_fneg                             0x08007b6f   Thumb Code     0  basic.o(x$fpl$basic)
    _fneg                                    0x08007b6f   Thumb Code     6  basic.o(x$fpl$basic)
    _dabs                                    0x08007b75   Thumb Code     6  basic.o(x$fpl$basic)
    _fabs                                    0x08007b7b   Thumb Code     6  basic.o(x$fpl$basic)
    __aeabi_d2f                              0x08007b81   Thumb Code     0  d2f_clz.o(x$fpl$d2f)
    _d2f                                     0x08007b81   Thumb Code   700  d2f_clz.o(x$fpl$d2f)
    __aeabi_dadd                             0x08007e45   Thumb Code     0  daddsub_clz.o(x$fpl$dadd)
    _dadd                                    0x08007e45   Thumb Code   580  daddsub_clz.o(x$fpl$dadd)
    __aeabi_ddiv                             0x08008091   Thumb Code     0  ddiv_clz.o(x$fpl$ddiv)
    _ddiv                                    0x08008091   Thumb Code   748  ddiv_clz.o(x$fpl$ddiv)
    __aeabi_d2iz                             0x0800840d   Thumb Code     0  dfix.o(x$fpl$dfix)
    _dfix                                    0x0800840d   Thumb Code   192  dfix.o(x$fpl$dfix)
    __aeabi_d2uiz                            0x080084d5   Thumb Code     0  dfixu.o(x$fpl$dfixu)
    _dfixu                                   0x080084d5   Thumb Code   212  dfixu.o(x$fpl$dfixu)
    __aeabi_i2d                              0x080085b1   Thumb Code     0  dflt_clz.o(x$fpl$dflt)
    _dflt                                    0x080085b1   Thumb Code    46  dflt_clz.o(x$fpl$dflt)
    __dflt_normalise                         0x080085df   Thumb Code    26  dflt_clz.o(x$fpl$dfltn)
    __aeabi_ui2d                             0x080085f9   Thumb Code     0  dflt_clz.o(x$fpl$dfltu)
    _dfltu                                   0x080085f9   Thumb Code    38  dflt_clz.o(x$fpl$dfltu)
    __aeabi_dmul                             0x08008621   Thumb Code     0  dmul_clz.o(x$fpl$dmul)
    _dmul                                    0x08008621   Thumb Code   440  dmul_clz.o(x$fpl$dmul)
    __fpl_dnaninf                            0x080087e1   Thumb Code   258  dnaninf.o(x$fpl$dnaninf)
    __fpl_drenorm2                           0x080088e3   Thumb Code   106  drenorm_clz.o(x$fpl$drenorm)
    __fpl_drenorm1                           0x0800894d   Thumb Code     6  drenorm_clz.o(x$fpl$drenorm)
    __fpl_dretinf                            0x08008953   Thumb Code    12  dretinf.o(x$fpl$dretinf)
    __aeabi_drsub                            0x08008961   Thumb Code     0  daddsub_clz.o(x$fpl$drsb)
    _drsb                                    0x08008961   Thumb Code    74  daddsub_clz.o(x$fpl$drsb)
    __aeabi_dsub                             0x080089b1   Thumb Code     0  daddsub_clz.o(x$fpl$dsub)
    _dsub                                    0x080089b1   Thumb Code   664  daddsub_clz.o(x$fpl$dsub)
    __dunder                                 0x08008c4d   Thumb Code   314  dunder_clz.o(x$fpl$dunder)
    __dunder_d                               0x08008d87   Thumb Code    64  dunder_clz.o(x$fpl$dunder)
    __fpl_exception                          0x08008dc9   Thumb Code   454  except.o(x$fpl$exception)
    __aeabi_f2d                              0x08008fb5   Thumb Code     0  f2d.o(x$fpl$f2d)
    _f2d                                     0x08008fb5   Thumb Code   122  f2d.o(x$fpl$f2d)
    __fpl_fnaninf                            0x0800902f   Thumb Code   242  fnaninf.o(x$fpl$fnaninf)
    _fp_init                                 0x08009121   Thumb Code    10  fpinit.o(x$fpl$fpinit)
    __fplib_config_fpu_vfp                   0x08009129   Thumb Code     0  fpinit.o(x$fpl$fpinit)
    __fplib_config_pureend_doubles           0x08009129   Thumb Code     0  fpinit.o(x$fpl$fpinit)
    __fpl_fretinf                            0x0800912b   Thumb Code    10  fretinf.o(x$fpl$fretinf)
    __funder                                 0x08009135   Thumb Code   254  funder_clz.o(x$fpl$funder)
    __funder_d                               0x08009233   Thumb Code    62  funder_clz.o(x$fpl$funder)
    __fpl_return_NaN                         0x08009271   Thumb Code   178  retnan.o(x$fpl$retnan)
    _fp_trapveneer                           0x08009323   Thumb Code    36  trapv.o(x$fpl$trapveneer)
    __fpl_cmpreturn                          0x08009347   Thumb Code    90  trapv.o(x$fpl$trapveneer)
    __I$use$fp                               0x080093a0   Number         0  usenofp.o(x$fpl$usenofp)
    CRC08_Table                              0x08009410   Data         256  crcs.o(.constdata)
    CRC16_Table                              0x08009510   Data         512  crcs.o(.constdata)
    AHBPrescTable                            0x08009718   Data          16  system_stm32f4xx.o(.constdata)
    APBPrescTable                            0x08009728   Data           8  system_stm32f4xx.o(.constdata)
    sinTable_f32                             0x08009730   Data        2052  arm_common_tables.o(.constdata)
    Region$$Table$$Base                      0x0800a09c   Number         0  anon$$obj.o(Region$$Table)
    Region$$Table$$Limit                     0x0800a0bc   Number         0  anon$$obj.o(Region$$Table)
    Chassis_TaskHandle                       0x20000000   Data           4  freertos.o(.data)
    Referee_TaskHandle                       0x20000004   Data           4  freertos.o(.data)
    Comm_TaskHandle                          0x20000008   Data           4  freertos.o(.data)
    Referee_UnpackHandle                     0x2000000c   Data           4  freertos.o(.data)
    hcrc                                     0x20000014   Data           8  crc.o(.data)
    ChassisMode                              0x2000001c   Data           1  chassis_task.o(.data)
    hero_target_forward_speed_x              0x2000001e   Data           2  chassis_task.o(.data)
    hero_target_right_speed_y                0x20000020   Data           2  chassis_task.o(.data)
    hero_target_rotation_speed_z             0x20000022   Data           2  chassis_task.o(.data)
    chassis_target_forward_speed_x           0x20000024   Data           2  chassis_task.o(.data)
    chassis_target_right_speed_y             0x20000026   Data           2  chassis_task.o(.data)
    chassis_target_rotation_speed_z          0x20000028   Data           2  chassis_task.o(.data)
    chassis_follow_gimbal_target_rotation_speed_z 0x2000002a   Data           2  chassis_task.o(.data)
    chassis_follow_gimbal_ecd                0x2000002c   Data           2  chassis_task.o(.data)
    Angle                                    0x20000030   Data           4  chassis_task.o(.data)
    Sin                                      0x20000034   Data           4  chassis_task.o(.data)
    Cos                                      0x20000038   Data           4  chassis_task.o(.data)
    Chassis_Capacitance                      0x2000003c   Data           4  chassis_task.o(.data)
    Chassis_CapPower                         0x20000040   Data           4  chassis_task.o(.data)
    power_scale_watch                        0x20000044   Data           4  chassis_task.o(.data)
    UI_Capacitance                           0x20000048   Data           1  referee_task.o(.data)
    FrictionChange                           0x20000049   Data           1  referee_task.o(.data)
    FrictionFlag                             0x2000004a   Data           1  referee_task.o(.data)
    FrictionFlagPast                         0x2000004b   Data           1  referee_task.o(.data)
    AutoAimingChange                         0x2000004c   Data           1  referee_task.o(.data)
    AutoAimingFlag                           0x2000004d   Data           1  referee_task.o(.data)
    AutoAimingFlagPast                       0x2000004e   Data           1  referee_task.o(.data)
    SpirallingChange                         0x2000004f   Data           1  referee_task.o(.data)
    SpirallingFlag                           0x20000050   Data           1  referee_task.o(.data)
    SpirallingFlagPast                       0x20000051   Data           1  referee_task.o(.data)
    DownDialChange                           0x20000052   Data           1  referee_task.o(.data)
    DownDialFlag                             0x20000053   Data           1  referee_task.o(.data)
    DownDialFlagPast                         0x20000054   Data           1  referee_task.o(.data)
    UI_Capacitance_Color                     0x20000055   Data           1  referee_task.o(.data)
    UI_Gimbal_Pitch                          0x20000058   Data           4  referee_task.o(.data)
    UI_Capacitance_Value                     0x2000005c   Data           4  referee_task.o(.data)
    referee_i                                0x20000060   Data           4  referee_task.o(.data)
    INS_roll_for_UI                          0x20000064   Data           4  referee_task.o(.data)
    test1                                    0x20000068   Data           4  referee_task.o(.data)
    test2                                    0x2000006c   Data           4  referee_task.o(.data)
    test3                                    0x20000070   Data           4  referee_task.o(.data)
    test4                                    0x20000074   Data           4  referee_task.o(.data)
    Chassis_Follow_Gimbal_Offset_Ecd         0x20000078   Data           2  chassis_motor.o(.data)
    chassis_motor_speed_pid_Kp               0x2000007c   Data           4  chassis_motor.o(.data)
    chassis_motor_speed_pid_Ki               0x20000080   Data           4  chassis_motor.o(.data)
    chassis_motor_speed_pid_Kd               0x20000084   Data           4  chassis_motor.o(.data)
    chassis_motor_speed_pid_max_out          0x20000088   Data           4  chassis_motor.o(.data)
    chassis_motor_speed_pid_max_iout         0x2000008c   Data           4  chassis_motor.o(.data)
    chassis_motor_follow_gimbal_angle_pid_Kp 0x20000090   Data           4  chassis_motor.o(.data)
    chassis_motor_follow_gimbal_angle_pid_Ki 0x20000094   Data           4  chassis_motor.o(.data)
    chassis_motor_follow_gimbal_angle_pid_Kd 0x20000098   Data           4  chassis_motor.o(.data)
    chassis_motor_follow_gimbal_angle_pid_max_out 0x2000009c   Data           4  chassis_motor.o(.data)
    chassis_motor_follow_gimbal_angle_pid_max_iout 0x200000a0   Data           4  chassis_motor.o(.data)
    INS_roll_for_UI_temp                     0x200000a4   Data           4  can_receive.o(.data)
    INS_pitch_for_UI_temp                    0x200000a8   Data           4  can_receive.o(.data)
    data_sending_can_send_data_watch         0x200000ac   Data           4  can_transmit.o(.data)
    chuankou_watch                           0x200000b0   Data           1  vofa.o(.data)
    vofa_data2                               0x200000b4   Data          12  vofa.o(.data)
    vofa_data4                               0x200000c0   Data          20  vofa.o(.data)
    UI_DMA_watch1                            0x200000d4   Data           1  referee.o(.data)
    UI_DMA_watch2                            0x200000d5   Data           1  referee.o(.data)
    UI_DMA_watch3                            0x200000d6   Data           1  referee.o(.data)
    UI_DMA_watch4                            0x200000d7   Data           1  referee.o(.data)
    Game_Result                              0x200000d8   Data           1  referee.o(.data)
    Dart_Remaining_Time                      0x200000d9   Data           1  referee.o(.data)
    Buff_Musk                                0x200000da   Data           1  referee.o(.data)
    Aerial_Robot_Energy                      0x200000db   Data           1  referee.o(.data)
    Robot_Hurt                               0x200000dc   Data           1  referee.o(.data)
    Referee_Warning                          0x200000dd   Data           2  referee.o(.data)
    Supply_Projectile_Booking                0x200000df   Data           3  referee.o(.data)
    Event_Data                               0x200000e2   Data           4  referee.o(.data)
    Supply_Projectile_Action                 0x200000e6   Data           4  referee.o(.data)
    RFID_Status                              0x200000ea   Data           4  referee.o(.data)
    Robot_Interactive_Data                   0x200000ee   Data           4  referee.o(.data)
    Referee_Receive_Header                   0x200000f2   Data           5  referee.o(.data)
    Bullet_Remaining                         0x200000f7   Data           6  referee.o(.data)
    Dart_Client_Cmd                          0x200000fd   Data           6  referee.o(.data)
    Student_Interactive_Header_Data          0x20000103   Data           6  referee.o(.data)
    Shoot_Data                               0x20000109   Data           7  referee.o(.data)
    uwTickFreq                               0x20000110   Data           1  stm32f4xx_hal.o(.data)
    uwTickPrio                               0x20000114   Data           4  stm32f4xx_hal.o(.data)
    uwTick                                   0x20000118   Data           4  stm32f4xx_hal.o(.data)
    SystemCoreClock                          0x2000011c   Data           4  system_stm32f4xx.o(.data)
    pxCurrentTCB                             0x20000120   Data           4  tasks.o(.data)
    hcan1                                    0x20000844   Data          40  can.o(.bss)
    hcan2                                    0x2000086c   Data          40  can.o(.bss)
    hspi5                                    0x20000894   Data          88  spi.o(.bss)
    htim2                                    0x200008ec   Data          72  tim.o(.bss)
    htim4                                    0x20000934   Data          72  tim.o(.bss)
    htim5                                    0x2000097c   Data          72  tim.o(.bss)
    htim8                                    0x200009c4   Data          72  tim.o(.bss)
    huart1                                   0x20000a0c   Data          68  usart.o(.bss)
    huart3                                   0x20000a50   Data          68  usart.o(.bss)
    huart6                                   0x20000a94   Data          68  usart.o(.bss)
    hdma_usart1_rx                           0x20000ad8   Data          96  usart.o(.bss)
    hdma_usart3_tx                           0x20000b38   Data          96  usart.o(.bss)
    hdma_usart3_rx                           0x20000b98   Data          96  usart.o(.bss)
    hdma_usart6_rx                           0x20000bf8   Data          96  usart.o(.bss)
    hdma_usart6_tx                           0x20000c58   Data          96  usart.o(.bss)
    Referee_Buffer                           0x20000cb8   Data        1024  referee_task.o(.bss)
    Referee_FIFO                             0x200010b8   Data          24  referee_task.o(.bss)
    Referee_FIFO_Buffer                      0x200010d0   Data        1024  referee_task.o(.bss)
    Referee_Unpack_OBJ                       0x200014d0   Data         137  referee_task.o(.bss)
    dbus_buf                                 0x20001559   Data          18  bsp_uart.o(.bss)
    rc                                       0x2000156b   Data          10  bsp_uart.o(.bss)
    yaw_motor_data                           0x20001578   Data          56  motor_can.o(.bss)
    chassis_motor_data                       0x200015b0   Data         224  chassis_motor.o(.bss)
    chassis_motor_speed_pid                  0x20001690   Data         288  chassis_motor.o(.bss)
    chassis_motor_follow_gimbal_angle_pid    0x200017b0   Data          72  chassis_motor.o(.bss)
    chassis_motor_speed_PID                  0x200017f8   Data          12  chassis_motor.o(.bss)
    chassis_motor_follow_gimbal_angle_PID    0x20001804   Data          12  chassis_motor.o(.bss)
    Game_Status                              0x20001810   Data          11  referee.o(.bss)
    Game_Robot_HP                            0x2000181b   Data          28  referee.o(.bss)
    Game_Robot_State                         0x20001837   Data          27  referee.o(.bss)
    Power_Heat_Data                          0x20001852   Data          16  referee.o(.bss)
    Game_Robot_Pos                           0x20001862   Data          16  referee.o(.bss)
    Robot_Command                            0x20001872   Data          15  referee.o(.bss)
    Client_Map_Command                       0x20001881   Data          10  referee.o(.bss)
    UI_Graph7                                0x2000188b   Data         120  referee.o(.bss)
    UI_String                                0x20001903   Data          60  referee.o(.bss)
    xQueueRegistry                           0x20001940   Data          64  queue.o(.bss)
    __libspace_start                         0x20005780   Data          96  libspace.o(.bss)
    __temporary_stack_top$libspace           0x200057e0   Data           0  libspace.o(.bss)



==============================================================================

Memory Map of the image

  Image Entry point : 0x080001ad

  Load Region LR_IROM1 (Base: 0x08000000, Size: 0x0000a258, Max: 0x00200000, ABSOLUTE, COMPRESSED[0x0000a104])

    Execution Region ER_IROM1 (Exec base: 0x08000000, Load base: 0x08000000, Size: 0x0000a0bc, Max: 0x00200000, ABSOLUTE)

    Exec Addr    Load Addr    Size         Type   Attr      Idx    E Section Name        Object

    0x08000000   0x08000000   0x000001ac   Data   RO            3    RESET               startup_stm32f427xx.o
    0x080001ac   0x080001ac   0x00000008   Code   RO         7163  * !!!main             c_w.l(__main.o)
    0x080001b4   0x080001b4   0x00000034   Code   RO         7546    !!!scatter          c_w.l(__scatter.o)
    0x080001e8   0x080001e8   0x0000003a   Code   RO         7544    !!dczerorl          c_w.l(__dczerorl.o)
    0x08000222   0x08000222   0x00000002   PAD
    0x08000224   0x08000224   0x0000001c   Code   RO         7548    !!handler_zi        c_w.l(__scatter_zi.o)
    0x08000240   0x08000240   0x00000002   Code   RO         7483    .ARM.Collect$$libinit$$00000000  c_w.l(libinit.o)
    0x08000242   0x08000242   0x00000004   Code   RO         7281    .ARM.Collect$$libinit$$00000001  c_w.l(libinit2.o)
    0x08000246   0x08000246   0x00000000   Code   RO         7284    .ARM.Collect$$libinit$$00000004  c_w.l(libinit2.o)
    0x08000246   0x08000246   0x00000000   Code   RO         7287    .ARM.Collect$$libinit$$0000000A  c_w.l(libinit2.o)
    0x08000246   0x08000246   0x00000000   Code   RO         7289    .ARM.Collect$$libinit$$0000000C  c_w.l(libinit2.o)
    0x08000246   0x08000246   0x00000000   Code   RO         7291    .ARM.Collect$$libinit$$0000000E  c_w.l(libinit2.o)
    0x08000246   0x08000246   0x00000000   Code   RO         7294    .ARM.Collect$$libinit$$00000011  c_w.l(libinit2.o)
    0x08000246   0x08000246   0x00000000   Code   RO         7296    .ARM.Collect$$libinit$$00000013  c_w.l(libinit2.o)
    0x08000246   0x08000246   0x00000000   Code   RO         7298    .ARM.Collect$$libinit$$00000015  c_w.l(libinit2.o)
    0x08000246   0x08000246   0x00000000   Code   RO         7300    .ARM.Collect$$libinit$$00000017  c_w.l(libinit2.o)
    0x08000246   0x08000246   0x00000000   Code   RO         7302    .ARM.Collect$$libinit$$00000019  c_w.l(libinit2.o)
    0x08000246   0x08000246   0x00000000   Code   RO         7304    .ARM.Collect$$libinit$$0000001B  c_w.l(libinit2.o)
    0x08000246   0x08000246   0x00000000   Code   RO         7306    .ARM.Collect$$libinit$$0000001D  c_w.l(libinit2.o)
    0x08000246   0x08000246   0x00000000   Code   RO         7308    .ARM.Collect$$libinit$$0000001F  c_w.l(libinit2.o)
    0x08000246   0x08000246   0x00000000   Code   RO         7310    .ARM.Collect$$libinit$$00000021  c_w.l(libinit2.o)
    0x08000246   0x08000246   0x00000000   Code   RO         7312    .ARM.Collect$$libinit$$00000023  c_w.l(libinit2.o)
    0x08000246   0x08000246   0x00000000   Code   RO         7314    .ARM.Collect$$libinit$$00000025  c_w.l(libinit2.o)
    0x08000246   0x08000246   0x00000000   Code   RO         7318    .ARM.Collect$$libinit$$0000002C  c_w.l(libinit2.o)
    0x08000246   0x08000246   0x00000000   Code   RO         7320    .ARM.Collect$$libinit$$0000002E  c_w.l(libinit2.o)
    0x08000246   0x08000246   0x00000000   Code   RO         7322    .ARM.Collect$$libinit$$00000030  c_w.l(libinit2.o)
    0x08000246   0x08000246   0x00000000   Code   RO         7324    .ARM.Collect$$libinit$$00000032  c_w.l(libinit2.o)
    0x08000246   0x08000246   0x00000002   Code   RO         7325    .ARM.Collect$$libinit$$00000033  c_w.l(libinit2.o)
    0x08000248   0x08000248   0x00000002   Code   RO         7541    .ARM.Collect$$libshutdown$$00000000  c_w.l(libshutdown.o)
    0x0800024a   0x0800024a   0x00000000   Code   RO         7499    .ARM.Collect$$libshutdown$$00000002  c_w.l(libshutdown2.o)
    0x0800024a   0x0800024a   0x00000000   Code   RO         7501    .ARM.Collect$$libshutdown$$00000004  c_w.l(libshutdown2.o)
    0x0800024a   0x0800024a   0x00000000   Code   RO         7504    .ARM.Collect$$libshutdown$$00000007  c_w.l(libshutdown2.o)
    0x0800024a   0x0800024a   0x00000000   Code   RO         7507    .ARM.Collect$$libshutdown$$0000000A  c_w.l(libshutdown2.o)
    0x0800024a   0x0800024a   0x00000000   Code   RO         7509    .ARM.Collect$$libshutdown$$0000000C  c_w.l(libshutdown2.o)
    0x0800024a   0x0800024a   0x00000000   Code   RO         7512    .ARM.Collect$$libshutdown$$0000000F  c_w.l(libshutdown2.o)
    0x0800024a   0x0800024a   0x00000002   Code   RO         7513    .ARM.Collect$$libshutdown$$00000010  c_w.l(libshutdown2.o)
    0x0800024c   0x0800024c   0x00000000   Code   RO         7247    .ARM.Collect$$rtentry$$00000000  c_w.l(__rtentry.o)
    0x0800024c   0x0800024c   0x00000000   Code   RO         7405    .ARM.Collect$$rtentry$$00000002  c_w.l(__rtentry2.o)
    0x0800024c   0x0800024c   0x00000006   Code   RO         7417    .ARM.Collect$$rtentry$$00000004  c_w.l(__rtentry4.o)
    0x08000252   0x08000252   0x00000000   Code   RO         7407    .ARM.Collect$$rtentry$$00000009  c_w.l(__rtentry2.o)
    0x08000252   0x08000252   0x00000004   Code   RO         7408    .ARM.Collect$$rtentry$$0000000A  c_w.l(__rtentry2.o)
    0x08000256   0x08000256   0x00000000   Code   RO         7410    .ARM.Collect$$rtentry$$0000000C  c_w.l(__rtentry2.o)
    0x08000256   0x08000256   0x00000008   Code   RO         7411    .ARM.Collect$$rtentry$$0000000D  c_w.l(__rtentry2.o)
    0x0800025e   0x0800025e   0x00000002   Code   RO         7486    .ARM.Collect$$rtexit$$00000000  c_w.l(rtexit.o)
    0x08000260   0x08000260   0x00000000   Code   RO         7517    .ARM.Collect$$rtexit$$00000002  c_w.l(rtexit2.o)
    0x08000260   0x08000260   0x00000004   Code   RO         7518    .ARM.Collect$$rtexit$$00000003  c_w.l(rtexit2.o)
    0x08000264   0x08000264   0x00000006   Code   RO         7519    .ARM.Collect$$rtexit$$00000004  c_w.l(rtexit2.o)
    0x0800026a   0x0800026a   0x00000002   PAD
    0x0800026c   0x0800026c   0x000000be   Code   RO         6848    .emb_text           port.o
    0x0800032a   0x0800032a   0x00000002   PAD
    0x0800032c   0x0800032c   0x00000040   Code   RO            4    .text               startup_stm32f427xx.o
    0x0800036c   0x0800036c   0x00000078   Code   RO         6928    .text               arm_cortexM4lf_math.lib(arm_cos_f32.o)
    0x080003e4   0x080003e4   0x00000094   Code   RO         6978    .text               arm_cortexM4lf_math.lib(arm_sin_f32.o)
    0x08000478   0x08000478   0x000000ee   Code   RO         7145    .text               c_w.l(lludivv7m.o)
    0x08000566   0x08000566   0x0000008a   Code   RO         7149    .text               c_w.l(rt_memcpy_v6.o)
    0x080005f0   0x080005f0   0x00000064   Code   RO         7151    .text               c_w.l(rt_memcpy_w.o)
    0x08000654   0x08000654   0x00000010   Code   RO         7155    .text               c_w.l(aeabi_memset.o)
    0x08000664   0x08000664   0x00000044   Code   RO         7157    .text               c_w.l(rt_memclr.o)
    0x080006a8   0x080006a8   0x0000004e   Code   RO         7159    .text               c_w.l(rt_memclr_w.o)
    0x080006f6   0x080006f6   0x00000006   Code   RO         7161    .text               c_w.l(heapauxi.o)
    0x080006fc   0x080006fc   0x00000016   Code   RO         7277    .text               c_w.l(_rserrno.o)
    0x08000712   0x08000712   0x00000002   PAD
    0x08000714   0x08000714   0x00000008   Code   RO         7401    .text               c_w.l(libspace.o)
    0x0800071c   0x0800071c   0x00000008   Code   RO         7424    .text               c_w.l(rt_errno_addr_intlibspace.o)
    0x08000724   0x08000724   0x00000030   Code   RO         7434    .text               c_w.l(_fptrap.o)
    0x08000754   0x08000754   0x00000002   Code   RO         7455    .text               c_w.l(use_no_semi.o)
    0x08000756   0x08000756   0x00000000   Code   RO         7457    .text               c_w.l(indicate_semi.o)
    0x08000756   0x08000756   0x0000004a   Code   RO         7458    .text               c_w.l(sys_stackheap_outer.o)
    0x080007a0   0x080007a0   0x00000012   Code   RO         7464    .text               c_w.l(exit.o)
    0x080007b2   0x080007b2   0x0000000a   Code   RO         7466    .text               c_w.l(defsig_exit.o)
    0x080007bc   0x080007bc   0x0000000e   Code   RO         7468    .text               c_w.l(defsig_fpe_outer.o)
    0x080007ca   0x080007ca   0x00000002   PAD
    0x080007cc   0x080007cc   0x0000000c   Code   RO         7484    .text               c_w.l(sys_exit.o)
    0x080007d8   0x080007d8   0x00000032   Code   RO         7494    .text               c_w.l(defsig_general.o)
    0x0800080a   0x0800080a   0x00000002   PAD
    0x0800080c   0x0800080c   0x000000ac   Code   RO         7496    .text               c_w.l(defsig_fpe_inner.o)
    0x080008b8   0x080008b8   0x0000000e   Code   RO         7514    .text               c_w.l(sys_wrch.o)
    0x080008c6   0x080008c6   0x00000002   Code   RO          623    i.BusFault_Handler  stm32f4xx_it.o
    0x080008c8   0x080008c8   0x0000000c   Code   RO          624    i.CAN1_RX0_IRQHandler  stm32f4xx_it.o
    0x080008d4   0x080008d4   0x0000000c   Code   RO          625    i.CAN1_RX1_IRQHandler  stm32f4xx_it.o
    0x080008e0   0x080008e0   0x0000000c   Code   RO          626    i.CAN2_RX0_IRQHandler  stm32f4xx_it.o
    0x080008ec   0x080008ec   0x0000000c   Code   RO          627    i.CAN2_RX1_IRQHandler  stm32f4xx_it.o
    0x080008f8   0x080008f8   0x00000020   Code   RO         1778    i.CRC08_Calculate   crcs.o
    0x08000918   0x08000918   0x00000024   Code   RO         1779    i.CRC08_Verify      crcs.o
    0x0800093c   0x0800093c   0x00000028   Code   RO         1781    i.CRC16_Calculate   crcs.o
    0x08000964   0x08000964   0x00000030   Code   RO         1782    i.CRC16_Verify      crcs.o
    0x08000994   0x08000994   0x00000114   Code   RO          774    i.Chassis_PowerCapControl  chassis_task.o
    0x08000aa8   0x08000aa8   0x0000000c   Code   RO          628    i.DMA1_Stream1_IRQHandler  stm32f4xx_it.o
    0x08000ab4   0x08000ab4   0x0000000c   Code   RO          629    i.DMA1_Stream4_IRQHandler  stm32f4xx_it.o
    0x08000ac0   0x08000ac0   0x0000000c   Code   RO          630    i.DMA2_Stream1_IRQHandler  stm32f4xx_it.o
    0x08000acc   0x08000acc   0x0000000c   Code   RO          631    i.DMA2_Stream2_IRQHandler  stm32f4xx_it.o
    0x08000ad8   0x08000ad8   0x0000000c   Code   RO          632    i.DMA2_Stream6_IRQHandler  stm32f4xx_it.o
    0x08000ae4   0x08000ae4   0x00000028   Code   RO         2938    i.DMA_CalcBaseAndBitshift  stm32f4xx_hal_dma.o
    0x08000b0c   0x08000b0c   0x00000054   Code   RO         2939    i.DMA_CheckFifoParam  stm32f4xx_hal_dma.o
    0x08000b60   0x08000b60   0x00000028   Code   RO         2940    i.DMA_SetConfig     stm32f4xx_hal_dma.o
    0x08000b88   0x08000b88   0x00000002   Code   RO          633    i.DebugMon_Handler  stm32f4xx_it.o
    0x08000b8a   0x08000b8a   0x00000004   Code   RO           13    i.Error_Handler     main.o
    0x08000b8e   0x08000b8e   0x00000024   Code   RO         2194    i.HAL_CAN_ActivateNotification  stm32f4xx_hal_can.o
    0x08000bb2   0x08000bb2   0x000000c8   Code   RO         2195    i.HAL_CAN_AddTxMessage  stm32f4xx_hal_can.o
    0x08000c7a   0x08000c7a   0x00000002   PAD
    0x08000c7c   0x08000c7c   0x0000010c   Code   RO         2196    i.HAL_CAN_ConfigFilter  stm32f4xx_hal_can.o
    0x08000d88   0x08000d88   0x00000002   Code   RO         2199    i.HAL_CAN_ErrorCallback  stm32f4xx_hal_can.o
    0x08000d8a   0x08000d8a   0x000000e8   Code   RO         2202    i.HAL_CAN_GetRxMessage  stm32f4xx_hal_can.o
    0x08000e72   0x08000e72   0x000001fc   Code   RO         2206    i.HAL_CAN_IRQHandler  stm32f4xx_hal_can.o
    0x0800106e   0x0800106e   0x0000011a   Code   RO         2207    i.HAL_CAN_Init      stm32f4xx_hal_can.o
    0x08001188   0x08001188   0x0000011c   Code   RO          347    i.HAL_CAN_MspInit   can.o
    0x080012a4   0x080012a4   0x00000002   Code   RO         2214    i.HAL_CAN_RxFifo0FullCallback  stm32f4xx_hal_can.o
    0x080012a6   0x080012a6   0x00000002   PAD
    0x080012a8   0x080012a8   0x00000188   Code   RO         1541    i.HAL_CAN_RxFifo0MsgPendingCallback  can_receive.o
    0x08001430   0x08001430   0x00000002   Code   RO         2216    i.HAL_CAN_RxFifo1FullCallback  stm32f4xx_hal_can.o
    0x08001432   0x08001432   0x00000002   Code   RO         2217    i.HAL_CAN_RxFifo1MsgPendingCallback  stm32f4xx_hal_can.o
    0x08001434   0x08001434   0x00000002   Code   RO         2218    i.HAL_CAN_SleepCallback  stm32f4xx_hal_can.o
    0x08001436   0x08001436   0x00000002   PAD
    0x08001438   0x08001438   0x00000058   Code   RO         2219    i.HAL_CAN_Start     stm32f4xx_hal_can.o
    0x08001490   0x08001490   0x00000002   Code   RO         2221    i.HAL_CAN_TxMailbox0AbortCallback  stm32f4xx_hal_can.o
    0x08001492   0x08001492   0x00000002   Code   RO         2222    i.HAL_CAN_TxMailbox0CompleteCallback  stm32f4xx_hal_can.o
    0x08001494   0x08001494   0x00000002   Code   RO         2223    i.HAL_CAN_TxMailbox1AbortCallback  stm32f4xx_hal_can.o
    0x08001496   0x08001496   0x00000002   Code   RO         2224    i.HAL_CAN_TxMailbox1CompleteCallback  stm32f4xx_hal_can.o
    0x08001498   0x08001498   0x00000002   Code   RO         2225    i.HAL_CAN_TxMailbox2AbortCallback  stm32f4xx_hal_can.o
    0x0800149a   0x0800149a   0x00000002   Code   RO         2226    i.HAL_CAN_TxMailbox2CompleteCallback  stm32f4xx_hal_can.o
    0x0800149c   0x0800149c   0x00000002   Code   RO         2228    i.HAL_CAN_WakeUpFromRxMsgCallback  stm32f4xx_hal_can.o
    0x0800149e   0x0800149e   0x00000022   Code   RO         3645    i.HAL_CRC_Init      stm32f4xx_hal_crc.o
    0x080014c0   0x080014c0   0x00000028   Code   RO          396    i.HAL_CRC_MspInit   crc.o
    0x080014e8   0x080014e8   0x00000092   Code   RO         2941    i.HAL_DMA_Abort     stm32f4xx_hal_dma.o
    0x0800157a   0x0800157a   0x00000024   Code   RO         2942    i.HAL_DMA_Abort_IT  stm32f4xx_hal_dma.o
    0x0800159e   0x0800159e   0x00000002   PAD
    0x080015a0   0x080015a0   0x000001a0   Code   RO         2946    i.HAL_DMA_IRQHandler  stm32f4xx_hal_dma.o
    0x08001740   0x08001740   0x000000d4   Code   RO         2947    i.HAL_DMA_Init      stm32f4xx_hal_dma.o
    0x08001814   0x08001814   0x0000006e   Code   RO         2951    i.HAL_DMA_Start_IT  stm32f4xx_hal_dma.o
    0x08001882   0x08001882   0x00000002   PAD
    0x08001884   0x08001884   0x00000234   Code   RO         2834    i.HAL_GPIO_Init     stm32f4xx_hal_gpio.o
    0x08001ab8   0x08001ab8   0x0000000a   Code   RO         2838    i.HAL_GPIO_WritePin  stm32f4xx_hal_gpio.o
    0x08001ac2   0x08001ac2   0x00000002   PAD
    0x08001ac4   0x08001ac4   0x0000000c   Code   RO         3386    i.HAL_GetTick       stm32f4xx_hal.o
    0x08001ad0   0x08001ad0   0x00000010   Code   RO         3392    i.HAL_IncTick       stm32f4xx_hal.o
    0x08001ae0   0x08001ae0   0x00000034   Code   RO         3393    i.HAL_Init          stm32f4xx_hal.o
    0x08001b14   0x08001b14   0x00000040   Code   RO         3394    i.HAL_InitTick      stm32f4xx_hal.o
    0x08001b54   0x08001b54   0x00000038   Code   RO          750    i.HAL_MspInit       stm32f4xx_hal_msp.o
    0x08001b8c   0x08001b8c   0x0000001a   Code   RO         3241    i.HAL_NVIC_EnableIRQ  stm32f4xx_hal_cortex.o
    0x08001ba6   0x08001ba6   0x00000002   PAD
    0x08001ba8   0x08001ba8   0x00000040   Code   RO         3247    i.HAL_NVIC_SetPriority  stm32f4xx_hal_cortex.o
    0x08001be8   0x08001be8   0x00000024   Code   RO         3248    i.HAL_NVIC_SetPriorityGrouping  stm32f4xx_hal_cortex.o
    0x08001c0c   0x08001c0c   0x00000134   Code   RO         2428    i.HAL_RCC_ClockConfig  stm32f4xx_hal_rcc.o
    0x08001d40   0x08001d40   0x00000020   Code   RO         2435    i.HAL_RCC_GetPCLK1Freq  stm32f4xx_hal_rcc.o
    0x08001d60   0x08001d60   0x00000020   Code   RO         2436    i.HAL_RCC_GetPCLK2Freq  stm32f4xx_hal_rcc.o
    0x08001d80   0x08001d80   0x00000064   Code   RO         2437    i.HAL_RCC_GetSysClockFreq  stm32f4xx_hal_rcc.o
    0x08001de4   0x08001de4   0x0000036c   Code   RO         2440    i.HAL_RCC_OscConfig  stm32f4xx_hal_rcc.o
    0x08002150   0x08002150   0x000000bc   Code   RO         3712    i.HAL_SPI_Init      stm32f4xx_hal_spi.o
    0x0800220c   0x0800220c   0x0000006c   Code   RO          462    i.HAL_SPI_MspInit   spi.o
    0x08002278   0x08002278   0x00000028   Code   RO         3252    i.HAL_SYSTICK_Config  stm32f4xx_hal_cortex.o
    0x080022a0   0x080022a0   0x00000054   Code   RO         4732    i.HAL_TIMEx_ConfigBreakDeadTime  stm32f4xx_hal_tim_ex.o
    0x080022f4   0x080022f4   0x00000090   Code   RO         4748    i.HAL_TIMEx_MasterConfigSynchronization  stm32f4xx_hal_tim_ex.o
    0x08002384   0x08002384   0x00000100   Code   RO          503    i.HAL_TIM_MspPostInit  tim.o
    0x08002484   0x08002484   0x000000cc   Code   RO         4097    i.HAL_TIM_PWM_ConfigChannel  stm32f4xx_hal_tim.o
    0x08002550   0x08002550   0x0000005a   Code   RO         4100    i.HAL_TIM_PWM_Init  stm32f4xx_hal_tim.o
    0x080025aa   0x080025aa   0x00000002   PAD
    0x080025ac   0x080025ac   0x00000074   Code   RO          505    i.HAL_TIM_PWM_MspInit  tim.o
    0x08002620   0x08002620   0x00000002   Code   RO         5007    i.HAL_UARTEx_RxEventCallback  stm32f4xx_hal_uart.o
    0x08002622   0x08002622   0x00000002   Code   RO         5021    i.HAL_UART_ErrorCallback  stm32f4xx_hal_uart.o
    0x08002624   0x08002624   0x00000268   Code   RO         5024    i.HAL_UART_IRQHandler  stm32f4xx_hal_uart.o
    0x0800288c   0x0800288c   0x00000062   Code   RO         5025    i.HAL_UART_Init     stm32f4xx_hal_uart.o
    0x080028ee   0x080028ee   0x00000002   PAD
    0x080028f0   0x080028f0   0x00000230   Code   RO          570    i.HAL_UART_MspInit  usart.o
    0x08002b20   0x08002b20   0x00000002   Code   RO         5031    i.HAL_UART_RxCpltCallback  stm32f4xx_hal_uart.o
    0x08002b22   0x08002b22   0x00000002   PAD
    0x08002b24   0x08002b24   0x0000008c   Code   RO         5034    i.HAL_UART_Transmit_DMA  stm32f4xx_hal_uart.o
    0x08002bb0   0x08002bb0   0x00000002   Code   RO         5036    i.HAL_UART_TxCpltCallback  stm32f4xx_hal_uart.o
    0x08002bb2   0x08002bb2   0x00000002   Code   RO         5037    i.HAL_UART_TxHalfCpltCallback  stm32f4xx_hal_uart.o
    0x08002bb4   0x08002bb4   0x00000002   Code   RO          634    i.HardFault_Handler  stm32f4xx_it.o
    0x08002bb6   0x08002bb6   0x00000002   PAD
    0x08002bb8   0x08002bb8   0x0000004c   Code   RO          348    i.MX_CAN1_Init      can.o
    0x08002c04   0x08002c04   0x0000004c   Code   RO          349    i.MX_CAN2_Init      can.o
    0x08002c50   0x08002c50   0x00000024   Code   RO          397    i.MX_CRC_Init       crc.o
    0x08002c74   0x08002c74   0x0000007c   Code   RO          437    i.MX_DMA_Init       dma.o
    0x08002cf0   0x08002cf0   0x00000068   Code   RO          272    i.MX_FREERTOS_Init  freertos.o
    0x08002d58   0x08002d58   0x00000110   Code   RO          248    i.MX_GPIO_Init      gpio.o
    0x08002e68   0x08002e68   0x00000048   Code   RO          463    i.MX_SPI5_Init      spi.o
    0x08002eb0   0x08002eb0   0x000000a4   Code   RO          506    i.MX_TIM2_Init      tim.o
    0x08002f54   0x08002f54   0x00000084   Code   RO          507    i.MX_TIM4_Init      tim.o
    0x08002fd8   0x08002fd8   0x000000a4   Code   RO          508    i.MX_TIM5_Init      tim.o
    0x0800307c   0x0800307c   0x000000d8   Code   RO          509    i.MX_TIM8_Init      tim.o
    0x08003154   0x08003154   0x0000003c   Code   RO          571    i.MX_USART1_UART_Init  usart.o
    0x08003190   0x08003190   0x00000038   Code   RO          572    i.MX_USART3_UART_Init  usart.o
    0x080031c8   0x080031c8   0x00000038   Code   RO          573    i.MX_USART6_UART_Init  usart.o
    0x08003200   0x08003200   0x00000002   Code   RO          635    i.MemManage_Handler  stm32f4xx_it.o
    0x08003202   0x08003202   0x00000002   Code   RO          636    i.NMI_Handler       stm32f4xx_it.o
    0x08003204   0x08003204   0x00000128   Code   RO         1626    i.PID_calc          pid.o
    0x0800332c   0x0800332c   0x0000005c   Code   RO         1627    i.PID_init          pid.o
    0x08003388   0x08003388   0x0000018c   Code   RO         2069    i.Referee_SolveFifoData  referee.o
    0x08003514   0x08003514   0x0000009c   Code   RO         2070    i.Referee_StructInit  referee.o
    0x080035b0   0x080035b0   0x000000cc   Code   RO         2071    i.Referee_UARTInit  referee.o
    0x0800367c   0x0800367c   0x000000f6   Code   RO         2072    i.Referee_UnpackFifoData  referee.o
    0x08003772   0x08003772   0x00000002   PAD
    0x08003774   0x08003774   0x0000001c   Code   RO         1038    i.Referee_Usart_Unpack  referee_task.o
    0x08003790   0x08003790   0x00000018   Code   RO          637    i.SysTick_Handler   stm32f4xx_it.o
    0x080037a8   0x080037a8   0x00000094   Code   RO           14    i.SystemClock_Config  main.o
    0x0800383c   0x0800383c   0x00000010   Code   RO         5354    i.SystemInit        system_stm32f4xx.o
    0x0800384c   0x0800384c   0x000000c8   Code   RO         4118    i.TIM_Base_SetConfig  stm32f4xx_hal_tim.o
    0x08003914   0x08003914   0x00000060   Code   RO         4131    i.TIM_OC1_SetConfig  stm32f4xx_hal_tim.o
    0x08003974   0x08003974   0x0000006c   Code   RO         4132    i.TIM_OC2_SetConfig  stm32f4xx_hal_tim.o
    0x080039e0   0x080039e0   0x00000068   Code   RO         4133    i.TIM_OC3_SetConfig  stm32f4xx_hal_tim.o
    0x08003a48   0x08003a48   0x00000050   Code   RO         4134    i.TIM_OC4_SetConfig  stm32f4xx_hal_tim.o
    0x08003a98   0x08003a98   0x00000010   Code   RO         5038    i.UART_DMAAbortOnError  stm32f4xx_hal_uart.o
    0x08003aa8   0x08003aa8   0x0000004a   Code   RO         5039    i.UART_DMAError     stm32f4xx_hal_uart.o
    0x08003af2   0x08003af2   0x00000042   Code   RO         5044    i.UART_DMATransmitCplt  stm32f4xx_hal_uart.o
    0x08003b34   0x08003b34   0x0000000a   Code   RO         5046    i.UART_DMATxHalfCplt  stm32f4xx_hal_uart.o
    0x08003b3e   0x08003b3e   0x0000004e   Code   RO         5048    i.UART_EndRxTransfer  stm32f4xx_hal_uart.o
    0x08003b8c   0x08003b8c   0x0000001c   Code   RO         5049    i.UART_EndTxTransfer  stm32f4xx_hal_uart.o
    0x08003ba8   0x08003ba8   0x000000c0   Code   RO         5050    i.UART_Receive_IT   stm32f4xx_hal_uart.o
    0x08003c68   0x08003c68   0x0000010c   Code   RO         5051    i.UART_SetConfig    stm32f4xx_hal_uart.o
    0x08003d74   0x08003d74   0x00000086   Code   RO         2073    i.UI_Draw_Arc       referee.o
    0x08003dfa   0x08003dfa   0x00000002   PAD
    0x08003dfc   0x08003dfc   0x000000a8   Code   RO         2076    i.UI_Draw_Float     referee.o
    0x08003ea4   0x08003ea4   0x00000070   Code   RO         2078    i.UI_Draw_Line      referee.o
    0x08003f14   0x08003f14   0x00000092   Code   RO         2080    i.UI_Draw_String    referee.o
    0x08003fa6   0x08003fa6   0x00000002   PAD
    0x08003fa8   0x08003fa8   0x00000108   Code   RO         2082    i.UI_PushUp_Graphs  referee.o
    0x080040b0   0x080040b0   0x00000058   Code   RO         2083    i.UI_PushUp_String  referee.o
    0x08004108   0x08004108   0x00000018   Code   RO         1270    i.USART1_IRQHandler  bsp_uart.o
    0x08004120   0x08004120   0x000000a0   Code   RO         1039    i.USART3_IRQHandler  referee_task.o
    0x080041c0   0x080041c0   0x0000000c   Code   RO          638    i.USART6_IRQHandler  stm32f4xx_it.o
    0x080041cc   0x080041cc   0x00000002   Code   RO          639    i.UsageFault_Handler  stm32f4xx_it.o
    0x080041ce   0x080041ce   0x00000030   Code   RO         7383    i.__ARM_fpclassify  m_wm.l(fpclassify.o)
    0x080041fe   0x080041fe   0x00000020   Code   RO         3254    i.__NVIC_SetPriority  stm32f4xx_hal_cortex.o
    0x0800421e   0x0800421e   0x00000002   PAD
    0x08004220   0x08004220   0x00000080   Code   RO         7221    i.__hardfp_tan      m_wm.l(tan.o)
    0x080042a0   0x080042a0   0x00000438   Code   RO         7388    i.__ieee754_rem_pio2  m_wm.l(rred.o)
    0x080046d8   0x080046d8   0x000000f8   Code   RO         7385    i.__kernel_poly     m_wm.l(poly.o)
    0x080047d0   0x080047d0   0x00000350   Code   RO         7393    i.__kernel_tan      m_wm.l(tan_i.o)
    0x08004b20   0x08004b20   0x00000014   Code   RO         7370    i.__mathlib_dbl_infnan  m_wm.l(dunder.o)
    0x08004b34   0x08004b34   0x00000004   PAD
    0x08004b38   0x08004b38   0x00000020   Code   RO         7372    i.__mathlib_dbl_invalid  m_wm.l(dunder.o)
    0x08004b58   0x08004b58   0x00000020   Code   RO         7375    i.__mathlib_dbl_underflow  m_wm.l(dunder.o)
    0x08004b78   0x08004b78   0x00000048   Code   RO         1485    i.calculate_chassis_follow_gimbal_motor_speed_with_target_ecd  chassis_motor.o
    0x08004bc0   0x08004bc0   0x000000b8   Code   RO         1486    i.calculate_chassis_motor_target_current_with_target_speed  chassis_motor.o
    0x08004c78   0x08004c78   0x00000028   Code   RO         1487    i.calculate_chassis_motor_target_speed_with_kinematics_solution  chassis_motor.o
    0x08004ca0   0x08004ca0   0x00000058   Code   RO         1333    i.can_filter_init   bsp_can.o
    0x08004cf8   0x08004cf8   0x000000a8   Code   RO         1488    i.chassis_motor_init  chassis_motor.o
    0x08004da0   0x08004da0   0x0000027c   Code   RO          776    i.chassis_task      chassis_task.o
    0x0800501c   0x0800501c   0x0000003c   Code   RO          991    i.comm_task         comm_task.o
    0x08005058   0x08005058   0x00000018   Code   RO         7217    i.fabs              m_wm.l(fabs.o)
    0x08005070   0x08005070   0x0000002c   Code   RO         1870    i.fifo_s_get        fifo.o
    0x0800509c   0x0800509c   0x00000016   Code   RO         1873    i.fifo_s_init       fifo.o
    0x080050b2   0x080050b2   0x0000007c   Code   RO         1879    i.fifo_s_puts       fifo.o
    0x0800512e   0x0800512e   0x00000004   Code   RO         1881    i.fifo_s_used       fifo.o
    0x08005132   0x08005132   0x0000001c   Code   RO         1434    i.get_motor3508_data  motor_can.o
    0x0800514e   0x0800514e   0x0000001c   Code   RO         1435    i.get_motor6020_data  motor_can.o
    0x0800516a   0x0800516a   0x00000002   PAD
    0x0800516c   0x0800516c   0x00000058   Code   RO           15    i.main              main.o
    0x080051c4   0x080051c4   0x0000000c   Code   RO         6414    i.makeFreeRtosPriority  cmsis_os.o
    0x080051d0   0x080051d0   0x0000000a   Code   RO         6419    i.osKernelStart     cmsis_os.o
    0x080051da   0x080051da   0x0000005c   Code   RO         6453    i.osThreadCreate    cmsis_os.o
    0x08005236   0x08005236   0x00000002   PAD
    0x08005238   0x08005238   0x00000080   Code   RO         5882    i.prvAddCurrentTaskToDelayedList  tasks.o
    0x080052b8   0x080052b8   0x00000088   Code   RO         5883    i.prvAddNewTaskToReadyList  tasks.o
    0x08005340   0x08005340   0x0000005c   Code   RO         6246    i.prvCheckForValidListAndQueue  timers.o
    0x0800539c   0x0800539c   0x00000040   Code   RO         5884    i.prvCheckTasksWaitingTermination  tasks.o
    0x080053dc   0x080053dc   0x00000024   Code   RO         5532    i.prvCopyDataFromQueue  queue.o
    0x08005400   0x08005400   0x0000006e   Code   RO         5533    i.prvCopyDataToQueue  queue.o
    0x0800546e   0x0800546e   0x00000040   Code   RO         5885    i.prvDeleteTCB      tasks.o
    0x080054ae   0x080054ae   0x00000002   PAD
    0x080054b0   0x080054b0   0x00000024   Code   RO         6247    i.prvGetNextExpireTime  timers.o
    0x080054d4   0x080054d4   0x00000050   Code   RO         6793    i.prvHeapInit       heap_4.o
    0x08005524   0x08005524   0x00000028   Code   RO         5886    i.prvIdleTask       tasks.o
    0x0800554c   0x0800554c   0x00000018   Code   RO         5536    i.prvInitialiseNewQueue  queue.o
    0x08005564   0x08005564   0x00000098   Code   RO         5887    i.prvInitialiseNewTask  tasks.o
    0x080055fc   0x080055fc   0x00000060   Code   RO         5888    i.prvInitialiseTaskLists  tasks.o
    0x0800565c   0x0800565c   0x0000005c   Code   RO         6794    i.prvInsertBlockIntoFreeList  heap_4.o
    0x080056b8   0x080056b8   0x00000048   Code   RO         6249    i.prvInsertTimerInActiveList  timers.o
    0x08005700   0x08005700   0x0000001a   Code   RO         5537    i.prvIsQueueEmpty   queue.o
    0x0800571a   0x0800571a   0x0000001e   Code   RO         5538    i.prvIsQueueFull    queue.o
    0x08005738   0x08005738   0x00000068   Code   RO         6250    i.prvProcessExpiredTimer  timers.o
    0x080057a0   0x080057a0   0x00000110   Code   RO         6251    i.prvProcessReceivedCommands  timers.o
    0x080058b0   0x080058b0   0x0000006c   Code   RO         6252    i.prvProcessTimerOrBlockTask  timers.o
    0x0800591c   0x0800591c   0x00000024   Code   RO         5889    i.prvResetNextTaskUnblockTime  tasks.o
    0x08005940   0x08005940   0x0000002c   Code   RO         6253    i.prvSampleTimeNow  timers.o
    0x0800596c   0x0800596c   0x00000078   Code   RO         6254    i.prvSwitchTimerLists  timers.o
    0x080059e4   0x080059e4   0x00000030   Code   RO         6849    i.prvTaskExitError  port.o
    0x08005a14   0x08005a14   0x00000014   Code   RO         6255    i.prvTimerTask      timers.o
    0x08005a28   0x08005a28   0x00000068   Code   RO         5539    i.prvUnlockQueue    queue.o
    0x08005a90   0x08005a90   0x000000e8   Code   RO         6795    i.pvPortMalloc      heap_4.o
    0x08005b78   0x08005b78   0x0000002c   Code   RO         6850    i.pxPortInitialiseStack  port.o
    0x08005ba4   0x08005ba4   0x0000008c   Code   RO         1273    i.rc_callback_handler  bsp_uart.o
    0x08005c30   0x08005c30   0x00000dd4   Code   RO         1040    i.referee_task      referee_task.o
    0x08006a04   0x08006a04   0x00000024   Code   RO         1738    i.send_data_to_vofa4  vofa.o
    0x08006a28   0x08006a28   0x00000050   Code   RO         1436    i.send_motor_3508current_through_CAN1  motor_can.o
    0x08006a78   0x08006a78   0x00000038   Code   RO         1572    i.send_one_float_data_through_CAN2  can_transmit.o
    0x08006ab0   0x08006ab0   0x00000088   Code   RO         1573    i.send_power_information_to_Cap_through_CAN1  can_transmit.o
    0x08006b38   0x08006b38   0x0000006c   Code   RO         1574    i.send_referee_data_through_CAN2  can_transmit.o
    0x08006ba4   0x08006ba4   0x00000048   Code   RO         1575    i.send_remain_HP_through_CAN2  can_transmit.o
    0x08006bec   0x08006bec   0x00000060   Code   RO         1274    i.uart_receive_handler  bsp_uart.o
    0x08006c4c   0x08006c4c   0x00000026   Code   RO         5492    i.uxListRemove      list.o
    0x08006c72   0x08006c72   0x00000002   PAD
    0x08006c74   0x08006c74   0x00000014   Code   RO          277    i.vApplicationGetIdleTaskMemory  freertos.o
    0x08006c88   0x08006c88   0x00000018   Code   RO          278    i.vApplicationGetTimerTaskMemory  freertos.o
    0x08006ca0   0x08006ca0   0x00000016   Code   RO         5493    i.vListInitialise   list.o
    0x08006cb6   0x08006cb6   0x00000006   Code   RO         5494    i.vListInitialiseItem  list.o
    0x08006cbc   0x08006cbc   0x00000036   Code   RO         5495    i.vListInsert       list.o
    0x08006cf2   0x08006cf2   0x00000018   Code   RO         5496    i.vListInsertEnd    list.o
    0x08006d0a   0x08006d0a   0x00000002   PAD
    0x08006d0c   0x08006d0c   0x00000040   Code   RO         6852    i.vPortEnterCritical  port.o
    0x08006d4c   0x08006d4c   0x0000002c   Code   RO         6853    i.vPortExitCritical  port.o
    0x08006d78   0x08006d78   0x00000064   Code   RO         6796    i.vPortFree         heap_4.o
    0x08006ddc   0x08006ddc   0x00000024   Code   RO         6854    i.vPortSetupTimerInterrupt  port.o
    0x08006e00   0x08006e00   0x00000054   Code   RO         6855    i.vPortValidateInterruptPriority  port.o
    0x08006e54   0x08006e54   0x00000028   Code   RO         5543    i.vQueueAddToRegistry  queue.o
    0x08006e7c   0x08006e7c   0x0000004a   Code   RO         5546    i.vQueueWaitForMessageRestricted  queue.o
    0x08006ec6   0x08006ec6   0x00000002   PAD
    0x08006ec8   0x08006ec8   0x00000050   Code   RO         5901    i.vTaskDelay        tasks.o
    0x08006f18   0x08006f18   0x00000010   Code   RO         5905    i.vTaskInternalSetTimeOutState  tasks.o
    0x08006f28   0x08006f28   0x0000000c   Code   RO         5906    i.vTaskMissedYield  tasks.o
    0x08006f34   0x08006f34   0x00000034   Code   RO         5908    i.vTaskPlaceOnEventList  tasks.o
    0x08006f68   0x08006f68   0x0000003c   Code   RO         5909    i.vTaskPlaceOnEventListRestricted  tasks.o
    0x08006fa4   0x08006fa4   0x00000090   Code   RO         5916    i.vTaskStartScheduler  tasks.o
    0x08007034   0x08007034   0x00000010   Code   RO         5918    i.vTaskSuspendAll   tasks.o
    0x08007044   0x08007044   0x00000060   Code   RO         5919    i.vTaskSwitchContext  tasks.o
    0x080070a4   0x080070a4   0x00000104   Code   RO         6856    i.xPortStartScheduler  port.o
    0x080071a8   0x080071a8   0x0000002c   Code   RO         6857    i.xPortSysTickHandler  port.o
    0x080071d4   0x080071d4   0x00000070   Code   RO         5550    i.xQueueGenericCreateStatic  queue.o
    0x08007244   0x08007244   0x00000090   Code   RO         5551    i.xQueueGenericReset  queue.o
    0x080072d4   0x080072d4   0x00000170   Code   RO         5552    i.xQueueGenericSend  queue.o
    0x08007444   0x08007444   0x000000be   Code   RO         5553    i.xQueueGenericSendFromISR  queue.o
    0x08007502   0x08007502   0x00000002   PAD
    0x08007504   0x08007504   0x00000148   Code   RO         5561    i.xQueueReceive     queue.o
    0x0800764c   0x0800764c   0x00000098   Code   RO         5922    i.xTaskCheckForTimeOut  tasks.o
    0x080076e4   0x080076e4   0x0000006c   Code   RO         5923    i.xTaskCreate       tasks.o
    0x08007750   0x08007750   0x00000060   Code   RO         5924    i.xTaskCreateStatic  tasks.o
    0x080077b0   0x080077b0   0x0000001c   Code   RO         5929    i.xTaskGetSchedulerState  tasks.o
    0x080077cc   0x080077cc   0x0000000c   Code   RO         5930    i.xTaskGetTickCount  tasks.o
    0x080077d8   0x080077d8   0x000000d4   Code   RO         5932    i.xTaskIncrementTick  tasks.o
    0x080078ac   0x080078ac   0x0000009c   Code   RO         5935    i.xTaskPriorityDisinherit  tasks.o
    0x08007948   0x08007948   0x00000078   Code   RO         5937    i.xTaskRemoveFromEventList  tasks.o
    0x080079c0   0x080079c0   0x000000cc   Code   RO         5938    i.xTaskResumeAll    tasks.o
    0x08007a8c   0x08007a8c   0x00000068   Code   RO         6262    i.xTimerCreateTimerTask  timers.o
    0x08007af4   0x08007af4   0x00000074   Code   RO         6263    i.xTimerGenericCommand  timers.o
    0x08007b68   0x08007b68   0x00000018   Code   RO         7326    x$fpl$basic         g_wm.l(basic.o)
    0x08007b80   0x08007b80   0x000002c4   Code   RO         7165    x$fpl$d2f           g_wm.l(d2f_clz.o)
    0x08007e44   0x08007e44   0x0000024c   Code   RO         7167    x$fpl$dadd          g_wm.l(daddsub_clz.o)
    0x08008090   0x08008090   0x0000037c   Code   RO         7329    x$fpl$ddiv          g_wm.l(ddiv_clz.o)
    0x0800840c   0x0800840c   0x000000c8   Code   RO         7447    x$fpl$dfix          g_wm.l(dfix.o)
    0x080084d4   0x080084d4   0x000000dc   Code   RO         7173    x$fpl$dfixu         g_wm.l(dfixu.o)
    0x080085b0   0x080085b0   0x0000002e   Code   RO         7178    x$fpl$dflt          g_wm.l(dflt_clz.o)
    0x080085de   0x080085de   0x0000001a   Code   RO         7179    x$fpl$dfltn         g_wm.l(dflt_clz.o)
    0x080085f8   0x080085f8   0x00000026   Code   RO         7177    x$fpl$dfltu         g_wm.l(dflt_clz.o)
    0x0800861e   0x0800861e   0x00000002   PAD
    0x08008620   0x08008620   0x000001c0   Code   RO         7183    x$fpl$dmul          g_wm.l(dmul_clz.o)
    0x080087e0   0x080087e0   0x00000102   Code   RO         7334    x$fpl$dnaninf       g_wm.l(dnaninf.o)
    0x080088e2   0x080088e2   0x00000070   Code   RO         7336    x$fpl$drenorm       g_wm.l(drenorm_clz.o)
    0x08008952   0x08008952   0x0000000c   Code   RO         7338    x$fpl$dretinf       g_wm.l(dretinf.o)
    0x0800895e   0x0800895e   0x00000002   PAD
    0x08008960   0x08008960   0x00000050   Code   RO         7168    x$fpl$drsb          g_wm.l(daddsub_clz.o)
    0x080089b0   0x080089b0   0x0000029c   Code   RO         7169    x$fpl$dsub          g_wm.l(daddsub_clz.o)
    0x08008c4c   0x08008c4c   0x0000017a   Code   RO         7342    x$fpl$dunder        g_wm.l(dunder_clz.o)
    0x08008dc6   0x08008dc6   0x00000002   PAD
    0x08008dc8   0x08008dc8   0x000001ec   Code   RO         7344    x$fpl$exception     g_wm.l(except.o)
    0x08008fb4   0x08008fb4   0x0000007a   Code   RO         7187    x$fpl$f2d           g_wm.l(f2d.o)
    0x0800902e   0x0800902e   0x000000f2   Code   RO         7346    x$fpl$fnaninf       g_wm.l(fnaninf.o)
    0x08009120   0x08009120   0x0000000a   Code   RO         7451    x$fpl$fpinit        g_wm.l(fpinit.o)
    0x0800912a   0x0800912a   0x0000000a   Code   RO         7348    x$fpl$fretinf       g_wm.l(fretinf.o)
    0x08009134   0x08009134   0x0000013c   Code   RO         7350    x$fpl$funder        g_wm.l(funder_clz.o)
    0x08009270   0x08009270   0x000000b2   Code   RO         7453    x$fpl$retnan        g_wm.l(retnan.o)
    0x08009322   0x08009322   0x0000007e   Code   RO         7352    x$fpl$trapveneer    g_wm.l(trapv.o)
    0x080093a0   0x080093a0   0x00000000   Code   RO         7354    x$fpl$usenofp       g_wm.l(usenofp.o)
    0x080093a0   0x080093a0   0x00000070   Data   RO          280    .constdata          freertos.o
    0x08009410   0x08009410   0x00000300   Data   RO         1786    .constdata          crcs.o
    0x08009710   0x08009710   0x00000008   Data   RO         2953    .constdata          stm32f4xx_hal_dma.o
    0x08009718   0x08009718   0x00000010   Data   RO         5355    .constdata          system_stm32f4xx.o
    0x08009728   0x08009728   0x00000008   Data   RO         5356    .constdata          system_stm32f4xx.o
    0x08009730   0x08009730   0x00000804   Data   RO         7058    .constdata          arm_cortexM4lf_math.lib(arm_common_tables.o)
    0x08009f34   0x08009f34   0x00000004   PAD
    0x08009f38   0x08009f38   0x000000c8   Data   RO         7390    .constdata          m_wm.l(rred.o)
    0x0800a000   0x0800a000   0x00000060   Data   RO         7394    .constdata          m_wm.l(tan_i.o)
    0x0800a060   0x0800a060   0x00000039   Data   RO          281    .conststring        freertos.o
    0x0800a099   0x0800a099   0x00000003   PAD
    0x0800a09c   0x0800a09c   0x00000020   Data   RO         7542    Region$$Table       anon$$obj.o


    Execution Region RW_IRAM2 (Exec base: 0x10000000, Load base: 0x0800a104, Size: 0x00000000, Max: 0x00010000, ABSOLUTE)

    **** No section assigned to this execution region ****


    Execution Region RW_IRAM1 (Exec base: 0x20000000, Load base: 0x0800a0bc, Size: 0x00005de0, Max: 0x00030000, ABSOLUTE, COMPRESSED[0x00000048])

    Exec Addr    Load Addr    Size         Type   Attr      Idx    E Section Name        Object

    0x20000000   COMPRESSED   0x00000010   Data   RW          282    .data               freertos.o
    0x20000010   COMPRESSED   0x00000004   Data   RW          351    .data               can.o
    0x20000014   COMPRESSED   0x00000008   Data   RW          398    .data               crc.o
    0x2000001c   COMPRESSED   0x0000002c   Data   RW          778    .data               chassis_task.o
    0x20000048   COMPRESSED   0x00000030   Data   RW         1044    .data               referee_task.o
    0x20000078   COMPRESSED   0x0000002c   Data   RW         1490    .data               chassis_motor.o
    0x200000a4   COMPRESSED   0x00000008   Data   RW         1542    .data               can_receive.o
    0x200000ac   COMPRESSED   0x00000004   Data   RW         1577    .data               can_transmit.o
    0x200000b0   COMPRESSED   0x00000024   Data   RW         1739    .data               vofa.o
    0x200000d4   COMPRESSED   0x0000003c   Data   RW         2091    .data               referee.o
    0x20000110   COMPRESSED   0x0000000c   Data   RW         3400    .data               stm32f4xx_hal.o
    0x2000011c   COMPRESSED   0x00000004   Data   RW         5357    .data               system_stm32f4xx.o
    0x20000120   COMPRESSED   0x0000003c   Data   RW         5941    .data               tasks.o
    0x2000015c   COMPRESSED   0x00000014   Data   RW         6271    .data               timers.o
    0x20000170   COMPRESSED   0x00000020   Data   RW         6802    .data               heap_4.o
    0x20000190   COMPRESSED   0x0000000c   Data   RW         6858    .data               port.o
    0x2000019c        -       0x000006a8   Zero   RW          279    .bss                freertos.o
    0x20000844        -       0x00000050   Zero   RW          350    .bss                can.o
    0x20000894        -       0x00000058   Zero   RW          464    .bss                spi.o
    0x200008ec        -       0x00000120   Zero   RW          510    .bss                tim.o
    0x20000a0c        -       0x000002ac   Zero   RW          574    .bss                usart.o
    0x20000cb8        -       0x000008a1   Zero   RW         1041    .bss                referee_task.o
    0x20001559        -       0x0000001c   Zero   RW         1275    .bss                bsp_uart.o
    0x20001575   COMPRESSED   0x00000003   PAD
    0x20001578        -       0x00000038   Zero   RW         1437    .bss                motor_can.o
    0x200015b0        -       0x00000260   Zero   RW         1489    .bss                chassis_motor.o
    0x20001810        -       0x0000007b   Zero   RW         2084    .bss                referee.o
    0x2000188b        -       0x00000078   Zero   RW         2088    .bss                referee.o
    0x20001903        -       0x0000003c   Zero   RW         2089    .bss                referee.o
    0x2000193f   COMPRESSED   0x00000001   PAD
    0x20001940        -       0x00000040   Zero   RW         5564    .bss                queue.o
    0x20001980        -       0x000000f0   Zero   RW         5940    .bss                tasks.o
    0x20001a70        -       0x00000110   Zero   RW         6270    .bss                timers.o
    0x20001b80        -       0x00003c00   Zero   RW         6801    .bss                heap_4.o
    0x20005780        -       0x00000060   Zero   RW         7402    .bss                c_w.l(libspace.o)
    0x200057e0        -       0x00000200   Zero   RW            2    HEAP                startup_stm32f427xx.o
    0x200059e0        -       0x00000400   Zero   RW            1    STACK               startup_stm32f427xx.o


==============================================================================

Image component sizes


      Code (inc. data)   RO Data    RW Data    ZI Data      Debug   Object Name

        88          8          0          0          0     611966   bsp_can.o
       260         16          0          0         28       3790   bsp_uart.o
       436         44          0          4         80       2710   can.o
       392         80          0          8          0       2400   can_receive.o
       372         50          0          4          0       3682   can_transmit.o
       464         34          0         44        608       6092   chassis_motor.o
       912         76          0         44          0       5057   chassis_task.o
       114          0          0          0          0      22537   cmsis_os.o
        60          6          0          0          0       3868   comm_task.o
        76         18          0          8          0       1687   crc.o
       156         10        768          0          0       3578   crcs.o
       124          4          0          0          0        922   dma.o
         0          0          0          0          0      19872   event_groups.o
       194          0          0          0          0       9609   fifo.o
       148         18        169         16       1704       3185   freertos.o
       272         18          0          0          0       1211   gpio.o
       504         32          0         32      15360       5259   heap_4.o
       144          0          0          0          0       3818   list.o
       240         12          0          0          0     793956   main.o
       136          4          0          0         56       3555   motor_can.o
       388          8          0          0          0       3086   pid.o
       814         92          0         12          0      12473   port.o
      1586         24          0          0         64      18260   queue.o
      1914         62          0         60        303      20607   referee.o
      3728        318          0         48       2209       5184   referee_task.o
       180         24          0          0         88       1845   spi.o
        64         26        428          0       1536        884   startup_stm32f427xx.o
       144         24          0         12          0       9193   stm32f4xx_hal.o
      1638          6          0          0          0      15043   stm32f4xx_hal_can.o
       198         14          0          0          0      34175   stm32f4xx_hal_cortex.o
        34          0          0          0          0       1123   stm32f4xx_hal_crc.o
      1084         16          8          0          0       7698   stm32f4xx_hal_dma.o
       574         54          0          0          0       2328   stm32f4xx_hal_gpio.o
        56          4          0          0          0        946   stm32f4xx_hal_msp.o
      1348         76          0          0          0       5472   stm32f4xx_hal_rcc.o
       188          0          0          0          0       1275   stm32f4xx_hal_spi.o
       882         80          0          0          0       7218   stm32f4xx_hal_tim.o
       228         28          0          0          0       2280   stm32f4xx_hal_tim_ex.o
      1596         30          0          0          0      12906   stm32f4xx_hal_uart.o
       156         60          0          0          0       8729   stm32f4xx_it.o
        16          4         24          4          0       1247   system_stm32f4xx.o
      2280        196          0         60        240      29046   tasks.o
      1048         80          0          0        288       5126   tim.o
      1088         94          0         20        272      31547   timers.o
       732         76          0          0        684       3823   usart.o
        36         10          0         36          0       1456   vofa.o

    ----------------------------------------------------------------------
     27138       1836       1432        412      23524    1751724   Object Totals
         0          0         32          0          0          0   (incl. Generated)
        46          0          3          0          4          0   (incl. Padding)

    ----------------------------------------------------------------------

      Code (inc. data)   RO Data    RW Data    ZI Data      Debug   Library Member Name

         0          0       2052          0          0       4704   arm_common_tables.o
       120         12          0          0          0      17170   arm_cos_f32.o
       148         18          0          0          0        814   arm_sin_f32.o
        58          0          0          0          0          0   __dczerorl.o
         8          0          0          0          0         68   __main.o
         0          0          0          0          0          0   __rtentry.o
        12          0          0          0          0          0   __rtentry2.o
         6          0          0          0          0          0   __rtentry4.o
        52          8          0          0          0          0   __scatter.o
        28          0          0          0          0          0   __scatter_zi.o
        48          4          0          0          0         84   _fptrap.o
        22          0          0          0          0        100   _rserrno.o
        16          0          0          0          0         68   aeabi_memset.o
        10          0          0          0          0         68   defsig_exit.o
       172        110          0          0          0         76   defsig_fpe_inner.o
        14          0          0          0          0         80   defsig_fpe_outer.o
        50          0          0          0          0         88   defsig_general.o
        18          0          0          0          0         80   exit.o
         6          0          0          0          0        152   heapauxi.o
         0          0          0          0          0          0   indicate_semi.o
         2          0          0          0          0          0   libinit.o
         6          0          0          0          0          0   libinit2.o
         2          0          0          0          0          0   libshutdown.o
         2          0          0          0          0          0   libshutdown2.o
         8          4          0          0         96         68   libspace.o
       238          0          0          0          0        100   lludivv7m.o
         8          4          0          0          0         68   rt_errno_addr_intlibspace.o
        68          0          0          0          0         68   rt_memclr.o
        78          0          0          0          0         80   rt_memclr_w.o
       138          0          0          0          0         68   rt_memcpy_v6.o
       100          0          0          0          0         80   rt_memcpy_w.o
         2          0          0          0          0          0   rtexit.o
        10          0          0          0          0          0   rtexit2.o
        12          4          0          0          0         68   sys_exit.o
        74          0          0          0          0         80   sys_stackheap_outer.o
        14          0          0          0          0         76   sys_wrch.o
         2          0          0          0          0         68   use_no_semi.o
        24          0          0          0          0        164   basic.o
       708         16          0          0          0        140   d2f_clz.o
      1336         32          0          0          0        532   daddsub_clz.o
       892        152          0          0          0        292   ddiv_clz.o
       200         16          0          0          0        184   dfix.o
       220         16          0          0          0        192   dfixu.o
       110          0          0          0          0        348   dflt_clz.o
       448         16          0          0          0        164   dmul_clz.o
       258          4          0          0          0        156   dnaninf.o
       112          0          0          0          0        160   drenorm_clz.o
        12          0          0          0          0        116   dretinf.o
       378          0          0          0          0        168   dunder_clz.o
       492         36          0          0          0        148   except.o
       122          8          0          0          0        132   f2d.o
       242          4          0          0          0        144   fnaninf.o
        10          0          0          0          0        116   fpinit.o
        10          0          0          0          0        116   fretinf.o
       316          0          0          0          0        132   funder_clz.o
       178          0          0          0          0        116   retnan.o
       126          0          0          0          0        148   trapv.o
         0          0          0          0          0          0   usenofp.o
        84         16          0          0          0        372   dunder.o
        24          0          0          0          0        124   fabs.o
        48          0          0          0          0        124   fpclassify.o
       248          0          0          0          0        152   poly.o
      1080        142        200          0          0        188   rred.o
       128         20          0          0          0        144   tan.o
       848         84         96          0          0        196   tan_i.o

    ----------------------------------------------------------------------
     10226        726       2352          0         96      29344   Library Totals
        20          0          4          0          0          0   (incl. Padding)

    ----------------------------------------------------------------------

      Code (inc. data)   RO Data    RW Data    ZI Data      Debug   Library Name

       268         30       2052          0          0      22688   arm_cortexM4lf_math.lib
      1284        134          0          0         96       1688   c_w.l
      6194        300          0          0          0       3668   g_wm.l
      2460        262        296          0          0       1300   m_wm.l

    ----------------------------------------------------------------------
     10226        726       2352          0         96      29344   Library Totals

    ----------------------------------------------------------------------

==============================================================================


      Code (inc. data)   RO Data    RW Data    ZI Data      Debug   

     37364       2562       3784        412      23620    1755684   Grand Totals
     37364       2562       3784         72      23620    1755684   ELF Image Totals (compressed)
     37364       2562       3784         72          0          0   ROM Totals

==============================================================================

    Total RO  Size (Code + RO Data)                41148 (  40.18kB)
    Total RW  Size (RW Data + ZI Data)             24032 (  23.47kB)
    Total ROM Size (Code + RO Data + RW Data)      41220 (  40.25kB)

==============================================================================

