Component: ARM Compiler 5.06 update 3 (build 300) Tool: armlink [4d35c9]

==============================================================================

Section Cross References

    startup_stm32f407xx.o(RESET) refers to startup_stm32f407xx.o(STACK) for __initial_sp
    startup_stm32f407xx.o(RESET) refers to startup_stm32f407xx.o(.text) for Reset_Handler
    startup_stm32f407xx.o(RESET) refers to stm32f4xx_it.o(i.NMI_Handler) for NMI_Handler
    startup_stm32f407xx.o(RESET) refers to stm32f4xx_it.o(i.HardFault_Handler) for HardFault_Handler
    startup_stm32f407xx.o(RESET) refers to stm32f4xx_it.o(i.MemManage_Handler) for MemManage_Handler
    startup_stm32f407xx.o(RESET) refers to stm32f4xx_it.o(i.BusFault_Handler) for BusFault_Handler
    startup_stm32f407xx.o(RESET) refers to stm32f4xx_it.o(i.UsageFault_Handler) for UsageFault_Handler
    startup_stm32f407xx.o(RESET) refers to port.o(.emb_text) for SVC_Handler
    startup_stm32f407xx.o(RESET) refers to stm32f4xx_it.o(i.DebugMon_Handler) for DebugMon_Handler
    startup_stm32f407xx.o(RESET) refers to port.o(i.SysTick_Handler) for SysTick_Handler
    startup_stm32f407xx.o(RESET) refers to stm32f4xx_it.o(i.EXTI0_IRQHandler) for EXTI0_IRQHandler
    startup_stm32f407xx.o(RESET) refers to stm32f4xx_it.o(i.EXTI3_IRQHandler) for EXTI3_IRQHandler
    startup_stm32f407xx.o(RESET) refers to stm32f4xx_it.o(i.EXTI4_IRQHandler) for EXTI4_IRQHandler
    startup_stm32f407xx.o(RESET) refers to stm32f4xx_it.o(i.DMA1_Stream1_IRQHandler) for DMA1_Stream1_IRQHandler
    startup_stm32f407xx.o(RESET) refers to stm32f4xx_it.o(i.CAN1_RX0_IRQHandler) for CAN1_RX0_IRQHandler
    startup_stm32f407xx.o(RESET) refers to stm32f4xx_it.o(i.EXTI9_5_IRQHandler) for EXTI9_5_IRQHandler
    startup_stm32f407xx.o(RESET) refers to stm32f4xx_it.o(i.USART1_IRQHandler) for USART1_IRQHandler
    startup_stm32f407xx.o(RESET) refers to remote_control.o(i.USART3_IRQHandler) for USART3_IRQHandler
    startup_stm32f407xx.o(RESET) refers to stm32f4xx_it.o(i.TIM6_DAC_IRQHandler) for TIM6_DAC_IRQHandler
    startup_stm32f407xx.o(RESET) refers to stm32f4xx_it.o(i.DMA2_Stream1_IRQHandler) for DMA2_Stream1_IRQHandler
    startup_stm32f407xx.o(RESET) refers to ins_task.o(i.DMA2_Stream2_IRQHandler) for DMA2_Stream2_IRQHandler
    startup_stm32f407xx.o(RESET) refers to stm32f4xx_it.o(i.DMA2_Stream3_IRQHandler) for DMA2_Stream3_IRQHandler
    startup_stm32f407xx.o(RESET) refers to stm32f4xx_it.o(i.CAN2_RX0_IRQHandler) for CAN2_RX0_IRQHandler
    startup_stm32f407xx.o(RESET) refers to stm32f4xx_it.o(i.DMA2_Stream5_IRQHandler) for DMA2_Stream5_IRQHandler
    startup_stm32f407xx.o(RESET) refers to stm32f4xx_it.o(i.DMA2_Stream6_IRQHandler) for DMA2_Stream6_IRQHandler
    startup_stm32f407xx.o(RESET) refers to stm32f4xx_it.o(i.DMA2_Stream7_IRQHandler) for DMA2_Stream7_IRQHandler
    startup_stm32f407xx.o(RESET) refers to stm32f4xx_it.o(i.USART6_IRQHandler) for USART6_IRQHandler
    startup_stm32f407xx.o(.text) refers to system_stm32f4xx.o(i.SystemInit) for SystemInit
    startup_stm32f407xx.o(.text) refers to entry.o(.ARM.Collect$$$$00000000) for __main
    main.o(i.HAL_TIM_PeriodElapsedCallback) refers to stm32f4xx_hal.o(i.HAL_IncTick) for HAL_IncTick
    main.o(i.SystemClock_Config) refers to memseta.o(.text) for __aeabi_memclr4
    main.o(i.SystemClock_Config) refers to stm32f4xx_hal_rcc.o(i.HAL_RCC_OscConfig) for HAL_RCC_OscConfig
    main.o(i.SystemClock_Config) refers to stm32f4xx_hal_rcc.o(i.HAL_RCC_ClockConfig) for HAL_RCC_ClockConfig
    main.o(i.main) refers to stm32f4xx_hal.o(i.HAL_Init) for HAL_Init
    main.o(i.main) refers to main.o(i.SystemClock_Config) for SystemClock_Config
    main.o(i.main) refers to gpio.o(i.MX_GPIO_Init) for MX_GPIO_Init
    main.o(i.main) refers to dma.o(i.MX_DMA_Init) for MX_DMA_Init
    main.o(i.main) refers to tim.o(i.MX_TIM8_Init) for MX_TIM8_Init
    main.o(i.main) refers to tim.o(i.MX_TIM1_Init) for MX_TIM1_Init
    main.o(i.main) refers to can.o(i.MX_CAN1_Init) for MX_CAN1_Init
    main.o(i.main) refers to can.o(i.MX_CAN2_Init) for MX_CAN2_Init
    main.o(i.main) refers to usart.o(i.MX_USART3_UART_Init) for MX_USART3_UART_Init
    main.o(i.main) refers to usart.o(i.MX_USART1_UART_Init) for MX_USART1_UART_Init
    main.o(i.main) refers to spi.o(i.MX_SPI1_Init) for MX_SPI1_Init
    main.o(i.main) refers to i2c.o(i.MX_I2C3_Init) for MX_I2C3_Init
    main.o(i.main) refers to tim.o(i.MX_TIM10_Init) for MX_TIM10_Init
    main.o(i.main) refers to usart.o(i.MX_USART6_UART_Init) for MX_USART6_UART_Init
    main.o(i.main) refers to tim.o(i.MX_TIM4_Init) for MX_TIM4_Init
    main.o(i.main) refers to tim.o(i.MX_TIM3_Init) for MX_TIM3_Init
    main.o(i.main) refers to servo.o(i.servo_init) for servo_init
    main.o(i.main) refers to bsp_pwm.o(i.imu_pwm_init) for imu_pwm_init
    main.o(i.main) refers to bsp_can.o(i.can_filter_init) for can_filter_init
    main.o(i.main) refers to remote_control.o(i.remote_control_init) for remote_control_init
[...]
    yaw_motor_init                           0x0800c311   Thumb Code   344  yaw_motor.o(i.yaw_motor_init)
    AHBPrescTable                            0x0800c51c   Data          16  system_stm32f4xx.o(.constdata)
    APBPrescTable                            0x0800c52c   Data           8  system_stm32f4xx.o(.constdata)
    sinTable_f32                             0x0800c674   Data        2052  arm_common_tables.o(.constdata)
    Region$$Table$$Base                      0x0800cec4   Number         0  anon$$obj.o(Region$$Table)
    Region$$Table$$Limit                     0x0800cee4   Number         0  anon$$obj.o(Region$$Table)
    Rabbit_TaskHandle                        0x20000000   Data           4  freertos.o(.data)
    Shoot_TaskHandle                         0x20000004   Data           4  freertos.o(.data)
    Gimbal_TaskHandle                        0x20000008   Data           4  freertos.o(.data)
    INS_TaskHandle                           0x2000000c   Data           4  freertos.o(.data)
    Chassis_TaskHandle                       0x20000010   Data           4  freertos.o(.data)
    Comm_TaskHandle                          0x20000014   Data           4  freertos.o(.data)
    SystemCoreClock                          0x2000001c   Data           4  system_stm32f4xx.o(.data)
    up_dial_start_reset_locked_rotor_flag    0x20000020   Data           1  shoot_task.o(.data)
    up_dial_reset_locked_rotor_flag          0x20000021   Data           1  shoot_task.o(.data)
    up_dial_reset_locked_rotor_flag_last     0x20000022   Data           1  shoot_task.o(.data)
    up_dial_dial_locked_rotor_flag           0x20000023   Data           1  shoot_task.o(.data)
    down_dial_on_or_off_flag                 0x20000024   Data           1  shoot_task.o(.data)
    up_dial_start_reset_locked_rotor_flag_last 0x20000025   Data           1  shoot_task.o(.data)
    fric_duandian_flag                       0x20000026   Data           1  shoot_task.o(.data)
    fric_shangdian_flag                      0x20000027   Data           1  shoot_task.o(.data)
    fric_shangdian_flag_last                 0x20000028   Data           1  shoot_task.o(.data)
    fric_target_init_flag                    0x20000029   Data           1  shoot_task.o(.data)
    fric_target_speed_flag                   0x2000002a   Data           1  shoot_task.o(.data)
    fric_10m                                 0x2000002c   Data           2  shoot_task.o(.data)
    fric_14m                                 0x2000002e   Data           2  shoot_task.o(.data)
    fric_15m                                 0x20000030   Data           2  shoot_task.o(.data)
    fric_target                              0x20000032   Data           2  shoot_task.o(.data)
    up_dial_rotate_cnt                       0x20000034   Data           2  shoot_task.o(.data)
    up_dial_start_reset_locked_rotor_cnt     0x20000036   Data           2  shoot_task.o(.data)
    up_dial_reset_locked_rotor_cnt           0x20000038   Data           2  shoot_task.o(.data)
    up_dial_dial_locked_rotor_cnt            0x2000003a   Data           2  shoot_task.o(.data)
    down_dial_rotate_cnt                     0x2000003c   Data           2  shoot_task.o(.data)
    fric_soft_start_cnt                      0x2000003e   Data           2  shoot_task.o(.data)
    fric_soft_start_ladder                   0x20000040   Data           2  shoot_task.o(.data)
    fric_speed                               0x20000042   Data           2  shoot_task.o(.data)
    fric_ladder_speed                        0x20000044   Data           2  shoot_task.o(.data)
    fric_ladder                              0x20000046   Data           2  shoot_task.o(.data)
    KEY_CTRL                                 0x20000048   Data           2  shoot_task.o(.data)
    KEY_CTRL_last                            0x2000004a   Data           2  shoot_task.o(.data)
    fric_shangdian_cnt                       0x2000004c   Data           2  shoot_task.o(.data)
    fric_UI_flag                             0x2000004e   Data           2  shoot_task.o(.data)
    KEY_Q                                    0x20000050   Data           2  shoot_task.o(.data)
    KEY_Q_last                               0x20000052   Data           2  shoot_task.o(.data)
    KEY_E                                    0x20000054   Data           2  shoot_task.o(.data)
    KEY_E_last                               0x20000056   Data           2  shoot_task.o(.data)
    fric_soft_start_cnt_by_PWM               0x20000058   Data           2  shoot_task.o(.data)
    up_dial_reset_offset_total_ecd           0x20000060   Data           8  shoot_task.o(.data)
    fric_ladder_target_speed                 0x20000068   Data           8  shoot_task.o(.data)
    INS_roll_for_UI                          0x20000070   Data           4  gimbal_task.o(.data)
    gyro_update_flag                         0x20000074   Data           1  ins_task.o(.data)
    accel_update_flag                        0x20000075   Data           1  ins_task.o(.data)
    accel_temp_update_flag                   0x20000076   Data           1  ins_task.o(.data)
    mag_update_flag                          0x20000077   Data           1  ins_task.o(.data)
    imu_start_dma_flag                       0x20000078   Data           1  ins_task.o(.data)
    imu_read_flag                            0x20000079   Data           1  ins_task.o(.data)
    accel_temp_dma_tx_buf                    0x20000080   Data           4  ins_task.o(.data)
    accel_temp_dma_rx_buf                    0x2000008c   Data           4  ins_task.o(.data)
    gyro_dma_tx_buf                          0x20000090   Data           8  ins_task.o(.data)
    gyro_dma_rx_buf                          0x20000098   Data           8  ins_task.o(.data)
    accel_dma_tx_buf                         0x200000a0   Data           9  ins_task.o(.data)
    gyro_scale_factor                        0x200000ac   Data          36  ins_task.o(.data)
    accel_scale_factor                       0x200000d0   Data          36  ins_task.o(.data)
    mag_scale_factor                         0x200000f4   Data          36  ins_task.o(.data)
    ChassisMode                              0x20000118   Data           1  chassis_task.o(.data)
    chassis_target_forward_speed_x           0x2000011a   Data           2  chassis_task.o(.data)
    chassis_target_traverse_speed_y          0x2000011c   Data           2  chassis_task.o(.data)
    chassis_target_rotation_speed_z          0x2000011e   Data           2  chassis_task.o(.data)
    xiaotuoluo_UI_flag                       0x20000120   Data           2  chassis_task.o(.data)
    CHASSIS_RC_MOVE_SENS                     0x20000124   Data           4  chassis_task.o(.data)
    CHASSIS_KEY_MOVE_SENS                    0x20000128   Data           4  chassis_task.o(.data)
    CHASSIS_KEY_hengyi_MOVE_SENS             0x2000012c   Data           4  chassis_task.o(.data)
    CHASSIS_RC_ROTATE_SENS                   0x20000130   Data           4  chassis_task.o(.data)
    CHASSIS_KEY_ROTATE_SENS                  0x20000134   Data           4  chassis_task.o(.data)
    fric_motor_speed_pid_Kp                  0x20000140   Data           4  fric_motor.o(.data)
    fric_motor_speed_pid_Ki                  0x20000144   Data           4  fric_motor.o(.data)
    fric_motor_speed_pid_Kd                  0x20000148   Data           4  fric_motor.o(.data)
    fric_motor_speed_pid_max_out             0x2000014c   Data           4  fric_motor.o(.data)
    fric_motor_speed_pid_max_iout            0x20000150   Data           4  fric_motor.o(.data)
    up_dial_motor_speed_pid_Kp               0x20000154   Data           4  dial_motor.o(.data)
    up_dial_motor_speed_pid_Ki               0x20000158   Data           4  dial_motor.o(.data)
    up_dial_motor_speed_pid_Kd               0x2000015c   Data           4  dial_motor.o(.data)
    up_dial_motor_speed_pid_max_out          0x20000160   Data           4  dial_motor.o(.data)
    up_dial_motor_speed_pid_max_iout         0x20000164   Data           4  dial_motor.o(.data)
    up_dial_motor_angle_pid_Kp               0x20000168   Data           4  dial_motor.o(.data)
    up_dial_motor_angle_pid_Ki               0x2000016c   Data           4  dial_motor.o(.data)
    up_dial_motor_angle_pid_Kd               0x20000170   Data           4  dial_motor.o(.data)
    up_dial_motor_angle_pid_max_out          0x20000174   Data           4  dial_motor.o(.data)
    up_dial_motor_angle_pid_max_iout         0x20000178   Data           4  dial_motor.o(.data)
    down_dial_motor_speed_pid_Kp             0x2000017c   Data           4  dial_motor.o(.data)
    down_dial_motor_speed_pid_Ki             0x20000180   Data           4  dial_motor.o(.data)
    down_dial_motor_speed_pid_Kd             0x20000184   Data           4  dial_motor.o(.data)
    down_dial_motor_speed_pid_max_out        0x20000188   Data           4  dial_motor.o(.data)
    down_dial_motor_speed_pid_max_iout       0x2000018c   Data           4  dial_motor.o(.data)
    down_dial_motor_angle_pid_Kp             0x20000190   Data           4  dial_motor.o(.data)
    down_dial_motor_angle_pid_Ki             0x20000194   Data           4  dial_motor.o(.data)
    down_dial_motor_angle_pid_Kd             0x20000198   Data           4  dial_motor.o(.data)
    down_dial_motor_angle_pid_max_out        0x2000019c   Data           4  dial_motor.o(.data)
    down_dial_motor_angle_pid_max_iout       0x200001a0   Data           4  dial_motor.o(.data)
    ack_status_value                         0x200001a4   Data           1  pitch_motor.o(.data)
    max_limit_flag                           0x200001a5   Data           1  pitch_motor.o(.data)
    min_limit_flag                           0x200001a6   Data           1  pitch_motor.o(.data)
    pitch_mode_flag                          0x200001a7   Data           1  pitch_motor.o(.data)
    pitch_mode_flag_last                     0x200001a8   Data           1  pitch_motor.o(.data)
    using_mouse_flag                         0x200001a9   Data           1  pitch_motor.o(.data)
    using_rc_flag                            0x200001aa   Data           1  pitch_motor.o(.data)
    using_mouse_flag_last                    0x200001ab   Data           1  pitch_motor.o(.data)
    using_rc_flag_last                       0x200001ac   Data           1  pitch_motor.o(.data)
    pitch_moving_flag                        0x200001ad   Data           1  pitch_motor.o(.data)
    pitch_moving_flag_last                   0x200001ae   Data           1  pitch_motor.o(.data)
    motor_id_check                           0x200001b0   Data           2  pitch_motor.o(.data)
    pitch_target_motor_current_or_torque     0x200001b2   Data           2  pitch_motor.o(.data)
    rc_ch1                                   0x200001b4   Data           2  pitch_motor.o(.data)
    rc_ch1_last                              0x200001b6   Data           2  pitch_motor.o(.data)
    rc_mouse_y                               0x200001b8   Data           2  pitch_motor.o(.data)
    rc_mouse_y_last                          0x200001ba   Data           2  pitch_motor.o(.data)
    KEY_C                                    0x200001bc   Data           2  pitch_motor.o(.data)
    KEY_C_last                               0x200001be   Data           2  pitch_motor.o(.data)
    KEY_B                                    0x200001c0   Data           2  pitch_motor.o(.data)
    KEY_B_last                               0x200001c2   Data           2  pitch_motor.o(.data)
    pitch_motor_INS_speed_pid_Kp             0x200001c4   Data           4  pitch_motor.o(.data)
    pitch_motor_INS_speed_pid_Ki             0x200001c8   Data           4  pitch_motor.o(.data)
    pitch_motor_INS_speed_pid_Kd             0x200001cc   Data           4  pitch_motor.o(.data)
    pitch_motor_INS_speed_pid_max_out        0x200001d0   Data           4  pitch_motor.o(.data)
    pitch_motor_INS_speed_pid_max_iout       0x200001d4   Data           4  pitch_motor.o(.data)
    pitch_motor_INS_angle_pid_Kp             0x200001d8   Data           4  pitch_motor.o(.data)
    pitch_motor_INS_angle_pid_Ki             0x200001dc   Data           4  pitch_motor.o(.data)
    pitch_motor_INS_angle_pid_Kd             0x200001e0   Data           4  pitch_motor.o(.data)
    pitch_motor_INS_angle_pid_max_out        0x200001e4   Data           4  pitch_motor.o(.data)
    pitch_motor_INS_angle_pid_max_iout       0x200001e8   Data           4  pitch_motor.o(.data)
    pitch_motor_autoaim_INS_speed_pid_Kp     0x200001ec   Data           4  pitch_motor.o(.data)
    pitch_motor_autoaim_INS_speed_pid_Ki     0x200001f0   Data           4  pitch_motor.o(.data)
    pitch_motor_autoaim_INS_speed_pid_Kd     0x200001f4   Data           4  pitch_motor.o(.data)
    pitch_motor_autoaim_INS_speed_pid_max_out 0x200001f8   Data           4  pitch_motor.o(.data)
    pitch_motor_autoaim_INS_speed_pid_max_iout 0x200001fc   Data           4  pitch_motor.o(.data)
    pitch_motor_autoaim_INS_angle_pid_Kp     0x20000200   Data           4  pitch_motor.o(.data)
    pitch_motor_autoaim_INS_angle_pid_Ki     0x20000204   Data           4  pitch_motor.o(.data)
    pitch_motor_autoaim_INS_angle_pid_Kd     0x20000208   Data           4  pitch_motor.o(.data)
    pitch_motor_autoaim_INS_angle_pid_max_out 0x2000020c   Data           4  pitch_motor.o(.data)
    pitch_motor_autoaim_INS_angle_pid_max_iout 0x20000210   Data           4  pitch_motor.o(.data)
    pitch_motor_mouse_INS_speed_pid_Kp       0x20000214   Data           4  pitch_motor.o(.data)
    pitch_motor_mouse_INS_speed_pid_Ki       0x20000218   Data           4  pitch_motor.o(.data)
    pitch_motor_mouse_INS_speed_pid_Kd       0x2000021c   Data           4  pitch_motor.o(.data)
    pitch_motor_mouse_INS_speed_pid_max_out  0x20000220   Data           4  pitch_motor.o(.data)
    pitch_motor_mouse_INS_speed_pid_max_iout 0x20000224   Data           4  pitch_motor.o(.data)
    pitch_motor_mouse_INS_angle_pid_Kp       0x20000228   Data           4  pitch_motor.o(.data)
    pitch_motor_mouse_INS_angle_pid_Ki       0x2000022c   Data           4  pitch_motor.o(.data)
    pitch_motor_mouse_INS_angle_pid_Kd       0x20000230   Data           4  pitch_motor.o(.data)
    pitch_motor_mouse_INS_angle_pid_max_out  0x20000234   Data           4  pitch_motor.o(.data)
    pitch_motor_mouse_INS_angle_pid_max_iout 0x20000238   Data           4  pitch_motor.o(.data)
    PITCH_RC_SENS                            0x2000023c   Data           4  pitch_motor.o(.data)
    PITCH_MOUSE_SENS                         0x20000240   Data           4  pitch_motor.o(.data)
    pitch_INS_angle                          0x20000244   Data           4  pitch_motor.o(.data)
    pitch_INS_speed                          0x20000248   Data           4  pitch_motor.o(.data)
    pitch_target_INS_speed                   0x2000024c   Data           4  pitch_motor.o(.data)
    pitch_target_INS_angle                   0x20000250   Data           4  pitch_motor.o(.data)
    pitch_target_INS_speed_last              0x20000254   Data           4  pitch_motor.o(.data)
    pitch_autoaim_target_INS_angle           0x20000258   Data           4  pitch_motor.o(.data)
    pitch_autoaim_target_INS_speed           0x2000025c   Data           4  pitch_motor.o(.data)
    rv_type_convert                          0x20000264   Data           4  pitch_motor.o(.data)
    motor4310_feedback                       0x20000268   Data           4  pitch_motor.o(.data)
    yaw_mode_flag                            0x2000026c   Data           1  yaw_motor.o(.data)
    yaw_mode_flag_last                       0x2000026d   Data           1  yaw_motor.o(.data)
    yaw_moving_flag                          0x2000026e   Data           1  yaw_motor.o(.data)
    yaw_moving_last_flag                     0x2000026f   Data           1  yaw_motor.o(.data)
    Autoaim_UI_flag                          0x20000270   Data           1  yaw_motor.o(.data)
    KEY_Z                                    0x20000272   Data           2  yaw_motor.o(.data)
    KEY_Z_last                               0x20000274   Data           2  yaw_motor.o(.data)
    KEY_X                                    0x20000276   Data           2  yaw_motor.o(.data)
    KEY_X_last                               0x20000278   Data           2  yaw_motor.o(.data)
    yaw_motor_INS_speed_pid_Kp               0x2000027c   Data           4  yaw_motor.o(.data)
    yaw_motor_INS_speed_pid_Ki               0x20000280   Data           4  yaw_motor.o(.data)
    yaw_motor_INS_speed_pid_Kd               0x20000284   Data           4  yaw_motor.o(.data)
    yaw_motor_INS_speed_pid_max_out          0x20000288   Data           4  yaw_motor.o(.data)
    yaw_motor_INS_speed_pid_max_iout         0x2000028c   Data           4  yaw_motor.o(.data)
    yaw_motor_INS_angle_pid_Kp               0x20000290   Data           4  yaw_motor.o(.data)
    yaw_motor_INS_angle_pid_Ki               0x20000294   Data           4  yaw_motor.o(.data)
    yaw_motor_INS_angle_pid_Kd               0x20000298   Data           4  yaw_motor.o(.data)
    yaw_motor_INS_angle_pid_max_out          0x2000029c   Data           4  yaw_motor.o(.data)
    yaw_motor_INS_angle_pid_max_iout         0x200002a0   Data           4  yaw_motor.o(.data)
    yaw_motor_encoder_angle_pid_Kp           0x200002a4   Data           4  yaw_motor.o(.data)
    yaw_motor_encoder_angle_pid_Ki           0x200002a8   Data           4  yaw_motor.o(.data)
    yaw_motor_encoder_angle_pid_Kd           0x200002ac   Data           4  yaw_motor.o(.data)
    yaw_motor_encoder_angle_pid_max_out      0x200002b0   Data           4  yaw_motor.o(.data)
    yaw_motor_encoder_angle_pid_max_iout     0x200002b4   Data           4  yaw_motor.o(.data)
    yaw_motor_encoder_speed_pid_Kp           0x200002b8   Data           4  yaw_motor.o(.data)
    yaw_motor_encoder_speed_pid_Ki           0x200002bc   Data           4  yaw_motor.o(.data)
    yaw_motor_encoder_speed_pid_Kd           0x200002c0   Data           4  yaw_motor.o(.data)
    yaw_motor_encoder_speed_pid_max_out      0x200002c4   Data           4  yaw_motor.o(.data)
    yaw_motor_encoder_speed_pid_max_iout     0x200002c8   Data           4  yaw_motor.o(.data)
    yaw_motor_autoaim_INS_speed_pid_Kp       0x200002cc   Data           4  yaw_motor.o(.data)
    yaw_motor_autoaim_INS_speed_pid_Ki       0x200002d0   Data           4  yaw_motor.o(.data)
    yaw_motor_autoaim_INS_speed_pid_Kd       0x200002d4   Data           4  yaw_motor.o(.data)
    yaw_motor_autoaim_INS_speed_pid_max_out  0x200002d8   Data           4  yaw_motor.o(.data)
    yaw_motor_autoaim_INS_speed_pid_max_iout 0x200002dc   Data           4  yaw_motor.o(.data)
    yaw_motor_autoaim_INS_angle_pid_Kp       0x200002e0   Data           4  yaw_motor.o(.data)
    yaw_motor_autoaim_INS_angle_pid_Ki       0x200002e4   Data           4  yaw_motor.o(.data)
    yaw_motor_autoaim_INS_angle_pid_Kd       0x200002e8   Data           4  yaw_motor.o(.data)
    yaw_motor_autoaim_INS_angle_pid_max_out  0x200002ec   Data           4  yaw_motor.o(.data)
    yaw_motor_autoaim_INS_angle_pid_max_iout 0x200002f0   Data           4  yaw_motor.o(.data)
    yaw_motor_key_INS_speed_pid_Kp           0x200002f4   Data           4  yaw_motor.o(.data)
    yaw_motor_key_INS_speed_pid_Ki           0x200002f8   Data           4  yaw_motor.o(.data)
    yaw_motor_key_INS_speed_pid_Kd           0x200002fc   Data           4  yaw_motor.o(.data)
    yaw_motor_key_INS_speed_pid_max_out      0x20000300   Data           4  yaw_motor.o(.data)
    yaw_motor_key_INS_speed_pid_max_iout     0x20000304   Data           4  yaw_motor.o(.data)
    YAW_MOUSE_SENS                           0x20000308   Data           4  yaw_motor.o(.data)
    yaw_INS_speed                            0x2000030c   Data           4  yaw_motor.o(.data)
    yaw_INS_angle                            0x20000310   Data           4  yaw_motor.o(.data)
    yaw_target_INS_speed                     0x20000314   Data           4  yaw_motor.o(.data)
    yaw_target_INS_angle                     0x20000318   Data           4  yaw_motor.o(.data)
    yaw_autoaim_target_INS_speed             0x2000031c   Data           4  yaw_motor.o(.data)
    yaw_autoaim_target_INS_angle             0x20000320   Data           4  yaw_motor.o(.data)
    yaw_encoder_speed                        0x20000324   Data           4  yaw_motor.o(.data)
    yaw_encoder_angle                        0x20000328   Data           4  yaw_motor.o(.data)
    yaw_target_encoder_speed                 0x2000032c   Data           4  yaw_motor.o(.data)
    yaw_target_encoder_angle                 0x20000330   Data           4  yaw_motor.o(.data)
    aim_on_off_flag                          0x20000338   Data           1  aim_motor.o(.data)
    KEY_R                                    0x2000033a   Data           2  aim_motor.o(.data)
    KEY_R_last                               0x2000033c   Data           2  aim_motor.o(.data)
    KEY_F                                    0x2000033e   Data           2  aim_motor.o(.data)
    KEY_F_last                               0x20000340   Data           2  aim_motor.o(.data)
    KEY_G                                    0x20000342   Data           2  aim_motor.o(.data)
    KEY_G_last                               0x20000344   Data           2  aim_motor.o(.data)
    aim_motor_encoder_speed_pid_Kp           0x20000348   Data           4  aim_motor.o(.data)
    aim_motor_encoder_speed_pid_Ki           0x2000034c   Data           4  aim_motor.o(.data)
    aim_motor_encoder_speed_pid_Kd           0x20000350   Data           4  aim_motor.o(.data)
    aim_motor_encoder_speed_pid_max_out      0x20000354   Data           4  aim_motor.o(.data)
    aim_motor_encoder_speed_pid_max_iout     0x20000358   Data           4  aim_motor.o(.data)
    aim_motor_encoder_angle_pid_Kp           0x2000035c   Data           4  aim_motor.o(.data)
    aim_motor_encoder_angle_pid_Ki           0x20000360   Data           4  aim_motor.o(.data)
    aim_motor_encoder_angle_pid_Kd           0x20000364   Data           4  aim_motor.o(.data)
    aim_motor_encoder_angle_pid_max_out      0x20000368   Data           4  aim_motor.o(.data)
    aim_motor_encoder_angle_pid_max_iout     0x2000036c   Data           4  aim_motor.o(.data)
    aim_motor_offset_total_ecd               0x20000370   Data           8  aim_motor.o(.data)
    BMI088_ACCEL_SEN                         0x20000378   Data           4  bmi088driver.o(.data)
    BMI088_GYRO_SEN                          0x2000037c   Data           4  bmi088driver.o(.data)
    vofa_data2                               0x200003a4   Data          12  vofa.o(.data)
    vofa_data4                               0x200003b0   Data          20  vofa.o(.data)
    shoot_bullet_data                        0x200003c4   Data           4  can_receive.o(.data)
    bullet_data                              0x200003c8   Data           4  can_receive.o(.data)
    Autoaim_Mode                             0x200003ce   Data           1  nmanifold_usart_task.o(.data)
    Autoaim_Armor                            0x200003cf   Data           1  nmanifold_usart_task.o(.data)
    shijuefasong_or_not_watch                0x200003d0   Data           1  nmanifold_usart_task.o(.data)
    Protocol_Head                            0x200003d6   Data           3  nmanifold_usart_task.o(.data)
    Dial_Switch                              0x200003d9   Data           4  nmanifold_usart_task.o(.data)
    uwTickFreq                               0x200003e0   Data           1  stm32f4xx_hal.o(.data)
    uwTickPrio                               0x200003e4   Data           4  stm32f4xx_hal.o(.data)
    uwTick                                   0x200003e8   Data           4  stm32f4xx_hal.o(.data)
    pxCurrentTCB                             0x200003ec   Data           4  tasks.o(.data)
    hcan1                                    0x20000b2c   Data          40  can.o(.bss)
    hcan2                                    0x20000b54   Data          40  can.o(.bss)
    hi2c3                                    0x20000b7c   Data          84  i2c.o(.bss)
    hspi1                                    0x20000bd0   Data          88  spi.o(.bss)
    hdma_spi1_rx                             0x20000c28   Data          96  spi.o(.bss)
    hdma_spi1_tx                             0x20000c88   Data          96  spi.o(.bss)
    htim1                                    0x20000ce8   Data          72  tim.o(.bss)
    htim3                                    0x20000d30   Data          72  tim.o(.bss)
    htim4                                    0x20000d78   Data          72  tim.o(.bss)
    htim8                                    0x20000dc0   Data          72  tim.o(.bss)
    htim10                                   0x20000e08   Data          72  tim.o(.bss)
    huart1                                   0x20000e50   Data          68  usart.o(.bss)
    huart3                                   0x20000e94   Data          68  usart.o(.bss)
    huart6                                   0x20000ed8   Data          68  usart.o(.bss)
    hdma_usart1_tx                           0x20000f1c   Data          96  usart.o(.bss)
    hdma_usart1_rx                           0x20000f7c   Data          96  usart.o(.bss)
    hdma_usart3_rx                           0x20000fdc   Data          96  usart.o(.bss)
    hdma_usart6_rx                           0x2000103c   Data          96  usart.o(.bss)
    hdma_usart6_tx                           0x2000109c   Data          96  usart.o(.bss)
    htim6                                    0x200010fc   Data          72  stm32f4xx_hal_timebase_tim.o(.bss)
    Game_Robot_State_last                    0x20001144   Data          27  shoot_task.o(.bss)
    rc_ctrl_last                             0x2000115f   Data          22  shoot_task.o(.bss)
    INS_accel                                0x20001184   Data          12  ins_task.o(.bss)
    INS_angle                                0x200011ac   Data          12  ins_task.o(.bss)
    INS_angle_deg                            0x200011b8   Data          12  ins_task.o(.bss)
    bmi088_real_data                         0x200011e8   Data          36  ins_task.o(.bss)
    bmi088_offset_data                       0x2000120c   Data          36  ins_task.o(.bss)
    ist8310_real_data                        0x20001230   Data          16  ins_task.o(.bss)
    accel_dma_rx_buf                         0x20001288   Data           9  ins_task.o(.bss)
    gyro_offset                              0x20001294   Data          12  ins_task.o(.bss)
    gyro_cali_offset                         0x200012a0   Data          12  ins_task.o(.bss)
    accel_offset                             0x200012ac   Data          12  ins_task.o(.bss)
    mag_offset                               0x200012b8   Data          12  ins_task.o(.bss)
    fric_motor_data                          0x200012c8   Data         112  fric_motor.o(.bss)
    fric_motor_speed_pid                     0x20001338   Data         144  fric_motor.o(.bss)
    fric_motor_speed_PID                     0x200013c8   Data          12  fric_motor.o(.bss)
    dial_motor_data                          0x200013d8   Data         112  dial_motor.o(.bss)
    dial_motor_speed_pid                     0x20001448   Data         144  dial_motor.o(.bss)
    dial_motor_angle_pid                     0x200014d8   Data         144  dial_motor.o(.bss)
    up_dial_motor_speed_PID                  0x20001568   Data          12  dial_motor.o(.bss)
    up_dial_motor_angle_PID                  0x20001574   Data          12  dial_motor.o(.bss)
    down_dial_motor_speed_PID                0x20001580   Data          12  dial_motor.o(.bss)
    down_dial_motor_angle_PID                0x2000158c   Data          12  dial_motor.o(.bss)
    motor4310_data                           0x20001598   Data         576  pitch_motor.o(.bss)
    pitch_motor_INS_angle_pid                0x200017d8   Data          72  pitch_motor.o(.bss)
    pitch_motor_INS_speed_pid                0x20001820   Data          72  pitch_motor.o(.bss)
    pitch_motor_mouse_INS_angle_pid          0x20001868   Data          72  pitch_motor.o(.bss)
    pitch_motor_mouse_INS_speed_pid          0x200018b0   Data          72  pitch_motor.o(.bss)
    pitch_motor_autoaim_INS_angle_pid        0x200018f8   Data          72  pitch_motor.o(.bss)
    pitch_motor_autoaim_INS_speed_pid        0x20001940   Data          72  pitch_motor.o(.bss)
    pitch_motor_INS_speed_PID                0x20001988   Data          12  pitch_motor.o(.bss)
    pitch_motor_INS_angle_PID                0x20001994   Data          12  pitch_motor.o(.bss)
    pitch_motor_autoaim_INS_speed_PID        0x200019a0   Data          12  pitch_motor.o(.bss)
    pitch_motor_autoaim_INS_angle_PID        0x200019ac   Data          12  pitch_motor.o(.bss)
    pitch_motor_mouse_INS_speed_PID          0x200019b8   Data          12  pitch_motor.o(.bss)
    pitch_motor_mouse_INS_angle_PID          0x200019c4   Data          12  pitch_motor.o(.bss)
    yaw_motor_data                           0x200019d0   Data          56  yaw_motor.o(.bss)
    yaw_motor_INS_angle_pid                  0x20001a08   Data          72  yaw_motor.o(.bss)
    yaw_motor_INS_speed_pid                  0x20001a50   Data          72  yaw_motor.o(.bss)
    yaw_motor_key_INS_speed_pid              0x20001a98   Data          72  yaw_motor.o(.bss)
    yaw_motor_autoaim_INS_speed_pid          0x20001ae0   Data          72  yaw_motor.o(.bss)
    yaw_motor_autoaim_INS_angle_pid          0x20001b28   Data          72  yaw_motor.o(.bss)
    yaw_motor_encoder_angle_pid              0x20001b70   Data          72  yaw_motor.o(.bss)
    yaw_motor_encoder_speed_pid              0x20001bb8   Data          72  yaw_motor.o(.bss)
    yaw_motor_INS_speed_PID                  0x20001c00   Data          12  yaw_motor.o(.bss)
    yaw_motor_INS_angle_PID                  0x20001c0c   Data          12  yaw_motor.o(.bss)
    yaw_motor_encoder_angle_PID              0x20001c18   Data          12  yaw_motor.o(.bss)
    yaw_motor_encoder_speed_PID              0x20001c24   Data          12  yaw_motor.o(.bss)
    yaw_motor_autoaim_INS_speed_PID          0x20001c30   Data          12  yaw_motor.o(.bss)
    yaw_motor_autoaim_INS_angle_PID          0x20001c3c   Data          12  yaw_motor.o(.bss)
    yaw_motor_key_INS_speed_PID              0x20001c48   Data          12  yaw_motor.o(.bss)
    aim_motor_data                           0x20001c58   Data          56  aim_motor.o(.bss)
    aim_motor_encoder_angle_pid              0x20001c90   Data          72  aim_motor.o(.bss)
    aim_motor_encoder_speed_pid              0x20001cd8   Data          72  aim_motor.o(.bss)
    aim_motor_encoder_speed_PID              0x20001d20   Data          12  aim_motor.o(.bss)
    aim_motor_encoder_angle_PID              0x20001d2c   Data          12  aim_motor.o(.bss)
    rc_ctrl_last3                            0x20001d38   Data          22  aim_motor.o(.bss)
    Game_Robot_State                         0x20001d4e   Data          27  referee.o(.bss)
    Power_Heat_Data                          0x20001d69   Data          16  referee.o(.bss)
    rc_ctrl                                  0x20001dc1   Data          22  remote_control.o(.bss)
    Usart1_Dma_Txbuf                         0x20001dd7   Data          64  nmanifold_usart_task.o(.bss)
    Usart1_Buf                               0x20001e17   Data          64  nmanifold_usart_task.o(.bss)
    NUC_USART_RxBuf                          0x20001e57   Data          32  nmanifold_usart_task.o(.bss)
    AutoAim_Data_Transmit                    0x20001e77   Data          13  nmanifold_usart_task.o(.bss)
    AutoAim_Data_Receive                     0x20001e84   Data          18  nmanifold_usart_task.o(.bss)
    xQueueRegistry                           0x20001e98   Data          64  queue.o(.bss)
    __initial_sp                             0x200084d8   Data           0  startup_stm32f407xx.o(STACK)



==============================================================================

Memory Map of the image

  Image Entry point : 0x08000189

  Load Region LR_IROM1 (Base: 0x08000000, Size: 0x0000d360, Max: 0x00100000, ABSOLUTE, COMPRESSED[0x0000d048])

    Execution Region ER_IROM1 (Exec base: 0x08000000, Load base: 0x08000000, Size: 0x0000cee4, Max: 0x00100000, ABSOLUTE)

    Exec Addr    Load Addr    Size         Type   Attr      Idx    E Section Name        Object

    0x08000000   0x08000000   0x00000188   Data   RO            3    RESET               startup_stm32f407xx.o
    0x08000188   0x08000188   0x00000000   Code   RO         8678  * .ARM.Collect$$$$00000000  mc_w.l(entry.o)
    0x08000188   0x08000188   0x00000004   Code   RO         8726    .ARM.Collect$$$$00000001  mc_w.l(entry2.o)
    0x0800018c   0x0800018c   0x00000004   Code   RO         8729    .ARM.Collect$$$$00000004  mc_w.l(entry5.o)
    0x08000190   0x08000190   0x00000000   Code   RO         8731    .ARM.Collect$$$$00000008  mc_w.l(entry7b.o)
    0x08000190   0x08000190   0x00000000   Code   RO         8733    .ARM.Collect$$$$0000000A  mc_w.l(entry8b.o)
    0x08000190   0x08000190   0x00000008   Code   RO         8734    .ARM.Collect$$$$0000000B  mc_w.l(entry9a.o)
    0x08000198   0x08000198   0x00000000   Code   RO         8736    .ARM.Collect$$$$0000000D  mc_w.l(entry10a.o)
    0x08000198   0x08000198   0x00000000   Code   RO         8738    .ARM.Collect$$$$0000000F  mc_w.l(entry11a.o)
    0x08000198   0x08000198   0x00000004   Code   RO         8727    .ARM.Collect$$$$00002712  mc_w.l(entry2.o)
    0x0800019c   0x0800019c   0x000000be   Code   RO         8298    .emb_text           port.o
    0x0800025a   0x0800025a   0x00000002   PAD
    0x0800025c   0x0800025c   0x00000024   Code   RO            4    .text               startup_stm32f407xx.o
    0x08000280   0x08000280   0x00000078   Code   RO         8378    .text               arm_cortexM4lf_math.lib(arm_cos_f32.o)
    0x080002f8   0x080002f8   0x00000094   Code   RO         8428    .text               arm_cortexM4lf_math.lib(arm_sin_f32.o)
    0x0800038c   0x0800038c   0x00000062   Code   RO         8681    .text               mc_w.l(uldiv.o)
    0x080003ee   0x080003ee   0x00000024   Code   RO         8683    .text               mc_w.l(memcpya.o)
    0x08000412   0x08000412   0x00000024   Code   RO         8687    .text               mc_w.l(memseta.o)
    0x08000436   0x08000436   0x0000000e   Code   RO         8689    .text               mc_w.l(strlen.o)
    0x08000444   0x08000444   0x000000e4   Code   RO         8693    .text               mf_w.l(dmul.o)
    0x08000528   0x08000528   0x0000002c   Code   RO         8695    .text               mf_w.l(ffltl.o)
    0x08000554   0x08000554   0x00000022   Code   RO         8697    .text               mf_w.l(dflti.o)
    0x08000576   0x08000576   0x00000042   Code   RO         8701    .text               mf_w.l(ffixl.o)
    0x080005b8   0x080005b8   0x0000003e   Code   RO         8703    .text               mf_w.l(dfixi.o)
    0x080005f6   0x080005f6   0x0000001e   Code   RO         8740    .text               mc_w.l(llshl.o)
    0x08000614   0x08000614   0x00000020   Code   RO         8742    .text               mc_w.l(llushr.o)
    0x08000634   0x08000634   0x00000000   Code   RO         8751    .text               mc_w.l(iusefp.o)
    0x08000634   0x08000634   0x0000006e   Code   RO         8752    .text               mf_w.l(fepilogue.o)
    0x080006a2   0x080006a2   0x000000ba   Code   RO         8754    .text               mf_w.l(depilogue.o)
    0x0800075c   0x0800075c   0x00000024   Code   RO         8758    .text               mc_w.l(init.o)
    0x08000780   0x08000780   0x00000056   Code   RO         8768    .text               mc_w.l(__dczerorl2.o)
    0x080007d6   0x080007d6   0x00000004   Code   RO         2798    i.AHRS_asinf        ahrs_middleware.o
    0x080007da   0x080007da   0x00000004   Code   RO         2799    i.AHRS_atan2f       ahrs_middleware.o
    0x080007de   0x080007de   0x00000004   Code   RO         2800    i.AHRS_cosf         ahrs_middleware.o
    0x080007e2   0x080007e2   0x0000001a   Code   RO         8449    i.AHRS_fabs         AHRS.lib(ahrs.o)
    0x080007fc   0x080007fc   0x00000014   Code   RO         2801    i.AHRS_get_height   ahrs_middleware.o
    0x08000810   0x08000810   0x0000000e   Code   RO         2802    i.AHRS_get_latitude  ahrs_middleware.o
    0x0800081e   0x0800081e   0x00000002   PAD
    0x08000820   0x08000820   0x0000029c   Code   RO         8450    i.AHRS_init         AHRS.lib(ahrs.o)
    0x08000abc   0x08000abc   0x00000014   Code   RO         2803    i.AHRS_invSqrt      ahrs_middleware.o
    0x08000ad0   0x08000ad0   0x00000004   Code   RO         2804    i.AHRS_sinf         ahrs_middleware.o
    0x08000ad4   0x08000ad4   0x0000013a   Code   RO         8451    i.AHRS_update       AHRS.lib(ahrs.o)
    0x08000c0e   0x08000c0e   0x00000002   PAD
    0x08000c10   0x08000c10   0x000000d0   Code   RO         2242    i.Aim_Motor_Control  aim_motor.o
    0x08000ce0   0x08000ce0   0x00000010   Code   RO         2533    i.BMI088_ACCEL_NS_H  bmi088middleware.o
    0x08000cf0   0x08000cf0   0x00000010   Code   RO         2534    i.BMI088_ACCEL_NS_L  bmi088middleware.o
    0x08000d00   0x08000d00   0x00000002   Code   RO         2535    i.BMI088_GPIO_init  bmi088middleware.o
    0x08000d02   0x08000d02   0x00000002   PAD
    0x08000d04   0x08000d04   0x00000010   Code   RO         2536    i.BMI088_GYRO_NS_H  bmi088middleware.o
    0x08000d14   0x08000d14   0x00000010   Code   RO         2537    i.BMI088_GYRO_NS_L  bmi088middleware.o
    0x08000d24   0x08000d24   0x00000080   Code   RO         2286    i.BMI088_accel_read_over  bmi088driver.o
    0x08000da4   0x08000da4   0x00000002   Code   RO         2538    i.BMI088_com_init   bmi088middleware.o
    0x08000da6   0x08000da6   0x00000004   Code   RO         2539    i.BMI088_delay_ms   bmi088middleware.o
    0x08000daa   0x08000daa   0x00000004   Code   RO         2540    i.BMI088_delay_us   bmi088middleware.o
    0x08000dae   0x08000dae   0x00000002   PAD
    0x08000db0   0x08000db0   0x00000060   Code   RO         2287    i.BMI088_gyro_read_over  bmi088driver.o
    0x08000e10   0x08000e10   0x0000002e   Code   RO         2288    i.BMI088_init       bmi088driver.o
    0x08000e3e   0x08000e3e   0x00000002   PAD
    0x08000e40   0x08000e40   0x00000158   Code   RO         2289    i.BMI088_read       bmi088driver.o
    0x08000f98   0x08000f98   0x00000024   Code   RO         2292    i.BMI088_read_muli_reg  bmi088driver.o
    0x08000fbc   0x08000fbc   0x00000016   Code   RO         2293    i.BMI088_read_single_reg  bmi088driver.o
    0x08000fd2   0x08000fd2   0x00000002   PAD
    0x08000fd4   0x08000fd4   0x00000020   Code   RO         2541    i.BMI088_read_write_byte  bmi088middleware.o
    0x08000ff4   0x08000ff4   0x0000002e   Code   RO         2294    i.BMI088_temperature_read_over  bmi088driver.o
    0x08001022   0x08001022   0x00000012   Code   RO         2295    i.BMI088_write_single_reg  bmi088driver.o
    0x08001034   0x08001034   0x00000002   Code   RO          677    i.BusFault_Handler  stm32f4xx_it.o
    0x08001036   0x08001036   0x00000002   PAD
    0x08001038   0x08001038   0x0000000c   Code   RO          678    i.CAN1_RX0_IRQHandler  stm32f4xx_it.o
    0x08001044   0x08001044   0x0000000c   Code   RO          679    i.CAN2_RX0_IRQHandler  stm32f4xx_it.o
    0x08001050   0x08001050   0x00000020   Code   RO         3212    i.CRC_Calculation   nmanifold_usart_task.o
    0x08001070   0x08001070   0x0000000c   Code   RO          680    i.DMA1_Stream1_IRQHandler  stm32f4xx_it.o
    0x0800107c   0x0800107c   0x0000000c   Code   RO          681    i.DMA2_Stream1_IRQHandler  stm32f4xx_it.o
    0x08001088   0x08001088   0x000002c4   Code   RO         1293    i.DMA2_Stream2_IRQHandler  ins_task.o
    0x0800134c   0x0800134c   0x0000000c   Code   RO          682    i.DMA2_Stream3_IRQHandler  stm32f4xx_it.o
    0x08001358   0x08001358   0x0000000c   Code   RO          683    i.DMA2_Stream5_IRQHandler  stm32f4xx_it.o
    0x08001364   0x08001364   0x0000000c   Code   RO          684    i.DMA2_Stream6_IRQHandler  stm32f4xx_it.o
    0x08001370   0x08001370   0x0000000c   Code   RO          685    i.DMA2_Stream7_IRQHandler  stm32f4xx_it.o
    0x0800137c   0x0800137c   0x00000034   Code   RO         4013    i.DMA_CalcBaseAndBitshift  stm32f4xx_hal_dma.o
    0x080013b0   0x080013b0   0x0000007e   Code   RO         4014    i.DMA_CheckFifoParam  stm32f4xx_hal_dma.o
    0x0800142e   0x0800142e   0x00000038   Code   RO         4015    i.DMA_SetConfig     stm32f4xx_hal_dma.o
    0x08001466   0x08001466   0x00000002   Code   RO          686    i.DebugMon_Handler  stm32f4xx_it.o
    0x08001468   0x08001468   0x00000006   Code   RO          687    i.EXTI0_IRQHandler  stm32f4xx_it.o
    0x0800146e   0x0800146e   0x00000006   Code   RO          688    i.EXTI3_IRQHandler  stm32f4xx_it.o
    0x08001474   0x08001474   0x00000006   Code   RO          689    i.EXTI4_IRQHandler  stm32f4xx_it.o
    0x0800147a   0x0800147a   0x00000006   Code   RO          690    i.EXTI9_5_IRQHandler  stm32f4xx_it.o
    0x08001480   0x08001480   0x00000002   Code   RO           13    i.Error_Handler     main.o
    0x08001482   0x08001482   0x00000024   Code   RO         3276    i.HAL_CAN_ActivateNotification  stm32f4xx_hal_can.o
    0x080014a6   0x080014a6   0x00000104   Code   RO         3277    i.HAL_CAN_AddTxMessage  stm32f4xx_hal_can.o
    0x080015aa   0x080015aa   0x00000002   PAD
    0x080015ac   0x080015ac   0x00000128   Code   RO         3278    i.HAL_CAN_ConfigFilter  stm32f4xx_hal_can.o
    0x080016d4   0x080016d4   0x00000002   Code   RO         3281    i.HAL_CAN_ErrorCallback  stm32f4xx_hal_can.o
    0x080016d6   0x080016d6   0x0000016c   Code   RO         3284    i.HAL_CAN_GetRxMessage  stm32f4xx_hal_can.o
    0x08001842   0x08001842   0x00000234   Code   RO         3288    i.HAL_CAN_IRQHandler  stm32f4xx_hal_can.o
    0x08001a76   0x08001a76   0x00000168   Code   RO         3289    i.HAL_CAN_Init      stm32f4xx_hal_can.o
    0x08001bde   0x08001bde   0x00000002   PAD
    0x08001be0   0x08001be0   0x000000fc   Code   RO          395    i.HAL_CAN_MspInit   can.o
    0x08001cdc   0x08001cdc   0x00000002   Code   RO         3296    i.HAL_CAN_RxFifo0FullCallback  stm32f4xx_hal_can.o
    0x08001cde   0x08001cde   0x00000002   PAD
    0x08001ce0   0x08001ce0   0x0000012c   Code   RO         3077    i.HAL_CAN_RxFifo0MsgPendingCallback  can_receive.o
    0x08001e0c   0x08001e0c   0x00000002   Code   RO         3298    i.HAL_CAN_RxFifo1FullCallback  stm32f4xx_hal_can.o
    0x08001e0e   0x08001e0e   0x00000002   Code   RO         3299    i.HAL_CAN_RxFifo1MsgPendingCallback  stm32f4xx_hal_can.o
    0x08001e10   0x08001e10   0x00000002   Code   RO         3300    i.HAL_CAN_SleepCallback  stm32f4xx_hal_can.o
    0x08001e12   0x08001e12   0x00000064   Code   RO         3301    i.HAL_CAN_Start     stm32f4xx_hal_can.o
    0x08001e76   0x08001e76   0x00000002   Code   RO         3303    i.HAL_CAN_TxMailbox0AbortCallback  stm32f4xx_hal_can.o
    0x08001e78   0x08001e78   0x00000002   Code   RO         3304    i.HAL_CAN_TxMailbox0CompleteCallback  stm32f4xx_hal_can.o
    0x08001e7a   0x08001e7a   0x00000002   Code   RO         3305    i.HAL_CAN_TxMailbox1AbortCallback  stm32f4xx_hal_can.o
    0x08001e7c   0x08001e7c   0x00000002   Code   RO         3306    i.HAL_CAN_TxMailbox1CompleteCallback  stm32f4xx_hal_can.o
    0x08001e7e   0x08001e7e   0x00000002   Code   RO         3307    i.HAL_CAN_TxMailbox2AbortCallback  stm32f4xx_hal_can.o
    0x08001e80   0x08001e80   0x00000002   Code   RO         3308    i.HAL_CAN_TxMailbox2CompleteCallback  stm32f4xx_hal_can.o
    0x08001e82   0x08001e82   0x00000002   Code   RO         3310    i.HAL_CAN_WakeUpFromRxMsgCallback  stm32f4xx_hal_can.o
    0x08001e84   0x08001e84   0x000000a2   Code   RO         4016    i.HAL_DMA_Abort     stm32f4xx_hal_dma.o
    0x08001f26   0x08001f26   0x00000024   Code   RO         4017    i.HAL_DMA_Abort_IT  stm32f4xx_hal_dma.o
    0x08001f4a   0x08001f4a   0x00000002   PAD
    0x08001f4c   0x08001f4c   0x000001ec   Code   RO         4021    i.HAL_DMA_IRQHandler  stm32f4xx_hal_dma.o
    0x08002138   0x08002138   0x000000ec   Code   RO         4022    i.HAL_DMA_Init      stm32f4xx_hal_dma.o
    0x08002224   0x08002224   0x00000070   Code   RO         4026    i.HAL_DMA_Start_IT  stm32f4xx_hal_dma.o
    0x08002294   0x08002294   0x0000007c   Code   RO         1294    i.HAL_GPIO_EXTI_Callback  ins_task.o
    0x08002310   0x08002310   0x00000018   Code   RO         3908    i.HAL_GPIO_EXTI_IRQHandler  stm32f4xx_hal_gpio.o
    0x08002328   0x08002328   0x0000022c   Code   RO         3909    i.HAL_GPIO_Init     stm32f4xx_hal_gpio.o
    0x08002554   0x08002554   0x0000000e   Code   RO         3911    i.HAL_GPIO_ReadPin  stm32f4xx_hal_gpio.o
    0x08002562   0x08002562   0x0000000e   Code   RO         3913    i.HAL_GPIO_WritePin  stm32f4xx_hal_gpio.o
    0x08002570   0x08002570   0x0000000c   Code   RO         4436    i.HAL_GetTick       stm32f4xx_hal.o
    0x0800257c   0x0800257c   0x000001ac   Code   RO         4692    i.HAL_I2C_Init      stm32f4xx_hal_i2c.o
    0x08002728   0x08002728   0x000002c0   Code   RO         4710    i.HAL_I2C_Mem_Read  stm32f4xx_hal_i2c.o
    0x080029e8   0x080029e8   0x00000174   Code   RO         4713    i.HAL_I2C_Mem_Write  stm32f4xx_hal_i2c.o
    0x08002b5c   0x08002b5c   0x00000088   Code   RO          468    i.HAL_I2C_MspInit   i2c.o
    0x08002be4   0x08002be4   0x00000010   Code   RO         4442    i.HAL_IncTick       stm32f4xx_hal.o
    0x08002bf4   0x08002bf4   0x00000034   Code   RO         4443    i.HAL_Init          stm32f4xx_hal.o
    0x08002c28   0x08002c28   0x00000098   Code   RO          849    i.HAL_InitTick      stm32f4xx_hal_timebase_tim.o
    0x08002cc0   0x08002cc0   0x00000038   Code   RO          825    i.HAL_MspInit       stm32f4xx_hal_msp.o
    0x08002cf8   0x08002cf8   0x0000001c   Code   RO         4298    i.HAL_NVIC_EnableIRQ  stm32f4xx_hal_cortex.o
    0x08002d14   0x08002d14   0x00000068   Code   RO         4304    i.HAL_NVIC_SetPriority  stm32f4xx_hal_cortex.o
    0x08002d7c   0x08002d7c   0x00000024   Code   RO         4305    i.HAL_NVIC_SetPriorityGrouping  stm32f4xx_hal_cortex.o
    0x08002da0   0x08002da0   0x0000017c   Code   RO         3510    i.HAL_RCC_ClockConfig  stm32f4xx_hal_rcc.o
    0x08002f1c   0x08002f1c   0x0000003c   Code   RO         3514    i.HAL_RCC_GetClockConfig  stm32f4xx_hal_rcc.o
    0x08002f58   0x08002f58   0x0000000c   Code   RO         3515    i.HAL_RCC_GetHCLKFreq  stm32f4xx_hal_rcc.o
    0x08002f64   0x08002f64   0x00000020   Code   RO         3517    i.HAL_RCC_GetPCLK1Freq  stm32f4xx_hal_rcc.o
    0x08002f84   0x08002f84   0x00000020   Code   RO         3518    i.HAL_RCC_GetPCLK2Freq  stm32f4xx_hal_rcc.o
    0x08002fa4   0x08002fa4   0x00000070   Code   RO         3519    i.HAL_RCC_GetSysClockFreq  stm32f4xx_hal_rcc.o
    0x08003014   0x08003014   0x00000482   Code   RO         3522    i.HAL_RCC_OscConfig  stm32f4xx_hal_rcc.o
    0x08003496   0x08003496   0x000000be   Code   RO         5182    i.HAL_SPI_Init      stm32f4xx_hal_spi.o
    0x08003554   0x08003554   0x00000100   Code   RO          510    i.HAL_SPI_MspInit   spi.o
    0x08003654   0x08003654   0x000001f8   Code   RO         5191    i.HAL_SPI_TransmitReceive  stm32f4xx_hal_spi.o
    0x0800384c   0x0800384c   0x00000002   Code   RO         6210    i.HAL_TIMEx_BreakCallback  stm32f4xx_hal_tim_ex.o
    0x0800384e   0x0800384e   0x00000002   Code   RO         6211    i.HAL_TIMEx_CommutCallback  stm32f4xx_hal_tim_ex.o
    0x08003850   0x08003850   0x00000066   Code   RO         6213    i.HAL_TIMEx_ConfigBreakDeadTime  stm32f4xx_hal_tim_ex.o
    0x080038b6   0x080038b6   0x0000009a   Code   RO         6229    i.HAL_TIMEx_MasterConfigSynchronization  stm32f4xx_hal_tim_ex.o
    0x08003950   0x08003950   0x0000005c   Code   RO         5495    i.HAL_TIM_Base_Init  stm32f4xx_hal_tim.o
    0x080039ac   0x080039ac   0x00000090   Code   RO          552    i.HAL_TIM_Base_MspInit  tim.o
    0x08003a3c   0x08003a3c   0x00000080   Code   RO         5498    i.HAL_TIM_Base_Start  stm32f4xx_hal_tim.o
    0x08003abc   0x08003abc   0x0000008a   Code   RO         5500    i.HAL_TIM_Base_Start_IT  stm32f4xx_hal_tim.o
    0x08003b46   0x08003b46   0x000000ea   Code   RO         5504    i.HAL_TIM_ConfigClockSource  stm32f4xx_hal_tim.o
    0x08003c30   0x08003c30   0x00000002   Code   RO         5529    i.HAL_TIM_IC_CaptureCallback  stm32f4xx_hal_tim.o
    0x08003c32   0x08003c32   0x00000174   Code   RO         5543    i.HAL_TIM_IRQHandler  stm32f4xx_hal_tim.o
    0x08003da6   0x08003da6   0x00000002   PAD
    0x08003da8   0x08003da8   0x00000138   Code   RO          553    i.HAL_TIM_MspPostInit  tim.o
    0x08003ee0   0x08003ee0   0x00000002   Code   RO         5546    i.HAL_TIM_OC_DelayElapsedCallback  stm32f4xx_hal_tim.o
    0x08003ee2   0x08003ee2   0x000000d8   Code   RO         5567    i.HAL_TIM_PWM_ConfigChannel  stm32f4xx_hal_tim.o
    0x08003fba   0x08003fba   0x0000005c   Code   RO         5570    i.HAL_TIM_PWM_Init  stm32f4xx_hal_tim.o
    0x08004016   0x08004016   0x00000002   Code   RO         5572    i.HAL_TIM_PWM_MspInit  stm32f4xx_hal_tim.o
    0x08004018   0x08004018   0x00000002   Code   RO         5573    i.HAL_TIM_PWM_PulseFinishedCallback  stm32f4xx_hal_tim.o
    0x0800401a   0x0800401a   0x00000002   PAD
    0x0800401c   0x0800401c   0x000000dc   Code   RO         5575    i.HAL_TIM_PWM_Start  stm32f4xx_hal_tim.o
    0x080040f8   0x080040f8   0x00000014   Code   RO           14    i.HAL_TIM_PeriodElapsedCallback  main.o
    0x0800410c   0x0800410c   0x00000002   Code   RO         5586    i.HAL_TIM_TriggerCallback  stm32f4xx_hal_tim.o
    0x0800410e   0x0800410e   0x00000002   Code   RO         6488    i.HAL_UARTEx_RxEventCallback  stm32f4xx_hal_uart.o
    0x08004110   0x08004110   0x00000002   Code   RO         6502    i.HAL_UART_ErrorCallback  stm32f4xx_hal_uart.o
    0x08004112   0x08004112   0x00000002   PAD
    0x08004114   0x08004114   0x00000260   Code   RO         6505    i.HAL_UART_IRQHandler  stm32f4xx_hal_uart.o
    0x08004374   0x08004374   0x00000064   Code   RO         6506    i.HAL_UART_Init     stm32f4xx_hal_uart.o
    0x080043d8   0x080043d8   0x00000290   Code   RO          624    i.HAL_UART_MspInit  usart.o
    0x08004668   0x08004668   0x00000002   Code   RO         6512    i.HAL_UART_RxCpltCallback  stm32f4xx_hal_uart.o
    0x0800466a   0x0800466a   0x00000002   PAD
    0x0800466c   0x0800466c   0x000000a0   Code   RO         6515    i.HAL_UART_Transmit_DMA  stm32f4xx_hal_uart.o
    0x0800470c   0x0800470c   0x00000002   Code   RO         6517    i.HAL_UART_TxCpltCallback  stm32f4xx_hal_uart.o
    0x0800470e   0x0800470e   0x00000002   Code   RO         6518    i.HAL_UART_TxHalfCpltCallback  stm32f4xx_hal_uart.o
    0x08004710   0x08004710   0x00000002   Code   RO          691    i.HardFault_Handler  stm32f4xx_it.o
    0x08004712   0x08004712   0x00000032   Code   RO         4735    i.I2C_IsAcknowledgeFailed  stm32f4xx_hal_i2c.o
    0x08004744   0x08004744   0x00000154   Code   RO         4746    i.I2C_RequestMemoryRead  stm32f4xx_hal_i2c.o
    0x08004898   0x08004898   0x000000d0   Code   RO         4747    i.I2C_RequestMemoryWrite  stm32f4xx_hal_i2c.o
    0x08004968   0x08004968   0x0000005c   Code   RO         4755    i.I2C_WaitOnBTFFlagUntilTimeout  stm32f4xx_hal_i2c.o
    0x080049c4   0x080049c4   0x000000b4   Code   RO         4756    i.I2C_WaitOnFlagUntilTimeout  stm32f4xx_hal_i2c.o
    0x08004a78   0x08004a78   0x000000ce   Code   RO         4757    i.I2C_WaitOnMasterAddressFlagUntilTimeout  stm32f4xx_hal_i2c.o
    0x08004b46   0x08004b46   0x0000007c   Code   RO         4758    i.I2C_WaitOnRXNEFlagUntilTimeout  stm32f4xx_hal_i2c.o
    0x08004bc2   0x08004bc2   0x0000005c   Code   RO         4761    i.I2C_WaitOnTXEFlagUntilTimeout  stm32f4xx_hal_i2c.o
    0x08004c1e   0x08004c1e   0x00000002   PAD
    0x08004c20   0x08004c20   0x00000290   Code   RO         1297    i.INS_task          ins_task.o
    0x08004eb0   0x08004eb0   0x00000048   Code   RO          396    i.MX_CAN1_Init      can.o
    0x08004ef8   0x08004ef8   0x00000048   Code   RO          397    i.MX_CAN2_Init      can.o
    0x08004f40   0x08004f40   0x0000009c   Code   RO          443    i.MX_DMA_Init       dma.o
    0x08004fdc   0x08004fdc   0x000000c0   Code   RO          282    i.MX_FREERTOS_Init  freertos.o
    0x0800509c   0x0800509c   0x0000017c   Code   RO          257    i.MX_GPIO_Init      gpio.o
    0x08005218   0x08005218   0x00000040   Code   RO          469    i.MX_I2C3_Init      i2c.o
    0x08005258   0x08005258   0x00000048   Code   RO          511    i.MX_SPI1_Init      spi.o
    0x080052a0   0x080052a0   0x00000064   Code   RO          554    i.MX_TIM10_Init     tim.o
    0x08005304   0x08005304   0x00000100   Code   RO          555    i.MX_TIM1_Init      tim.o
    0x08005404   0x08005404   0x00000098   Code   RO          556    i.MX_TIM3_Init      tim.o
    0x0800549c   0x0800549c   0x00000098   Code   RO          557    i.MX_TIM4_Init      tim.o
    0x08005534   0x08005534   0x000000f8   Code   RO          558    i.MX_TIM8_Init      tim.o
    0x0800562c   0x0800562c   0x00000038   Code   RO          625    i.MX_USART1_UART_Init  usart.o
    0x08005664   0x08005664   0x0000003c   Code   RO          626    i.MX_USART3_UART_Init  usart.o
    0x080056a0   0x080056a0   0x00000038   Code   RO          627    i.MX_USART6_UART_Init  usart.o
    0x080056d8   0x080056d8   0x00000002   Code   RO          692    i.MemManage_Handler  stm32f4xx_it.o
    0x080056da   0x080056da   0x00000002   Code   RO          693    i.NMI_Handler       stm32f4xx_it.o
    0x080056dc   0x080056dc   0x0000003c   Code   RO         3213    i.NUC_Data_Unpack   nmanifold_usart_task.o
    0x08005718   0x08005718   0x00000108   Code   RO         3214    i.NUC_Usart_Tx      nmanifold_usart_task.o
    0x08005820   0x08005820   0x00000128   Code   RO         2646    i.PID_calc          pid.o
    0x08005948   0x08005948   0x0000005c   Code   RO         2648    i.PID_init          pid.o
    0x080059a4   0x080059a4   0x00000016   Code   RO         1621    i.PWM_init          bsp_pwm.o
    0x080059ba   0x080059ba   0x00000002   PAD
    0x080059bc   0x080059bc   0x00000030   Code   RO         1948    i.Pitch_Motor_Control  pitch_motor.o
    0x080059ec   0x080059ec   0x000000a0   Code   RO         1949    i.Pitch_Motor_Control_in_Autoaim_Mode  pitch_motor.o
    0x08005a8c   0x08005a8c   0x000002f8   Code   RO         1950    i.Pitch_Motor_Control_in_RC_Mode  pitch_motor.o
    0x08005d84   0x08005d84   0x00000060   Code   RO         1593    i.RC_init           bsp_rc.o
    0x08005de4   0x08005de4   0x00001274   Code   RO         1660    i.SPI1_DMA_enable   bsp_spi.o
    0x08007058   0x08007058   0x000000f0   Code   RO         1661    i.SPI1_DMA_init     bsp_spi.o
    0x08007148   0x08007148   0x00000064   Code   RO         5220    i.SPI_EndRxTxTransaction  stm32f4xx_hal_spi.o
    0x080071ac   0x080071ac   0x000000d8   Code   RO         5225    i.SPI_WaitFlagStateUntilTimeout  stm32f4xx_hal_spi.o
    0x08007284   0x08007284   0x0000002c   Code   RO         8299    i.SysTick_Handler   port.o
    0x080072b0   0x080072b0   0x00000084   Code   RO           15    i.SystemClock_Config  main.o
    0x08007334   0x08007334   0x0000001c   Code   RO          889    i.SystemInit        system_stm32f4xx.o
    0x08007350   0x08007350   0x0000000c   Code   RO          694    i.TIM6_DAC_IRQHandler  stm32f4xx_it.o
    0x0800735c   0x0800735c   0x000000cc   Code   RO         5588    i.TIM_Base_SetConfig  stm32f4xx_hal_tim.o
    0x08007428   0x08007428   0x0000001e   Code   RO         5589    i.TIM_CCxChannelCmd  stm32f4xx_hal_tim.o
    0x08007446   0x08007446   0x00000016   Code   RO         5599    i.TIM_ETR_SetConfig  stm32f4xx_hal_tim.o
    0x0800745c   0x0800745c   0x00000010   Code   RO         5600    i.TIM_ITRx_SetConfig  stm32f4xx_hal_tim.o
    0x0800746c   0x0800746c   0x00000070   Code   RO         5601    i.TIM_OC1_SetConfig  stm32f4xx_hal_tim.o
    0x080074dc   0x080074dc   0x00000078   Code   RO         5602    i.TIM_OC2_SetConfig  stm32f4xx_hal_tim.o
    0x08007554   0x08007554   0x00000078   Code   RO         5603    i.TIM_OC3_SetConfig  stm32f4xx_hal_tim.o
    0x080075cc   0x080075cc   0x00000058   Code   RO         5604    i.TIM_OC4_SetConfig  stm32f4xx_hal_tim.o
    0x08007624   0x08007624   0x00000026   Code   RO         5606    i.TIM_TI1_ConfigInputStage  stm32f4xx_hal_tim.o
    0x0800764a   0x0800764a   0x00000024   Code   RO         5608    i.TIM_TI2_ConfigInputStage  stm32f4xx_hal_tim.o
    0x0800766e   0x0800766e   0x00000010   Code   RO         6519    i.UART_DMAAbortOnError  stm32f4xx_hal_uart.o
    0x0800767e   0x0800767e   0x0000004a   Code   RO         6520    i.UART_DMAError     stm32f4xx_hal_uart.o
    0x080076c8   0x080076c8   0x00000044   Code   RO         6525    i.UART_DMATransmitCplt  stm32f4xx_hal_uart.o
    0x0800770c   0x0800770c   0x0000000a   Code   RO         6527    i.UART_DMATxHalfCplt  stm32f4xx_hal_uart.o
    0x08007716   0x08007716   0x0000004e   Code   RO         6529    i.UART_EndRxTransfer  stm32f4xx_hal_uart.o
    0x08007764   0x08007764   0x0000001a   Code   RO         6530    i.UART_EndTransmit_IT  stm32f4xx_hal_uart.o
    0x0800777e   0x0800777e   0x0000001c   Code   RO         6531    i.UART_EndTxTransfer  stm32f4xx_hal_uart.o
    0x0800779a   0x0800779a   0x000000c8   Code   RO         6532    i.UART_Receive_IT   stm32f4xx_hal_uart.o
    0x08007862   0x08007862   0x00000002   PAD
    0x08007864   0x08007864   0x000000fc   Code   RO         6533    i.UART_SetConfig    stm32f4xx_hal_uart.o
    0x08007960   0x08007960   0x0000005e   Code   RO         6536    i.UART_Transmit_IT  stm32f4xx_hal_uart.o
    0x080079be   0x080079be   0x00000002   PAD
    0x080079c0   0x080079c0   0x00000014   Code   RO          695    i.USART1_IRQHandler  stm32f4xx_it.o
    0x080079d4   0x080079d4   0x00000088   Code   RO         3215    i.USART1_IRQHandler_1  nmanifold_usart_task.o
    0x08007a5c   0x08007a5c   0x000000b4   Code   RO         3121    i.USART3_IRQHandler  remote_control.o
    0x08007b10   0x08007b10   0x0000000c   Code   RO          696    i.USART6_IRQHandler  stm32f4xx_it.o
    0x08007b1c   0x08007b1c   0x00000002   Code   RO          697    i.UsageFault_Handler  stm32f4xx_it.o
    0x08007b1e   0x08007b1e   0x00000002   PAD
    0x08007b20   0x08007b20   0x00000050   Code   RO         2148    i.Yaw_Motor_Control  yaw_motor.o
    0x08007b70   0x08007b70   0x0000009c   Code   RO         2149    i.Yaw_Motor_Control_in_Autoaim_Mode  yaw_motor.o
    0x08007c0c   0x08007c0c   0x00000150   Code   RO         2151    i.Yaw_Motor_Control_in_RC_Mode  yaw_motor.o
    0x08007d5c   0x08007d5c   0x00000026   Code   RO         8707    i.__ARM_fpclassifyf  m_wm.l(fpclassifyf.o)
    0x08007d82   0x08007d82   0x00000002   PAD
    0x08007d84   0x08007d84   0x0000012c   Code   RO         8630    i.__hardfp_asinf    m_wm.l(asinf.o)
    0x08007eb0   0x08007eb0   0x00000250   Code   RO         8642    i.__hardfp_atan2f   m_wm.l(atan2f.o)
    0x08008100   0x08008100   0x0000003a   Code   RO         8666    i.__hardfp_sqrtf    m_wm.l(sqrtf_full.o)
    0x0800813a   0x0800813a   0x00000006   Code   RO         8710    i.__mathlib_flt_infnan  m_wm.l(funder.o)
    0x08008140   0x08008140   0x00000006   Code   RO         8711    i.__mathlib_flt_infnan2  m_wm.l(funder.o)
    0x08008146   0x08008146   0x00000002   PAD
    0x08008148   0x08008148   0x00000010   Code   RO         8712    i.__mathlib_flt_invalid  m_wm.l(funder.o)
    0x08008158   0x08008158   0x00000010   Code   RO         8715    i.__mathlib_flt_underflow  m_wm.l(funder.o)
    0x08008168   0x08008168   0x0000000e   Code   RO         8762    i.__scatterload_copy  mc_w.l(handlers.o)
    0x08008176   0x08008176   0x00000002   Code   RO         8763    i.__scatterload_null  mc_w.l(handlers.o)
    0x08008178   0x08008178   0x0000000e   Code   RO         8764    i.__scatterload_zeroinit  mc_w.l(handlers.o)
    0x08008186   0x08008186   0x00000002   PAD
    0x08008188   0x08008188   0x0000000c   Code   RO         8746    i.__set_errno       mc_w.l(errno.o)
    0x08008194   0x08008194   0x000001d0   Code   RO         8452    i.accel_comple_filter  AHRS.lib(ahrs.o)
    0x08008364   0x08008364   0x0000018c   Code   RO         8453    i.accel_update_kp_ki  AHRS.lib(ahrs.o)
    0x080084f0   0x080084f0   0x0000006c   Code   RO         2243    i.aim_motor_init    aim_motor.o
    0x0800855c   0x0800855c   0x0000016c   Code   RO         8454    i.angle_to_quat     AHRS.lib(ahrs.o)
    0x080086c8   0x080086c8   0x00000128   Code   RO         2296    i.bmi088_accel_init  bmi088driver.o
    0x080087f0   0x080087f0   0x000002c0   Code   RO         2297    i.bmi088_accel_self_test  bmi088driver.o
    0x08008ab0   0x08008ab0   0x000000dc   Code   RO         2298    i.bmi088_gyro_init  bmi088driver.o
    0x08008b8c   0x08008b8c   0x000000ca   Code   RO         2299    i.bmi088_gyro_self_test  bmi088driver.o
    0x08008c56   0x08008c56   0x00000002   PAD
    0x08008c58   0x08008c58   0x00000068   Code   RO         2244    i.calculate_aim_motor_current_with_target_total_angle  aim_motor.o
    0x08008cc0   0x08008cc0   0x00000034   Code   RO         2245    i.calculate_aim_motor_current_with_target_total_speed  aim_motor.o
    0x08008cf4   0x08008cf4   0x00000034   Code   RO         1902    i.calculate_down_dial_motor_current_with_target_speed  dial_motor.o
    0x08008d28   0x08008d28   0x0000006c   Code   RO         1903    i.calculate_down_dial_motor_current_with_target_total_angle  dial_motor.o
    0x08008d94   0x08008d94   0x00000056   Code   RO         1815    i.calculate_motor3508_total_angle  motor_can.o
    0x08008dea   0x08008dea   0x00000002   PAD
    0x08008dec   0x08008dec   0x00000040   Code   RO         1951    i.calculate_pitch_motor_current_or_torque_with_autoaim_target_INS_angle  pitch_motor.o
    0x08008e2c   0x08008e2c   0x00000040   Code   RO         1952    i.calculate_pitch_motor_current_or_torque_with_target_INS_angle  pitch_motor.o
    0x08008e6c   0x08008e6c   0x0000002c   Code   RO         1953    i.calculate_pitch_motor_current_or_torque_with_target_INS_speed  pitch_motor.o
    0x08008e98   0x08008e98   0x00000040   Code   RO         1954    i.calculate_pitch_motor_current_or_torque_with_target_mouse_INS_angle  pitch_motor.o
    0x08008ed8   0x08008ed8   0x0000002c   Code   RO         1955    i.calculate_pitch_motor_current_or_torque_with_target_mouse_INS_speed  pitch_motor.o
    0x08008f04   0x08008f04   0x00000034   Code   RO         1904    i.calculate_up_dial_motor_current_with_target_speed  dial_motor.o
    0x08008f38   0x08008f38   0x00000068   Code   RO         1905    i.calculate_up_dial_motor_current_with_target_total_angle  dial_motor.o
    0x08008fa0   0x08008fa0   0x00000040   Code   RO         2152    i.calculate_yaw_motor_current_with_autoaim_target_INS_angle  yaw_motor.o
    0x08008fe0   0x08008fe0   0x00000040   Code   RO         2154    i.calculate_yaw_motor_current_with_target_INS_angle  yaw_motor.o
    0x08009020   0x08009020   0x0000002c   Code   RO         2155    i.calculate_yaw_motor_current_with_target_INS_speed  yaw_motor.o
    0x0800904c   0x0800904c   0x00000058   Code   RO         1565    i.can_filter_init   bsp_can.o
    0x080090a4   0x080090a4   0x000001dc   Code   RO         1522    i.chassis_task      chassis_task.o
    0x08009280   0x08009280   0x00000088   Code   RO         1540    i.comm_task         comm_task.o
    0x08009308   0x08009308   0x00000028   Code   RO         1694    i.delay_init        bsp_delay.o
    0x08009330   0x08009330   0x00000034   Code   RO         1696    i.delay_us          bsp_delay.o
    0x08009364   0x08009364   0x000000d8   Code   RO         1906    i.dial_motor_init   dial_motor.o
    0x0800943c   0x0800943c   0x00000094   Code   RO          954    i.down_dial_rotate_until_locked_rotor  shoot_task.o
    0x080094d0   0x080094d0   0x00000064   Code   RO         1880    i.fric_motor_init   fric_motor.o
    0x08009534   0x08009534   0x00000068   Code   RO          956    i.fric_rotate_by_PWM  shoot_task.o
    0x0800959c   0x0800959c   0x000000e8   Code   RO         8455    i.get_angle         AHRS.lib(ahrs.o)
    0x08009684   0x08009684   0x0000001c   Code   RO         1816    i.get_motor3508_data  motor_can.o
    0x080096a0   0x080096a0   0x000002b0   Code   RO         1957    i.get_motor4310_data  pitch_motor.o
    0x08009950   0x08009950   0x0000001c   Code   RO         1817    i.get_motor6020_data  motor_can.o
    0x0800996c   0x0800996c   0x00000078   Code   RO         1218    i.gimbal_task       gimbal_task.o
    0x080099e4   0x080099e4   0x000000dc   Code   RO         1304    i.imu_cali_slove    ins_task.o
    0x08009ac0   0x08009ac0   0x000000fc   Code   RO         1305    i.imu_cmd_spi_dma   ins_task.o
    0x08009bbc   0x08009bbc   0x0000000c   Code   RO         1622    i.imu_pwm_init      bsp_pwm.o
    0x08009bc8   0x08009bc8   0x0000000c   Code   RO         1623    i.imu_pwm_set       bsp_pwm.o
    0x08009bd4   0x08009bd4   0x0000007c   Code   RO         1306    i.imu_temp_control  ins_task.o
    0x08009c50   0x08009c50   0x00000002   Code   RO         2454    i.ist8310_GPIO_init  ist8310driver_middleware.o
    0x08009c52   0x08009c52   0x00000002   PAD
    0x08009c54   0x08009c54   0x00000024   Code   RO         2456    i.ist8310_IIC_read_single_reg  ist8310driver_middleware.o
    0x08009c78   0x08009c78   0x00000024   Code   RO         2458    i.ist8310_IIC_write_single_reg  ist8310driver_middleware.o
    0x08009c9c   0x08009c9c   0x00000010   Code   RO         2459    i.ist8310_RST_H     ist8310driver_middleware.o
    0x08009cac   0x08009cac   0x00000010   Code   RO         2460    i.ist8310_RST_L     ist8310driver_middleware.o
    0x08009cbc   0x08009cbc   0x00000002   Code   RO         2461    i.ist8310_com_init  ist8310driver_middleware.o
    0x08009cbe   0x08009cbe   0x00000004   Code   RO         2462    i.ist8310_delay_ms  ist8310driver_middleware.o
    0x08009cc2   0x08009cc2   0x00000002   PAD
    0x08009cc4   0x08009cc4   0x00000080   Code   RO         2419    i.ist8310_init      ist8310driver.o
    0x08009d44   0x08009d44   0x0000002c   Code   RO          957    i.locked_rotor_detect  shoot_task.o
    0x08009d70   0x08009d70   0x000000b0   Code   RO           16    i.main              main.o
    0x08009e20   0x08009e20   0x0000000c   Code   RO         7864    i.makeFreeRtosPriority  cmsis_os.o
    0x08009e2c   0x08009e2c   0x0000008c   Code   RO         3216    i.manifold_usart_task  nmanifold_usart_task.o
    0x08009eb8   0x08009eb8   0x00000010   Code   RO         7866    i.osDelay           cmsis_os.o
    0x08009ec8   0x08009ec8   0x0000000a   Code   RO         7869    i.osKernelStart     cmsis_os.o
    0x08009ed2   0x08009ed2   0x0000005c   Code   RO         7903    i.osThreadCreate    cmsis_os.o
    0x08009f2e   0x08009f2e   0x00000002   PAD
    0x08009f30   0x08009f30   0x00000024   Code   RO         7331    i.pcTaskGetName     tasks.o
    0x08009f54   0x08009f54   0x00000130   Code   RO         1959    i.pitch_motor_init  pitch_motor.o
    0x0800a084   0x0800a084   0x00000080   Code   RO         7332    i.prvAddCurrentTaskToDelayedList  tasks.o
    0x0800a104   0x0800a104   0x00000088   Code   RO         7333    i.prvAddNewTaskToReadyList  tasks.o
    0x0800a18c   0x0800a18c   0x0000005c   Code   RO         7696    i.prvCheckForValidListAndQueue  timers.o
    0x0800a1e8   0x0800a1e8   0x00000040   Code   RO         7334    i.prvCheckTasksWaitingTermination  tasks.o
    0x0800a228   0x0800a228   0x00000024   Code   RO         6985    i.prvCopyDataFromQueue  queue.o
    0x0800a24c   0x0800a24c   0x0000006e   Code   RO         6986    i.prvCopyDataToQueue  queue.o
    0x0800a2ba   0x0800a2ba   0x00000040   Code   RO         7335    i.prvDeleteTCB      tasks.o
    0x0800a2fa   0x0800a2fa   0x00000002   PAD
    0x0800a2fc   0x0800a2fc   0x00000024   Code   RO         7697    i.prvGetNextExpireTime  timers.o
    0x0800a320   0x0800a320   0x00000050   Code   RO         8243    i.prvHeapInit       heap_4.o
    0x0800a370   0x0800a370   0x00000028   Code   RO         7336    i.prvIdleTask       tasks.o
    0x0800a398   0x0800a398   0x00000018   Code   RO         6989    i.prvInitialiseNewQueue  queue.o
    0x0800a3b0   0x0800a3b0   0x00000098   Code   RO         7337    i.prvInitialiseNewTask  tasks.o
    0x0800a448   0x0800a448   0x00000060   Code   RO         7338    i.prvInitialiseTaskLists  tasks.o
    0x0800a4a8   0x0800a4a8   0x0000005c   Code   RO         8244    i.prvInsertBlockIntoFreeList  heap_4.o
    0x0800a504   0x0800a504   0x00000048   Code   RO         7699    i.prvInsertTimerInActiveList  timers.o
    0x0800a54c   0x0800a54c   0x0000001a   Code   RO         6990    i.prvIsQueueEmpty   queue.o
    0x0800a566   0x0800a566   0x0000001e   Code   RO         6991    i.prvIsQueueFull    queue.o
    0x0800a584   0x0800a584   0x00000068   Code   RO         7700    i.prvProcessExpiredTimer  timers.o
    0x0800a5ec   0x0800a5ec   0x00000110   Code   RO         7701    i.prvProcessReceivedCommands  timers.o
    0x0800a6fc   0x0800a6fc   0x0000006c   Code   RO         7702    i.prvProcessTimerOrBlockTask  timers.o
    0x0800a768   0x0800a768   0x00000024   Code   RO         7339    i.prvResetNextTaskUnblockTime  tasks.o
    0x0800a78c   0x0800a78c   0x0000002c   Code   RO         7703    i.prvSampleTimeNow  timers.o
    0x0800a7b8   0x0800a7b8   0x0000006e   Code   RO         7340    i.prvSearchForNameWithinSingleList  tasks.o
    0x0800a826   0x0800a826   0x00000002   PAD
    0x0800a828   0x0800a828   0x00000078   Code   RO         7704    i.prvSwitchTimerLists  timers.o
    0x0800a8a0   0x0800a8a0   0x00000030   Code   RO         8300    i.prvTaskExitError  port.o
    0x0800a8d0   0x0800a8d0   0x00000014   Code   RO         7705    i.prvTimerTask      timers.o
    0x0800a8e4   0x0800a8e4   0x00000068   Code   RO         6992    i.prvUnlockQueue    queue.o
    0x0800a94c   0x0800a94c   0x000000e8   Code   RO         8245    i.pvPortMalloc      heap_4.o
    0x0800aa34   0x0800aa34   0x0000002c   Code   RO         8301    i.pxPortInitialiseStack  port.o
    0x0800aa60   0x0800aa60   0x00000084   Code   RO         8460    i.quat_normalization  AHRS.lib(ahrs.o)
    0x0800aae4   0x0800aae4   0x00000008   Code   RO          926    i.rabbit_task       rabbit_task.o
    0x0800aaec   0x0800aaec   0x00000010   Code   RO         3122    i.remote_control_init  remote_control.o
    0x0800aafc   0x0800aafc   0x000000b4   Code   RO         3123    i.sbus_to_rc        remote_control.o
    0x0800abb0   0x0800abb0   0x0000003c   Code   RO         3167    i.send_UI_data_for_Chassis_by_CAN1  can_transmit.o
    0x0800abec   0x0800abec   0x0000002c   Code   RO         3168    i.send_UI_pitch_data_for_Chassis_by_CAN1  can_transmit.o
    0x0800ac18   0x0800ac18   0x0000004c   Code   RO         3169    i.send_chassis_target_speed_by_CAN1  can_transmit.o
    0x0800ac64   0x0800ac64   0x00000018   Code   RO         2758    i.send_data_to_vofa4  vofa.o
    0x0800ac7c   0x0800ac7c   0x00000050   Code   RO         1818    i.send_motor_3508_or_2006_current_through_CAN1  motor_can.o
    0x0800accc   0x0800accc   0x00000050   Code   RO         1819    i.send_motor_3508current_or_6020voltage_through_CAN1  motor_can.o
    0x0800ad1c   0x0800ad1c   0x00000050   Code   RO         1820    i.send_motor_3508current_through_CAN2  motor_can.o
    0x0800ad6c   0x0800ad6c   0x0000001c   Code   RO         2607    i.servo_init        servo.o
    0x0800ad88   0x0800ad88   0x00000060   Code   RO         1966    i.set_motor4310_cur_tor  pitch_motor.o
    0x0800ade8   0x0800ade8   0x00000198   Code   RO          958    i.shoot_task        shoot_task.o
    0x0800af80   0x0800af80   0x0000003e   Code   RO         8668    i.sqrtf             m_wm.l(sqrtf_full.o)
    0x0800afbe   0x0800afbe   0x00000028   Code   RO         1973    i.uint_to_float     pitch_motor.o
    0x0800afe6   0x0800afe6   0x00000002   PAD
    0x0800afe8   0x0800afe8   0x00000068   Code   RO         7344    i.ulTaskNotifyTake  tasks.o
    0x0800b050   0x0800b050   0x0000006c   Code   RO          959    i.up_dial_reset     shoot_task.o
    0x0800b0bc   0x0800b0bc   0x00000058   Code   RO          960    i.up_dial_reset_and_Reset_Direction_locked_rotor_detect  shoot_task.o
    0x0800b114   0x0800b114   0x00000090   Code   RO          961    i.up_dial_rotate_certain_angle  shoot_task.o
    0x0800b1a4   0x0800b1a4   0x0000007a   Code   RO         8461    i.update_w          AHRS.lib(ahrs.o)
    0x0800b21e   0x0800b21e   0x00000002   PAD
    0x0800b220   0x0800b220   0x000000b8   Code   RO         1735    i.usart1_init       bsp_usart.o
    0x0800b2d8   0x0800b2d8   0x00000026   Code   RO         6945    i.uxListRemove      list.o
    0x0800b2fe   0x0800b2fe   0x00000002   PAD
    0x0800b300   0x0800b300   0x00000014   Code   RO          288    i.vApplicationGetIdleTaskMemory  freertos.o
    0x0800b314   0x0800b314   0x00000018   Code   RO          289    i.vApplicationGetTimerTaskMemory  freertos.o
    0x0800b32c   0x0800b32c   0x00000016   Code   RO         6946    i.vListInitialise   list.o
    0x0800b342   0x0800b342   0x00000006   Code   RO         6947    i.vListInitialiseItem  list.o
    0x0800b348   0x0800b348   0x00000036   Code   RO         6948    i.vListInsert       list.o
    0x0800b37e   0x0800b37e   0x00000018   Code   RO         6949    i.vListInsertEnd    list.o
    0x0800b396   0x0800b396   0x00000002   PAD
    0x0800b398   0x0800b398   0x00000040   Code   RO         8303    i.vPortEnterCritical  port.o
    0x0800b3d8   0x0800b3d8   0x0000002c   Code   RO         8304    i.vPortExitCritical  port.o
    0x0800b404   0x0800b404   0x00000064   Code   RO         8246    i.vPortFree         heap_4.o
    0x0800b468   0x0800b468   0x00000024   Code   RO         8305    i.vPortSetupTimerInterrupt  port.o
    0x0800b48c   0x0800b48c   0x00000054   Code   RO         8306    i.vPortValidateInterruptPriority  port.o
    0x0800b4e0   0x0800b4e0   0x00000028   Code   RO         6996    i.vQueueAddToRegistry  queue.o
    0x0800b508   0x0800b508   0x0000004a   Code   RO         6999    i.vQueueWaitForMessageRestricted  queue.o
    0x0800b552   0x0800b552   0x00000002   PAD
    0x0800b554   0x0800b554   0x00000050   Code   RO         7351    i.vTaskDelay        tasks.o
    0x0800b5a4   0x0800b5a4   0x00000010   Code   RO         7355    i.vTaskInternalSetTimeOutState  tasks.o
    0x0800b5b4   0x0800b5b4   0x0000000c   Code   RO         7356    i.vTaskMissedYield  tasks.o
    0x0800b5c0   0x0800b5c0   0x000000bc   Code   RO         7357    i.vTaskNotifyGiveFromISR  tasks.o
    0x0800b67c   0x0800b67c   0x00000034   Code   RO         7358    i.vTaskPlaceOnEventList  tasks.o
    0x0800b6b0   0x0800b6b0   0x0000003c   Code   RO         7359    i.vTaskPlaceOnEventListRestricted  tasks.o
    0x0800b6ec   0x0800b6ec   0x00000090   Code   RO         7366    i.vTaskStartScheduler  tasks.o
    0x0800b77c   0x0800b77c   0x00000010   Code   RO         7368    i.vTaskSuspendAll   tasks.o
    0x0800b78c   0x0800b78c   0x00000060   Code   RO         7369    i.vTaskSwitchContext  tasks.o
    0x0800b7ec   0x0800b7ec   0x00000104   Code   RO         8307    i.xPortStartScheduler  port.o
    0x0800b8f0   0x0800b8f0   0x00000070   Code   RO         7003    i.xQueueGenericCreateStatic  queue.o
    0x0800b960   0x0800b960   0x00000090   Code   RO         7004    i.xQueueGenericReset  queue.o
    0x0800b9f0   0x0800b9f0   0x00000170   Code   RO         7005    i.xQueueGenericSend  queue.o
    0x0800bb60   0x0800bb60   0x000000be   Code   RO         7006    i.xQueueGenericSendFromISR  queue.o
    0x0800bc1e   0x0800bc1e   0x00000002   PAD
    0x0800bc20   0x0800bc20   0x00000148   Code   RO         7014    i.xQueueReceive     queue.o
    0x0800bd68   0x0800bd68   0x00000098   Code   RO         7372    i.xTaskCheckForTimeOut  tasks.o
    0x0800be00   0x0800be00   0x0000006c   Code   RO         7373    i.xTaskCreate       tasks.o
    0x0800be6c   0x0800be6c   0x00000060   Code   RO         7374    i.xTaskCreateStatic  tasks.o
    0x0800becc   0x0800becc   0x0000008c   Code   RO         7378    i.xTaskGetHandle    tasks.o
    0x0800bf58   0x0800bf58   0x0000001c   Code   RO         7379    i.xTaskGetSchedulerState  tasks.o
    0x0800bf74   0x0800bf74   0x0000000c   Code   RO         7380    i.xTaskGetTickCount  tasks.o
    0x0800bf80   0x0800bf80   0x000000d4   Code   RO         7382    i.xTaskIncrementTick  tasks.o
    0x0800c054   0x0800c054   0x0000009c   Code   RO         7385    i.xTaskPriorityDisinherit  tasks.o
    0x0800c0f0   0x0800c0f0   0x00000078   Code   RO         7387    i.xTaskRemoveFromEventList  tasks.o
    0x0800c168   0x0800c168   0x000000cc   Code   RO         7388    i.xTaskResumeAll    tasks.o
    0x0800c234   0x0800c234   0x00000068   Code   RO         7712    i.xTimerCreateTimerTask  timers.o
    0x0800c29c   0x0800c29c   0x00000074   Code   RO         7713    i.xTimerGenericCommand  timers.o
    0x0800c310   0x0800c310   0x00000164   Code   RO         2159    i.yaw_motor_init    yaw_motor.o
    0x0800c474   0x0800c474   0x000000a8   Data   RO          291    .constdata          freertos.o
    0x0800c51c   0x0800c51c   0x00000010   Data   RO          890    .constdata          system_stm32f4xx.o
    0x0800c52c   0x0800c52c   0x00000008   Data   RO          891    .constdata          system_stm32f4xx.o
    0x0800c534   0x0800c534   0x0000000c   Data   RO         1311    .constdata          ins_task.o
    0x0800c540   0x0800c540   0x00000012   Data   RO         2304    .constdata          bmi088driver.o
    0x0800c552   0x0800c552   0x0000000c   Data   RO         2422    .constdata          ist8310driver.o
    0x0800c55e   0x0800c55e   0x00000100   Data   RO         3218    .constdata          nmanifold_usart_task.o
    0x0800c65e   0x0800c65e   0x00000008   Data   RO         4028    .constdata          stm32f4xx_hal_dma.o
    0x0800c666   0x0800c666   0x00000002   PAD
    0x0800c668   0x0800c668   0x0000000c   Data   RO         8462    .constdata          AHRS.lib(ahrs.o)
    0x0800c674   0x0800c674   0x00000804   Data   RO         8595    .constdata          arm_cortexM4lf_math.lib(arm_common_tables.o)
    0x0800ce78   0x0800ce78   0x0000004b   Data   RO          292    .conststring        freertos.o
    0x0800cec3   0x0800cec3   0x00000001   PAD
    0x0800cec4   0x0800cec4   0x00000020   Data   RO         8760    Region$$Table       anon$$obj.o


    Execution Region RW_IRAM1 (Exec base: 0x20000000, Load base: 0x0800cee4, Size: 0x000084d8, Max: 0x00020000, ABSOLUTE, COMPRESSED[0x00000164])

    Exec Addr    Load Addr    Size         Type   Attr      Idx    E Section Name        Object

    0x20000000   COMPRESSED   0x00000018   Data   RW          293    .data               freertos.o
    0x20000018   COMPRESSED   0x00000004   Data   RW          399    .data               can.o
    0x2000001c   COMPRESSED   0x00000004   Data   RW          892    .data               system_stm32f4xx.o
    0x20000020   COMPRESSED   0x00000050   Data   RW          965    .data               shoot_task.o
    0x20000070   COMPRESSED   0x00000004   Data   RW         1219    .data               gimbal_task.o
    0x20000074   COMPRESSED   0x000000a4   Data   RW         1313    .data               ins_task.o
    0x20000118   COMPRESSED   0x00000020   Data   RW         1523    .data               chassis_task.o
    0x20000138   COMPRESSED   0x00000008   Data   RW         1697    .data               bsp_delay.o
    0x20000140   COMPRESSED   0x00000014   Data   RW         1882    .data               fric_motor.o
    0x20000154   COMPRESSED   0x00000050   Data   RW         1908    .data               dial_motor.o
    0x200001a4   COMPRESSED   0x000000c8   Data   RW         1976    .data               pitch_motor.o
    0x2000026c   COMPRESSED   0x000000cc   Data   RW         2161    .data               yaw_motor.o
    0x20000338   COMPRESSED   0x00000040   Data   RW         2247    .data               aim_motor.o
    0x20000378   COMPRESSED   0x0000002c   Data   RW         2305    .data               bmi088driver.o
    0x200003a4   COMPRESSED   0x00000020   Data   RW         2759    .data               vofa.o
    0x200003c4   COMPRESSED   0x00000008   Data   RW         3078    .data               can_receive.o
    0x200003cc   COMPRESSED   0x00000002   Data   RW         3125    .data               remote_control.o
    0x200003ce   COMPRESSED   0x0000000f   Data   RW         3219    .data               nmanifold_usart_task.o
    0x200003dd   COMPRESSED   0x00000003   PAD
    0x200003e0   COMPRESSED   0x0000000c   Data   RW         4450    .data               stm32f4xx_hal.o
    0x200003ec   COMPRESSED   0x0000003c   Data   RW         7391    .data               tasks.o
    0x20000428   COMPRESSED   0x00000014   Data   RW         7721    .data               timers.o
    0x2000043c   COMPRESSED   0x00000020   Data   RW         8252    .data               heap_4.o
    0x2000045c   COMPRESSED   0x0000000c   Data   RW         8308    .data               port.o
    0x20000468   COMPRESSED   0x00000010   Data   RW         8463    .data               AHRS.lib(ahrs.o)
    0x20000478   COMPRESSED   0x00000004   Data   RW         8747    .data               mc_w.l(errno.o)
    0x2000047c        -       0x000006b0   Zero   RW          290    .bss                freertos.o
    0x20000b2c        -       0x00000050   Zero   RW          398    .bss                can.o
    0x20000b7c        -       0x00000054   Zero   RW          470    .bss                i2c.o
    0x20000bd0        -       0x00000118   Zero   RW          512    .bss                spi.o
    0x20000ce8        -       0x00000168   Zero   RW          559    .bss                tim.o
    0x20000e50        -       0x000002ac   Zero   RW          628    .bss                usart.o
    0x200010fc        -       0x00000048   Zero   RW          852    .bss                stm32f4xx_hal_timebase_tim.o
    0x20001144        -       0x00000031   Zero   RW          962    .bss                shoot_task.o
    0x20001175   COMPRESSED   0x00000003   PAD
    0x20001178        -       0x0000014c   Zero   RW         1308    .bss                ins_task.o
    0x200012c4   COMPRESSED   0x00000004   PAD
    0x200012c8        -       0x0000010c   Zero   RW         1881    .bss                fric_motor.o
    0x200013d4   COMPRESSED   0x00000004   PAD
    0x200013d8        -       0x000001c0   Zero   RW         1907    .bss                dial_motor.o
    0x20001598        -       0x00000438   Zero   RW         1974    .bss                pitch_motor.o
    0x200019d0        -       0x00000284   Zero   RW         2160    .bss                yaw_motor.o
    0x20001c54   COMPRESSED   0x00000004   PAD
    0x20001c58        -       0x000000f6   Zero   RW         2246    .bss                aim_motor.o
    0x20001d4e        -       0x0000001b   Zero   RW         3039    .bss                referee.o
    0x20001d69        -       0x00000010   Zero   RW         3040    .bss                referee.o
    0x20001d79        -       0x0000005e   Zero   RW         3124    .bss                remote_control.o
    0x20001dd7        -       0x000000bf   Zero   RW         3217    .bss                nmanifold_usart_task.o
    0x20001e96   COMPRESSED   0x00000002   PAD
    0x20001e98        -       0x00000040   Zero   RW         7017    .bss                queue.o
    0x20001ed8        -       0x000000f0   Zero   RW         7390    .bss                tasks.o
    0x20001fc8        -       0x00000110   Zero   RW         7720    .bss                timers.o
    0x200020d8        -       0x00006000   Zero   RW         8251    .bss                heap_4.o
    0x200080d8        -       0x00000400   Zero   RW            1    STACK               startup_stm32f407xx.o


==============================================================================

Image component sizes


      Code (inc. data)   RO Data    RW Data    ZI Data      Debug   Object Name

        70          6          0          0          0       5596   ahrs_middleware.o
       472         36          0         64        246       6600   aim_motor.o
      2158         32         18         44          0      11911   bmi088driver.o
       108         28          0          0          0       5200   bmi088middleware.o
        88          8          0          0          0        610   bsp_can.o
        92         18          0          8          0       1412   bsp_delay.o
        46          8          0          0          0       1932   bsp_pwm.o
        96         12          0          0          0       1070   bsp_rc.o
      4964         74          0          0          0       2466   bsp_spi.o
       184         24          0          0          0       1258   bsp_usart.o
       396         46          0          4         80       2646   can.o
       300         38          0          8          0       1916   can_receive.o
       180         14          0          0          0       2788   can_transmit.o
       476         58          0         32          0       1598   chassis_task.o
       130          0          0          0          0      23259   cmsis_os.o
       136         40          0          0          0       1212   comm_task.o
       532         26          0         80        448       6142   dial_motor.o
       156          4          0          0          0        918   dma.o
         0          0          0          0          0      19876   event_groups.o
       236         42        243         24       1712       8049   freertos.o
       100         14          0         20        268       1945   fric_motor.o
       120         28          0          4          0       1420   gimbal_task.o
       380         20          0          0          0       1283   gpio.o
       504         32          0         32      24576       5271   heap_4.o
       200         32          0          0         84       1853   i2c.o
      2084        158         12        164        332     648827   ins_task.o
       128          6         12          0          0       2203   ist8310driver.o
       112         22          0          0          0       4311   ist8310driver_middleware.o
       144          0          0          0          0       3826   list.o
       330         36          0          0          0     746644   main.o
       382         12          0          0          0       6282   motor_can.o
       632         60        256         15        191       6294   nmanifold_usart_task.o
       388          8          0          0          0       3122   pid.o
      2376        164          0        200       1080      18754   pitch_motor.o
       814         92          0         12          0      12473   port.o
      1586         24          0          0         64      18292   queue.o
         8          0          0          0          0        518   rabbit_task.o
         0          0          0          0         43      10362   referee.o
       376         28          0          2         94       4096   remote_control.o
        28          6          0          0          0        577   servo.o
      1044        120          0         80         49     595538   shoot_task.o
       328         32          0          0        280       2039   spi.o
        36          8        392          0       1024        876   startup_stm32f407xx.o
        80         14          0         12          0       8318   stm32f4xx_hal.o
      2004          6          0          0          0      15791   stm32f4xx_hal_can.o
       168         12          0          0          0      33006   stm32f4xx_hal_cortex.o
      1272         18          8          0          0       7870   stm32f4xx_hal_dma.o
       608         24          0          0          0       3886   stm32f4xx_hal_gpio.o
      2796         48          0          0          0      14126   stm32f4xx_hal_i2c.o
        56          4          0          0          0        918   stm32f4xx_hal_msp.o
      1782        112          0          0          0       7505   stm32f4xx_hal_rcc.o
      1010         14          0          0          0       5041   stm32f4xx_hal_spi.o
      2288         56          0          0          0      18569   stm32f4xx_hal_tim.o
       260          0          0          0          0       3649   stm32f4xx_hal_tim_ex.o
       152         20          0          0         72       1575   stm32f4xx_hal_timebase_tim.o
      1724         22          0          0          0      14590   stm32f4xx_hal_uart.o
       176         64          0          0          0      10593   stm32f4xx_it.o
        28          6         24          4          0       1251   system_stm32f4xx.o
      2858        238          0         60        240      34271   tasks.o
      1364        112          0          0        360       6146   tim.o
      1088         94          0         20        272      31579   timers.o
       828         80          0          0        684       3823   usart.o
        24          8          0         32          0       1385   vofa.o
      1100        136          0        204        644      11052   yaw_motor.o

    ----------------------------------------------------------------------
     44650       2504       1000       1128      32860    2438209   Object Totals
         0          0         32          0          0          0   (incl. Generated)
        64          0          3          3         17          0   (incl. Padding)

    ----------------------------------------------------------------------

      Code (inc. data)   RO Data    RW Data    ZI Data      Debug   Library Member Name

      2718         84         12         16          0       9922   ahrs.o
         0          0       2052          0          0       4704   arm_common_tables.o
       120         12          0          0          0      17170   arm_cos_f32.o
       148         18          0          0          0        814   arm_sin_f32.o
       300         42          0          0          0        176   asinf.o
       592         90          0          0          0        184   atan2f.o
        38          0          0          0          0        116   fpclassifyf.o
        44         12          0          0          0        464   funder.o
       120          0          0          0          0        272   sqrtf_full.o
        86          0          0          0          0          0   __dczerorl2.o
         0          0          0          0          0          0   entry.o
         0          0          0          0          0          0   entry10a.o
         0          0          0          0          0          0   entry11a.o
         8          4          0          0          0          0   entry2.o
         4          0          0          0          0          0   entry5.o
         0          0          0          0          0          0   entry7b.o
         0          0          0          0          0          0   entry8b.o
         8          4          0          0          0          0   entry9a.o
        12          6          0          4          0         68   errno.o
        30          0          0          0          0          0   handlers.o
        36          8          0          0          0         68   init.o
         0          0          0          0          0          0   iusefp.o
        30          0          0          0          0         68   llshl.o
        32          0          0          0          0         68   llushr.o
        36          0          0          0          0         68   memcpya.o
        36          0          0          0          0        108   memseta.o
        14          0          0          0          0         68   strlen.o
        98          0          0          0          0         92   uldiv.o
       186          0          0          0          0        176   depilogue.o
        62          0          0          0          0         80   dfixi.o
        34          0          0          0          0         76   dflti.o
       228          0          0          0          0         96   dmul.o
       110          0          0          0          0        168   fepilogue.o
        66          0          0          0          0         76   ffixl.o
        44          0          0          0          0         92   ffltl.o

    ----------------------------------------------------------------------
      5250        280       2064         20          0      35194   Library Totals
        10          0          0          0          0          0   (incl. Padding)

    ----------------------------------------------------------------------

      Code (inc. data)   RO Data    RW Data    ZI Data      Debug   Library Name

      2718         84         12         16          0       9922   AHRS.lib
       268         30       2052          0          0      22688   arm_cortexM4lf_math.lib
      1094        144          0          0          0       1212   m_wm.l
       430         22          0          4          0        608   mc_w.l
       730          0          0          0          0        764   mf_w.l

    ----------------------------------------------------------------------
      5250        280       2064         20          0      35194   Library Totals

    ----------------------------------------------------------------------

==============================================================================


      Code (inc. data)   RO Data    RW Data    ZI Data      Debug   

     49900       2784       3064       1148      32860    2438063   Grand Totals
     49900       2784       3064        356      32860    2438063   ELF Image Totals (compressed)
     49900       2784       3064        356          0          0   ROM Totals

==============================================================================

    Total RO  Size (Code + RO Data)                52964 (  51.72kB)
    Total RW  Size (RW Data + ZI Data)             34008 (  33.21kB)
    Total ROM Size (Code + RO Data + RW Data)      53320 (  52.07kB)

==============================================================================

